C:/Users/zebes/Blindsight_Projects/STM32Cube_FW_N6_V1.3.0/Middlewares/ST/STM32_ExtMem_Loader/STM32Cube/stm32_loader_api.c:463:17:CheckSum	16	static
C:/Users/zebes/Blindsight_Projects/STM32Cube_FW_N6_V1.3.0/Middlewares/ST/STM32_ExtMem_Loader/STM32Cube/stm32_loader_api.c:186:43:Reset_Handler	0	static,ignoring_inline_asm
C:/Users/zebes/Blindsight_Projects/STM32Cube_FW_N6_V1.3.0/Middlewares/ST/STM32_ExtMem_Loader/STM32Cube/stm32_loader_api.c:275:10:Init	8	static
C:/Users/zebes/Blindsight_Projects/STM32Cube_FW_N6_V1.3.0/Middlewares/ST/STM32_ExtMem_Loader/STM32Cube/stm32_loader_api.c:322:28:Write	16	static
C:/Users/zebes/Blindsight_Projects/STM32Cube_FW_N6_V1.3.0/Middlewares/ST/STM32_ExtMem_Loader/STM32Cube/stm32_loader_api.c:350:28:MassErase	8	static
C:/Users/zebes/Blindsight_Projects/STM32Cube_FW_N6_V1.3.0/Middlewares/ST/STM32_ExtMem_Loader/STM32Cube/stm32_loader_api.c:377:28:SectorErase	16	static
C:/Users/zebes/Blindsight_Projects/STM32Cube_FW_N6_V1.3.0/Middlewares/ST/STM32_ExtMem_Loader/STM32Cube/stm32_loader_api.c:220:5:main	8	static
C:/Users/zebes/Blindsight_Projects/STM32Cube_FW_N6_V1.3.0/Middlewares/ST/STM32_ExtMem_Loader/STM32Cube/stm32_loader_api.c:412:28:Verify	24	static
