C:/Users/Thepr/Blindsight-Claritone-Senior-Design/Object Detection/STM32N6/Middlewares/screenl/uvcl/Src/uvcl_desc.c:94:13:gen_serial_int_to_ascii	0	static
C:/Users/Thepr/Blindsight-Claritone-Senior-Design/Object Detection/STM32N6/Middlewares/screenl/uvcl/Src/uvcl_desc.c:143:12:get_children_len	16	static
C:/Users/Thepr/Blindsight-Claritone-Senior-Design/Object Detection/STM32N6/Middlewares/screenl/uvcl/Src/uvcl_desc.c:177:13:update	8	static
C:/Users/Thepr/Blindsight-Claritone-Senior-Design/Object Detection/STM32N6/Middlewares/screenl/uvcl/Src/uvcl_desc.c:218:13:update_uvc_conf_desc	8	static
C:/Users/Thepr/Blindsight-Claritone-Senior-Design/Object Detection/STM32N6/Middlewares/screenl/uvcl/Src/uvcl_desc.c:281:13:update_uvc_class_vc_desc	8	static
C:/Users/Thepr/Blindsight-Claritone-Senior-Design/Object Detection/STM32N6/Middlewares/screenl/uvcl/Src/uvcl_desc.c:374:13:update_uvc_vs_input_desc	8	static
C:/Users/Thepr/Blindsight-Claritone-Senior-Design/Object Detection/STM32N6/Middlewares/screenl/uvcl/Src/uvcl_desc.c:771:13:compute_payload_res_and_fps	40	static
C:/Users/Thepr/Blindsight-Claritone-Senior-Design/Object Detection/STM32N6/Middlewares/screenl/uvcl/Src/uvcl_desc.c:163:12:gen_default_desc	16	static
C:/Users/Thepr/Blindsight-Claritone-Senior-Design/Object Detection/STM32N6/Middlewares/screenl/uvcl/Src/uvcl_desc.c:124:12:UVCL_get_string_desc	16	static
C:/Users/Thepr/Blindsight-Claritone-Senior-Design/Object Detection/STM32N6/Middlewares/screenl/uvcl/Src/uvcl_desc.c:931:5:UVCL_get_configuration_desc	624	static
C:/Users/Thepr/Blindsight-Claritone-Senior-Design/Object Detection/STM32N6/Middlewares/screenl/uvcl/Src/uvcl_desc.c:995:5:UVCL_get_device_desc	72	static
C:/Users/Thepr/Blindsight-Claritone-Senior-Design/Object Detection/STM32N6/Middlewares/screenl/uvcl/Src/uvcl_desc.c:1005:5:UVCL_get_device_qualifier_desc	8	static
C:/Users/Thepr/Blindsight-Claritone-Senior-Design/Object Detection/STM32N6/Middlewares/screenl/uvcl/Src/uvcl_desc.c:1026:5:UVCL_get_lang_string_desc	0	static
C:/Users/Thepr/Blindsight-Claritone-Senior-Design/Object Detection/STM32N6/Middlewares/screenl/uvcl/Src/uvcl_desc.c:1041:5:UVCL_get_manufacturer_string_desc	0	static
C:/Users/Thepr/Blindsight-Claritone-Senior-Design/Object Detection/STM32N6/Middlewares/screenl/uvcl/Src/uvcl_desc.c:1046:5:UVCL_get_product_string_desc	0	static
C:/Users/Thepr/Blindsight-Claritone-Senior-Design/Object Detection/STM32N6/Middlewares/screenl/uvcl/Src/uvcl_desc.c:1051:5:UVCL_get_serial_string_desc	40	static
