../../../../../../../Drivers/STM32N6xx_HAL_Driver/Inc/stm32n6xx_ll_rcc.h:2925:22:LL_RCC_SetClockSource	4	static
../../../../../../../Drivers/STM32N6xx_HAL_Driver/Inc/stm32n6xx_ll_rcc.h:3938:26:LL_RCC_GetClockSource	0	static
C:/Users/zebes/Blindsight_Projects/STM32Cube_FW_N6_V1.3.0/Drivers/STM32N6xx_HAL_Driver/Src/stm32n6xx_hal_rcc_ex.c:3239:17:RCCEx_GetHCLKFreq	0	static
C:/Users/zebes/Blindsight_Projects/STM32Cube_FW_N6_V1.3.0/Drivers/STM32N6xx_HAL_Driver/Src/stm32n6xx_hal_rcc_ex.c:3250:17:RCCEx_GetPCLK1Freq	0	static
C:/Users/zebes/Blindsight_Projects/STM32Cube_FW_N6_V1.3.0/Drivers/STM32N6xx_HAL_Driver/Src/stm32n6xx_hal_rcc_ex.c:3261:17:RCCEx_GetPCLK2Freq	0	static
C:/Users/zebes/Blindsight_Projects/STM32Cube_FW_N6_V1.3.0/Drivers/STM32N6xx_HAL_Driver/Src/stm32n6xx_hal_rcc_ex.c:3272:17:RCCEx_GetPCLK4Freq	0	static
C:/Users/zebes/Blindsight_Projects/STM32Cube_FW_N6_V1.3.0/Drivers/STM32N6xx_HAL_Driver/Src/stm32n6xx_hal_rcc_ex.c:3283:17:RCCEx_GetPCLK5Freq	0	static
C:/Users/zebes/Blindsight_Projects/STM32Cube_FW_N6_V1.3.0/Drivers/STM32N6xx_HAL_Driver/Src/stm32n6xx_hal_rcc_ex.c:3294:17:RCCEx_GetPLLSourceFreq	0	static
C:/Users/zebes/Blindsight_Projects/STM32Cube_FW_N6_V1.3.0/Drivers/STM32N6xx_HAL_Driver/Src/stm32n6xx_hal_rcc_ex.c:3350:17:RCCEx_CalcPLLFreq	0	static
C:/Users/zebes/Blindsight_Projects/STM32Cube_FW_N6_V1.3.0/Drivers/STM32N6xx_HAL_Driver/Src/stm32n6xx_hal_rcc_ex.c:4861:17:RCCEx_GetRTCCLKFreq	0	static
C:/Users/zebes/Blindsight_Projects/STM32Cube_FW_N6_V1.3.0/Drivers/STM32N6xx_HAL_Driver/Src/stm32n6xx_hal_rcc_ex.c:128:19:HAL_RCCEx_PeriphCLKConfig	16	static
C:/Users/zebes/Blindsight_Projects/STM32Cube_FW_N6_V1.3.0/Drivers/STM32N6xx_HAL_Driver/Src/stm32n6xx_hal_rcc_ex.c:2377:6:HAL_RCCEx_GetPeriphCLKConfig	16	static
C:/Users/zebes/Blindsight_Projects/STM32Cube_FW_N6_V1.3.0/Drivers/STM32N6xx_HAL_Driver/Src/stm32n6xx_hal_rcc_ex.c:2815:10:HAL_RCCEx_GetPLL1CLKFreq	24	static
C:/Users/zebes/Blindsight_Projects/STM32Cube_FW_N6_V1.3.0/Drivers/STM32N6xx_HAL_Driver/Src/stm32n6xx_hal_rcc_ex.c:2858:10:HAL_RCCEx_GetPLL2CLKFreq	24	static
C:/Users/zebes/Blindsight_Projects/STM32Cube_FW_N6_V1.3.0/Drivers/STM32N6xx_HAL_Driver/Src/stm32n6xx_hal_rcc_ex.c:2902:10:HAL_RCCEx_GetPLL3CLKFreq	24	static
C:/Users/zebes/Blindsight_Projects/STM32Cube_FW_N6_V1.3.0/Drivers/STM32N6xx_HAL_Driver/Src/stm32n6xx_hal_rcc_ex.c:2945:10:HAL_RCCEx_GetPLL4CLKFreq	24	static
C:/Users/zebes/Blindsight_Projects/STM32Cube_FW_N6_V1.3.0/Drivers/STM32N6xx_HAL_Driver/Src/stm32n6xx_hal_rcc_ex.c:3779:17:RCCEx_GetCSICLKFreq	8	static
C:/Users/zebes/Blindsight_Projects/STM32Cube_FW_N6_V1.3.0/Drivers/STM32N6xx_HAL_Driver/Src/stm32n6xx_hal_rcc_ex.c:3590:17:RCCEx_GetCLKPCLKFreq	8	static
C:/Users/zebes/Blindsight_Projects/STM32Cube_FW_N6_V1.3.0/Drivers/STM32N6xx_HAL_Driver/Src/stm32n6xx_hal_rcc_ex.c:3370:17:RCCEx_GetADCCLKFreq	8	static
C:/Users/zebes/Blindsight_Projects/STM32Cube_FW_N6_V1.3.0/Drivers/STM32N6xx_HAL_Driver/Src/stm32n6xx_hal_rcc_ex.c:3480:17:RCCEx_GetADFCLKFreq	8	static
C:/Users/zebes/Blindsight_Projects/STM32Cube_FW_N6_V1.3.0/Drivers/STM32N6xx_HAL_Driver/Src/stm32n6xx_hal_rcc_ex.c:3820:17:RCCEx_GetDCMIPPCLKFreq	8	static
C:/Users/zebes/Blindsight_Projects/STM32Cube_FW_N6_V1.3.0/Drivers/STM32N6xx_HAL_Driver/Src/stm32n6xx_hal_rcc_ex.c:3886:17:RCCEx_GetETH1CLKFreq	8	static
C:/Users/zebes/Blindsight_Projects/STM32Cube_FW_N6_V1.3.0/Drivers/STM32N6xx_HAL_Driver/Src/stm32n6xx_hal_rcc_ex.c:3952:17:RCCEx_GetETH1PTPCLKFreq	8	static
C:/Users/zebes/Blindsight_Projects/STM32Cube_FW_N6_V1.3.0/Drivers/STM32N6xx_HAL_Driver/Src/stm32n6xx_hal_rcc_ex.c:4018:17:RCCEx_GetFDCANCLKFreq	8	static
C:/Users/zebes/Blindsight_Projects/STM32Cube_FW_N6_V1.3.0/Drivers/STM32N6xx_HAL_Driver/Src/stm32n6xx_hal_rcc_ex.c:4084:17:RCCEx_GetFMCCLKFreq	8	static
C:/Users/zebes/Blindsight_Projects/STM32Cube_FW_N6_V1.3.0/Drivers/STM32N6xx_HAL_Driver/Src/stm32n6xx_hal_rcc_ex.c:4175:17:RCCEx_GetI2CCLKFreq	8	static
C:/Users/zebes/Blindsight_Projects/STM32Cube_FW_N6_V1.3.0/Drivers/STM32N6xx_HAL_Driver/Src/stm32n6xx_hal_rcc_ex.c:4296:17:RCCEx_GetI3CCLKFreq	8	static
C:/Users/zebes/Blindsight_Projects/STM32Cube_FW_N6_V1.3.0/Drivers/STM32N6xx_HAL_Driver/Src/stm32n6xx_hal_rcc_ex.c:4408:17:RCCEx_GetLPTIMCLKFreq	8	static
C:/Users/zebes/Blindsight_Projects/STM32Cube_FW_N6_V1.3.0/Drivers/STM32N6xx_HAL_Driver/Src/stm32n6xx_hal_rcc_ex.c:4512:17:RCCEx_GetLPUARTCLKFreq	8	static
C:/Users/zebes/Blindsight_Projects/STM32Cube_FW_N6_V1.3.0/Drivers/STM32N6xx_HAL_Driver/Src/stm32n6xx_hal_rcc_ex.c:4621:17:RCCEx_GetLTDCCLKFreq	8	static
C:/Users/zebes/Blindsight_Projects/STM32Cube_FW_N6_V1.3.0/Drivers/STM32N6xx_HAL_Driver/Src/stm32n6xx_hal_rcc_ex.c:4687:17:RCCEx_GetMDFCLKFreq	8	static
C:/Users/zebes/Blindsight_Projects/STM32Cube_FW_N6_V1.3.0/Drivers/STM32N6xx_HAL_Driver/Src/stm32n6xx_hal_rcc_ex.c:4797:17:RCCEx_GetPSSICLKFreq	8	static
C:/Users/zebes/Blindsight_Projects/STM32Cube_FW_N6_V1.3.0/Drivers/STM32N6xx_HAL_Driver/Src/stm32n6xx_hal_rcc_ex.c:5028:17:RCCEx_GetSDMMCCLKFreq	8	static
C:/Users/zebes/Blindsight_Projects/STM32Cube_FW_N6_V1.3.0/Drivers/STM32N6xx_HAL_Driver/Src/stm32n6xx_hal_rcc_ex.c:5120:17:RCCEx_GetSPDIFRXCLKFreq	8	static
C:/Users/zebes/Blindsight_Projects/STM32Cube_FW_N6_V1.3.0/Drivers/STM32N6xx_HAL_Driver/Src/stm32n6xx_hal_rcc_ex.c:4909:17:RCCEx_GetSAICLKFreq	8	static
C:/Users/zebes/Blindsight_Projects/STM32Cube_FW_N6_V1.3.0/Drivers/STM32N6xx_HAL_Driver/Src/stm32n6xx_hal_rcc_ex.c:5231:17:RCCEx_GetSPICLKFreq	8	static
C:/Users/zebes/Blindsight_Projects/STM32Cube_FW_N6_V1.3.0/Drivers/STM32N6xx_HAL_Driver/Src/stm32n6xx_hal_rcc_ex.c:5416:17:RCCEx_GetUARTCLKFreq	8	static
C:/Users/zebes/Blindsight_Projects/STM32Cube_FW_N6_V1.3.0/Drivers/STM32N6xx_HAL_Driver/Src/stm32n6xx_hal_rcc_ex.c:5560:17:RCCEx_GetUSARTCLKFreq	8	static
C:/Users/zebes/Blindsight_Projects/STM32Cube_FW_N6_V1.3.0/Drivers/STM32N6xx_HAL_Driver/Src/stm32n6xx_hal_rcc_ex.c:5701:17:RCCEx_GetOTGPHYCLKFreq	8	static
C:/Users/zebes/Blindsight_Projects/STM32Cube_FW_N6_V1.3.0/Drivers/STM32N6xx_HAL_Driver/Src/stm32n6xx_hal_rcc_ex.c:5778:17:RCCEx_GetOTGPHYCKREFCLKFreq	8	static
C:/Users/zebes/Blindsight_Projects/STM32Cube_FW_N6_V1.3.0/Drivers/STM32N6xx_HAL_Driver/Src/stm32n6xx_hal_rcc_ex.c:5825:17:RCCEx_GetXSPICLKFreq	8	static
C:/Users/zebes/Blindsight_Projects/STM32Cube_FW_N6_V1.3.0/Drivers/STM32N6xx_HAL_Driver/Src/stm32n6xx_hal_rcc_ex.c:2584:10:HAL_RCCEx_GetPeriphCLKFreq	8	static
C:/Users/zebes/Blindsight_Projects/STM32Cube_FW_N6_V1.3.0/Drivers/STM32N6xx_HAL_Driver/Src/stm32n6xx_hal_rcc_ex.c:2988:10:HAL_RCCEx_GetTIMGFreq	8	static
C:/Users/zebes/Blindsight_Projects/STM32Cube_FW_N6_V1.3.0/Drivers/STM32N6xx_HAL_Driver/Src/stm32n6xx_hal_rcc_ex.c:3011:6:HAL_RCCEx_WakeUpStopCLKConfig	0	static
C:/Users/zebes/Blindsight_Projects/STM32Cube_FW_N6_V1.3.0/Drivers/STM32N6xx_HAL_Driver/Src/stm32n6xx_hal_rcc_ex.c:3026:6:HAL_RCCEx_EnableLSECSS	0	static
C:/Users/zebes/Blindsight_Projects/STM32Cube_FW_N6_V1.3.0/Drivers/STM32N6xx_HAL_Driver/Src/stm32n6xx_hal_rcc_ex.c:3037:6:HAL_RCCEx_DisableLSECSS	0	static
C:/Users/zebes/Blindsight_Projects/STM32Cube_FW_N6_V1.3.0/Drivers/STM32N6xx_HAL_Driver/Src/stm32n6xx_hal_rcc_ex.c:3051:6:HAL_RCCEx_EnableLSECSS_IT	0	static
C:/Users/zebes/Blindsight_Projects/STM32Cube_FW_N6_V1.3.0/Drivers/STM32N6xx_HAL_Driver/Src/stm32n6xx_hal_rcc_ex.c:3063:6:HAL_RCCEx_DisableLSECSS_IT	0	static
C:/Users/zebes/Blindsight_Projects/STM32Cube_FW_N6_V1.3.0/Drivers/STM32N6xx_HAL_Driver/Src/stm32n6xx_hal_rcc_ex.c:3076:6:HAL_RCCEx_ReArmLSECSS	0	static
C:/Users/zebes/Blindsight_Projects/STM32Cube_FW_N6_V1.3.0/Drivers/STM32N6xx_HAL_Driver/Src/stm32n6xx_hal_rcc_ex.c:3102:13:HAL_RCCEx_LSECSS_Callback	0	static
C:/Users/zebes/Blindsight_Projects/STM32Cube_FW_N6_V1.3.0/Drivers/STM32N6xx_HAL_Driver/Src/stm32n6xx_hal_rcc_ex.c:3085:6:HAL_RCCEx_LSECSS_IRQHandler	8	static
C:/Users/zebes/Blindsight_Projects/STM32Cube_FW_N6_V1.3.0/Drivers/STM32N6xx_HAL_Driver/Src/stm32n6xx_hal_rcc_ex.c:3122:19:HAL_RCCEx_PLLSSCGConfig	40	static
