C:/Users/zebes/Blindsight_Projects/STM32Cube_FW_N6_V1.3.0/Drivers/STM32N6xx_HAL_Driver/Src/stm32n6xx_hal_dma.c:1706:13:DMA_SetConfig	8	static
C:/Users/zebes/Blindsight_Projects/STM32Cube_FW_N6_V1.3.0/Drivers/STM32N6xx_HAL_Driver/Src/stm32n6xx_hal_dma.c:1731:13:DMA_Init	4	static
C:/Users/zebes/Blindsight_Projects/STM32Cube_FW_N6_V1.3.0/Drivers/STM32N6xx_HAL_Driver/Src/stm32n6xx_hal_dma.c:275:19:HAL_DMA_Init	16	static
C:/Users/zebes/Blindsight_Projects/STM32Cube_FW_N6_V1.3.0/Drivers/STM32N6xx_HAL_Driver/Src/stm32n6xx_hal_dma.c:385:19:HAL_DMA_DeInit	16	static
C:/Users/zebes/Blindsight_Projects/STM32Cube_FW_N6_V1.3.0/Drivers/STM32N6xx_HAL_Driver/Src/stm32n6xx_hal_dma.c:512:19:HAL_DMA_Start	16	static
C:/Users/zebes/Blindsight_Projects/STM32Cube_FW_N6_V1.3.0/Drivers/STM32N6xx_HAL_Driver/Src/stm32n6xx_hal_dma.c:567:19:HAL_DMA_Start_IT	8	static
C:/Users/zebes/Blindsight_Projects/STM32Cube_FW_N6_V1.3.0/Drivers/STM32N6xx_HAL_Driver/Src/stm32n6xx_hal_dma.c:639:19:HAL_DMA_Abort	16	static
C:/Users/zebes/Blindsight_Projects/STM32Cube_FW_N6_V1.3.0/Drivers/STM32N6xx_HAL_Driver/Src/stm32n6xx_hal_dma.c:731:19:HAL_DMA_Abort_IT	0	static
C:/Users/zebes/Blindsight_Projects/STM32Cube_FW_N6_V1.3.0/Drivers/STM32N6xx_HAL_Driver/Src/stm32n6xx_hal_dma.c:767:19:HAL_DMA_PollForTransfer	24	static
C:/Users/zebes/Blindsight_Projects/STM32Cube_FW_N6_V1.3.0/Drivers/STM32N6xx_HAL_Driver/Src/stm32n6xx_hal_dma.c:939:6:HAL_DMA_IRQHandler	8	static
C:/Users/zebes/Blindsight_Projects/STM32Cube_FW_N6_V1.3.0/Drivers/STM32N6xx_HAL_Driver/Src/stm32n6xx_hal_dma.c:1175:19:HAL_DMA_RegisterCallback	0	static
C:/Users/zebes/Blindsight_Projects/STM32Cube_FW_N6_V1.3.0/Drivers/STM32N6xx_HAL_Driver/Src/stm32n6xx_hal_dma.c:1254:19:HAL_DMA_UnRegisterCallback	0	static
C:/Users/zebes/Blindsight_Projects/STM32Cube_FW_N6_V1.3.0/Drivers/STM32N6xx_HAL_Driver/Src/stm32n6xx_hal_dma.c:1362:22:HAL_DMA_GetState	0	static
C:/Users/zebes/Blindsight_Projects/STM32Cube_FW_N6_V1.3.0/Drivers/STM32N6xx_HAL_Driver/Src/stm32n6xx_hal_dma.c:1374:10:HAL_DMA_GetError	0	static
C:/Users/zebes/Blindsight_Projects/STM32Cube_FW_N6_V1.3.0/Drivers/STM32N6xx_HAL_Driver/Src/stm32n6xx_hal_dma.c:1418:19:HAL_DMA_ConfigChannelAttributes	0	static
C:/Users/zebes/Blindsight_Projects/STM32Cube_FW_N6_V1.3.0/Drivers/STM32N6xx_HAL_Driver/Src/stm32n6xx_hal_dma.c:1506:19:HAL_DMA_GetConfigChannelAttributes	4	static
C:/Users/zebes/Blindsight_Projects/STM32Cube_FW_N6_V1.3.0/Drivers/STM32N6xx_HAL_Driver/Src/stm32n6xx_hal_dma.c:1553:19:HAL_DMA_SetIsolationAttributes	0	static
C:/Users/zebes/Blindsight_Projects/STM32Cube_FW_N6_V1.3.0/Drivers/STM32N6xx_HAL_Driver/Src/stm32n6xx_hal_dma.c:1591:19:HAL_DMA_GetIsolationAttributes	0	static
C:/Users/zebes/Blindsight_Projects/STM32Cube_FW_N6_V1.3.0/Drivers/STM32N6xx_HAL_Driver/Src/stm32n6xx_hal_dma.c:1627:19:HAL_DMA_LockChannelAttributes	0	static
C:/Users/zebes/Blindsight_Projects/STM32Cube_FW_N6_V1.3.0/Drivers/STM32N6xx_HAL_Driver/Src/stm32n6xx_hal_dma.c:1659:19:HAL_DMA_GetLockChannelAttributes	0	static
