C:/Users/zebes/Blindsight_Projects/STM32Cube_FW_N6_V1.3.0/Projects/NUCLEO-N657X0-Q/Templates/Template_FSBL_XIP/Appli/Src/main.c:120:6:MPU_Config	40	static,ignoring_inline_asm
C:/Users/zebes/Blindsight_Projects/STM32Cube_FW_N6_V1.3.0/Projects/NUCLEO-N657X0-Q/Templates/Template_FSBL_XIP/Appli/Src/main.c:64:5:main	8	static,ignoring_inline_asm
C:/Users/zebes/Blindsight_Projects/STM32Cube_FW_N6_V1.3.0/Projects/NUCLEO-N657X0-Q/Templates/Template_FSBL_XIP/Appli/Src/main.c:162:6:Error_Handler	0	static,ignoring_inline_asm
