../../../../../../../Drivers/STM32N6xx_HAL_Driver/Inc/stm32n6xx_ll_rcc.h:2673:22:LL_RCC_ConfigMCO	0	static
C:/Users/zebes/Blindsight_Projects/STM32Cube_FW_N6_V1.3.0/Drivers/STM32N6xx_HAL_Driver/Src/stm32n6xx_hal_rcc.c:2281:17:RCC_PLL_IsNewConfig	8	static
C:/Users/zebes/Blindsight_Projects/STM32Cube_FW_N6_V1.3.0/Drivers/STM32N6xx_HAL_Driver/Src/stm32n6xx_hal_rcc.c:2348:17:RCC_PLL_Source_IsReady	0	static
C:/Users/zebes/Blindsight_Projects/STM32Cube_FW_N6_V1.3.0/Drivers/STM32N6xx_HAL_Driver/Src/stm32n6xx_hal_rcc.c:2388:17:RCC_IC_CheckPLLSources	0	static
C:/Users/zebes/Blindsight_Projects/STM32Cube_FW_N6_V1.3.0/Drivers/STM32N6xx_HAL_Driver/Src/stm32n6xx_hal_rcc.c:2496:13:RCC_ATTR_ConfigItemGroup	4	static
C:/Users/zebes/Blindsight_Projects/STM32Cube_FW_N6_V1.3.0/Drivers/STM32N6xx_HAL_Driver/Src/stm32n6xx_hal_rcc.c:2100:26:RCC_PLL_Config	32	static
C:/Users/zebes/Blindsight_Projects/STM32Cube_FW_N6_V1.3.0/Drivers/STM32N6xx_HAL_Driver/Src/stm32n6xx_hal_rcc.c:2251:26:RCC_PLL_Enable	16	static
C:/Users/zebes/Blindsight_Projects/STM32Cube_FW_N6_V1.3.0/Drivers/STM32N6xx_HAL_Driver/Src/stm32n6xx_hal_rcc.c:2038:17:RCC_GetSysClockFreq	8	static
C:/Users/zebes/Blindsight_Projects/STM32Cube_FW_N6_V1.3.0/Drivers/STM32N6xx_HAL_Driver/Src/stm32n6xx_hal_rcc.c:226:19:HAL_RCC_DeInit	16	static
C:/Users/zebes/Blindsight_Projects/STM32Cube_FW_N6_V1.3.0/Drivers/STM32N6xx_HAL_Driver/Src/stm32n6xx_hal_rcc.c:355:19:HAL_RCC_OscConfig	48	static
C:/Users/zebes/Blindsight_Projects/STM32Cube_FW_N6_V1.3.0/Drivers/STM32N6xx_HAL_Driver/Src/stm32n6xx_hal_rcc.c:1219:6:HAL_RCC_MCOConfig	48	static
C:/Users/zebes/Blindsight_Projects/STM32Cube_FW_N6_V1.3.0/Drivers/STM32N6xx_HAL_Driver/Src/stm32n6xx_hal_rcc.c:1312:6:HAL_RCC_EnableCSS	0	static
C:/Users/zebes/Blindsight_Projects/STM32Cube_FW_N6_V1.3.0/Drivers/STM32N6xx_HAL_Driver/Src/stm32n6xx_hal_rcc.c:1351:10:HAL_RCC_GetCpuClockFreq	8	static
C:/Users/zebes/Blindsight_Projects/STM32Cube_FW_N6_V1.3.0/Drivers/STM32N6xx_HAL_Driver/Src/stm32n6xx_hal_rcc.c:886:19:HAL_RCC_ClockConfig	16	static
C:/Users/zebes/Blindsight_Projects/STM32Cube_FW_N6_V1.3.0/Drivers/STM32N6xx_HAL_Driver/Src/stm32n6xx_hal_rcc.c:1440:10:HAL_RCC_GetSysClockFreq	8	static
C:/Users/zebes/Blindsight_Projects/STM32Cube_FW_N6_V1.3.0/Drivers/STM32N6xx_HAL_Driver/Src/stm32n6xx_hal_rcc.c:1477:10:HAL_RCC_GetNPUClockFreq	8	static
C:/Users/zebes/Blindsight_Projects/STM32Cube_FW_N6_V1.3.0/Drivers/STM32N6xx_HAL_Driver/Src/stm32n6xx_hal_rcc.c:1515:10:HAL_RCC_GetNPURAMSClockFreq	8	static
C:/Users/zebes/Blindsight_Projects/STM32Cube_FW_N6_V1.3.0/Drivers/STM32N6xx_HAL_Driver/Src/stm32n6xx_hal_rcc.c:1524:10:HAL_RCC_GetHCLKFreq	8	static
C:/Users/zebes/Blindsight_Projects/STM32Cube_FW_N6_V1.3.0/Drivers/STM32N6xx_HAL_Driver/Src/stm32n6xx_hal_rcc.c:1535:10:HAL_RCC_GetPCLK1Freq	8	static
C:/Users/zebes/Blindsight_Projects/STM32Cube_FW_N6_V1.3.0/Drivers/STM32N6xx_HAL_Driver/Src/stm32n6xx_hal_rcc.c:1547:10:HAL_RCC_GetPCLK2Freq	8	static
C:/Users/zebes/Blindsight_Projects/STM32Cube_FW_N6_V1.3.0/Drivers/STM32N6xx_HAL_Driver/Src/stm32n6xx_hal_rcc.c:1559:10:HAL_RCC_GetPCLK4Freq	8	static
C:/Users/zebes/Blindsight_Projects/STM32Cube_FW_N6_V1.3.0/Drivers/STM32N6xx_HAL_Driver/Src/stm32n6xx_hal_rcc.c:1571:10:HAL_RCC_GetPCLK5Freq	8	static
C:/Users/zebes/Blindsight_Projects/STM32Cube_FW_N6_V1.3.0/Drivers/STM32N6xx_HAL_Driver/Src/stm32n6xx_hal_rcc.c:1584:6:HAL_RCC_GetOscConfig	4	static
C:/Users/zebes/Blindsight_Projects/STM32Cube_FW_N6_V1.3.0/Drivers/STM32N6xx_HAL_Driver/Src/stm32n6xx_hal_rcc.c:1794:6:HAL_RCC_GetClockConfig	0	static
C:/Users/zebes/Blindsight_Projects/STM32Cube_FW_N6_V1.3.0/Drivers/STM32N6xx_HAL_Driver/Src/stm32n6xx_hal_rcc.c:1874:13:HAL_RCC_CSSCallback	0	static
C:/Users/zebes/Blindsight_Projects/STM32Cube_FW_N6_V1.3.0/Drivers/STM32N6xx_HAL_Driver/Src/stm32n6xx_hal_rcc.c:1857:6:HAL_RCC_NMI_IRQHandler	8	static
C:/Users/zebes/Blindsight_Projects/STM32Cube_FW_N6_V1.3.0/Drivers/STM32N6xx_HAL_Driver/Src/stm32n6xx_hal_rcc.c:1918:6:HAL_RCC_ConfigAttributes	16	static
C:/Users/zebes/Blindsight_Projects/STM32Cube_FW_N6_V1.3.0/Drivers/STM32N6xx_HAL_Driver/Src/stm32n6xx_hal_rcc.c:1971:19:HAL_RCC_GetConfigAttributes	4	static
