../../../../../../../Drivers/CMSIS/Include/core_cm55.h:3918:22:__NVIC_EnableIRQ	0	static,ignoring_inline_asm
../../../../../../../Drivers/CMSIS/Include/core_cm55.h:3956:22:__NVIC_DisableIRQ	0	static,ignoring_inline_asm
../../../../../../../Drivers/CMSIS/Include/core_cm55.h:4115:22:__NVIC_SetPriority	0	static
../../../../../../../Drivers/CMSIS/Include/core_cm55.h:4137:26:__NVIC_GetPriority	0	static
../../../../../../../Drivers/CMSIS/Include/core_cm55.h:4162:26:NVIC_EncodePriority	4	static
../../../../../../../Drivers/CMSIS/Include/core_cm55.h:4189:22:NVIC_DecodePriority	8	static
../../../../../../../Drivers/CMSIS/Include/core_cm55.h:4239:34:__NVIC_SystemReset	0	static,ignoring_inline_asm
C:/Users/zebes/Blindsight_Projects/STM32Cube_FW_N6_V1.3.0/Drivers/STM32N6xx_HAL_Driver/Src/stm32n6xx_hal_cortex.c:718:13:MPU_ConfigRegion	0	static
C:/Users/zebes/Blindsight_Projects/STM32Cube_FW_N6_V1.3.0/Drivers/STM32N6xx_HAL_Driver/Src/stm32n6xx_hal_cortex.c:748:13:MPU_ConfigMemoryAttributes	0	static
C:/Users/zebes/Blindsight_Projects/STM32Cube_FW_N6_V1.3.0/Drivers/STM32N6xx_HAL_Driver/Src/stm32n6xx_hal_cortex.c:227:6:HAL_NVIC_SetPriorityGrouping	0	static
C:/Users/zebes/Blindsight_Projects/STM32Cube_FW_N6_V1.3.0/Drivers/STM32N6xx_HAL_Driver/Src/stm32n6xx_hal_cortex.c:250:6:HAL_NVIC_SetPriority	8	static
C:/Users/zebes/Blindsight_Projects/STM32Cube_FW_N6_V1.3.0/Drivers/STM32N6xx_HAL_Driver/Src/stm32n6xx_hal_cortex.c:274:6:HAL_NVIC_EnableIRQ	8	static
C:/Users/zebes/Blindsight_Projects/STM32Cube_FW_N6_V1.3.0/Drivers/STM32N6xx_HAL_Driver/Src/stm32n6xx_hal_cortex.c:291:6:HAL_NVIC_DisableIRQ	8	static
C:/Users/zebes/Blindsight_Projects/STM32Cube_FW_N6_V1.3.0/Drivers/STM32N6xx_HAL_Driver/Src/stm32n6xx_hal_cortex.c:304:18:HAL_NVIC_SystemReset	8	static
C:/Users/zebes/Blindsight_Projects/STM32Cube_FW_N6_V1.3.0/Drivers/STM32N6xx_HAL_Driver/Src/stm32n6xx_hal_cortex.c:317:10:HAL_SYSTICK_Config	0	static
C:/Users/zebes/Blindsight_Projects/STM32Cube_FW_N6_V1.3.0/Drivers/STM32N6xx_HAL_Driver/Src/stm32n6xx_hal_cortex.c:345:10:HAL_NVIC_GetPriorityGrouping	0	static
C:/Users/zebes/Blindsight_Projects/STM32Cube_FW_N6_V1.3.0/Drivers/STM32N6xx_HAL_Driver/Src/stm32n6xx_hal_cortex.c:373:6:HAL_NVIC_GetPriority	16	static
C:/Users/zebes/Blindsight_Projects/STM32Cube_FW_N6_V1.3.0/Drivers/STM32N6xx_HAL_Driver/Src/stm32n6xx_hal_cortex.c:391:6:HAL_NVIC_SetPendingIRQ	0	static
C:/Users/zebes/Blindsight_Projects/STM32Cube_FW_N6_V1.3.0/Drivers/STM32N6xx_HAL_Driver/Src/stm32n6xx_hal_cortex.c:410:10:HAL_NVIC_GetPendingIRQ	0	static
C:/Users/zebes/Blindsight_Projects/STM32Cube_FW_N6_V1.3.0/Drivers/STM32N6xx_HAL_Driver/Src/stm32n6xx_hal_cortex.c:427:6:HAL_NVIC_ClearPendingIRQ	0	static
C:/Users/zebes/Blindsight_Projects/STM32Cube_FW_N6_V1.3.0/Drivers/STM32N6xx_HAL_Driver/Src/stm32n6xx_hal_cortex.c:445:10:HAL_NVIC_GetActive	0	static
C:/Users/zebes/Blindsight_Projects/STM32Cube_FW_N6_V1.3.0/Drivers/STM32N6xx_HAL_Driver/Src/stm32n6xx_hal_cortex.c:459:6:HAL_SYSTICK_CLKSourceConfig	0	static
C:/Users/zebes/Blindsight_Projects/STM32Cube_FW_N6_V1.3.0/Drivers/STM32N6xx_HAL_Driver/Src/stm32n6xx_hal_cortex.c:480:13:HAL_SYSTICK_Callback	0	static
C:/Users/zebes/Blindsight_Projects/STM32Cube_FW_N6_V1.3.0/Drivers/STM32N6xx_HAL_Driver/Src/stm32n6xx_hal_cortex.c:471:6:HAL_SYSTICK_IRQHandler	8	static
C:/Users/zebes/Blindsight_Projects/STM32Cube_FW_N6_V1.3.0/Drivers/STM32N6xx_HAL_Driver/Src/stm32n6xx_hal_cortex.c:491:6:HAL_CORTEX_ClearEvent	0	static,ignoring_inline_asm
C:/Users/zebes/Blindsight_Projects/STM32Cube_FW_N6_V1.3.0/Drivers/STM32N6xx_HAL_Driver/Src/stm32n6xx_hal_cortex.c:508:6:HAL_MPU_Enable	0	static,ignoring_inline_asm
C:/Users/zebes/Blindsight_Projects/STM32Cube_FW_N6_V1.3.0/Drivers/STM32N6xx_HAL_Driver/Src/stm32n6xx_hal_cortex.c:535:6:HAL_MPU_Enable_NS	0	static,ignoring_inline_asm
C:/Users/zebes/Blindsight_Projects/STM32Cube_FW_N6_V1.3.0/Drivers/STM32N6xx_HAL_Driver/Src/stm32n6xx_hal_cortex.c:555:6:HAL_MPU_Disable	0	static,ignoring_inline_asm
C:/Users/zebes/Blindsight_Projects/STM32Cube_FW_N6_V1.3.0/Drivers/STM32N6xx_HAL_Driver/Src/stm32n6xx_hal_cortex.c:575:6:HAL_MPU_Disable_NS	0	static,ignoring_inline_asm
C:/Users/zebes/Blindsight_Projects/STM32Cube_FW_N6_V1.3.0/Drivers/STM32N6xx_HAL_Driver/Src/stm32n6xx_hal_cortex.c:595:6:HAL_MPU_EnableRegion	0	static
C:/Users/zebes/Blindsight_Projects/STM32Cube_FW_N6_V1.3.0/Drivers/STM32N6xx_HAL_Driver/Src/stm32n6xx_hal_cortex.c:612:6:HAL_MPU_EnableRegion_NS	0	static
C:/Users/zebes/Blindsight_Projects/STM32Cube_FW_N6_V1.3.0/Drivers/STM32N6xx_HAL_Driver/Src/stm32n6xx_hal_cortex.c:628:6:HAL_MPU_DisableRegion	0	static
C:/Users/zebes/Blindsight_Projects/STM32Cube_FW_N6_V1.3.0/Drivers/STM32N6xx_HAL_Driver/Src/stm32n6xx_hal_cortex.c:645:6:HAL_MPU_DisableRegion_NS	0	static
C:/Users/zebes/Blindsight_Projects/STM32Cube_FW_N6_V1.3.0/Drivers/STM32N6xx_HAL_Driver/Src/stm32n6xx_hal_cortex.c:665:6:HAL_MPU_ConfigRegion	8	static
C:/Users/zebes/Blindsight_Projects/STM32Cube_FW_N6_V1.3.0/Drivers/STM32N6xx_HAL_Driver/Src/stm32n6xx_hal_cortex.c:677:6:HAL_MPU_ConfigRegion_NS	8	static
C:/Users/zebes/Blindsight_Projects/STM32Cube_FW_N6_V1.3.0/Drivers/STM32N6xx_HAL_Driver/Src/stm32n6xx_hal_cortex.c:689:6:HAL_MPU_ConfigMemoryAttributes	8	static
C:/Users/zebes/Blindsight_Projects/STM32Cube_FW_N6_V1.3.0/Drivers/STM32N6xx_HAL_Driver/Src/stm32n6xx_hal_cortex.c:701:6:HAL_MPU_ConfigMemoryAttributes_NS	8	static
