../Core/Src/i2c_bb.c:56:20:SCL_LOW	4	static
../Core/Src/i2c_bb.c:57:20:SCL_HIGH	4	static
../Core/Src/i2c_bb.c:58:20:SDA_LOW	4	static
../Core/Src/i2c_bb.c:59:20:SDA_HIGH	4	static
../Core/Src/i2c_bb.c:61:23:SDA_READ	4	static
../Core/Src/i2c_bb.c:69:6:i2c_bb_init	8	static,ignoring_inline_asm
../Core/Src/i2c_bb.c:78:6:i2c_bb_start	8	static,ignoring_inline_asm
../Core/Src/i2c_bb.c:92:6:i2c_bb_stop	8	static,ignoring_inline_asm
../Core/Src/i2c_bb.c:105:6:i2c_bb_write_byte	24	static,ignoring_inline_asm
../Core/Src/i2c_bb.c:134:9:i2c_bb_read_byte	24	static,ignoring_inline_asm
