C:/Users/zebes/Blindsight_Projects/STM32Cube_FW_N6_V1.3.0/Projects/NUCLEO-N657X0-Q/Templates/Template_FSBL_XIP/ExtMemLoader/Src/extmemloader_init.c:286:6:Error_Handler	0	static
C:/Users/zebes/Blindsight_Projects/STM32Cube_FW_N6_V1.3.0/Projects/NUCLEO-N657X0-Q/Templates/Template_FSBL_XIP/ExtMemLoader/Src/extmemloader_init.c:161:6:SystemClock_Config	224	static
C:/Users/zebes/Blindsight_Projects/STM32Cube_FW_N6_V1.3.0/Projects/NUCLEO-N657X0-Q/Templates/Template_FSBL_XIP/ExtMemLoader/Src/extmemloader_init.c:246:13:MX_XSPI2_Init	8	static
C:/Users/zebes/Blindsight_Projects/STM32Cube_FW_N6_V1.3.0/Projects/NUCLEO-N657X0-Q/Templates/Template_FSBL_XIP/ExtMemLoader/Src/extmemloader_init.c:76:10:extmemloader_Init	8	static,ignoring_inline_asm
