../../Drivers/STM32N6xx_HAL_Driver/Inc/stm32n6xx_ll_bus.h:1165:22:LL_AHB3_GRP1_EnableClock	24	static
../../Drivers/STM32N6xx_HAL_Driver/Inc/stm32n6xx_ll_bus.h:1407:22:LL_AHB4_GRP1_EnableClock	24	static
../Core/Src/main.c:69:16:btn_tone_check_press	16	static
../Core/Src/main.c:90:15:scroll_wheel_poll	16	static
../Core/Src/main.c:107:16:scroll_button_check_press	16	static
../Core/Src/main.c:128:16:btn_sens_check_press	16	static
../Core/Src/main.c:150:5:main	272	static,ignoring_inline_asm
../Core/Src/main.c:351:13:SystemIsolation_Config	8	static
../Core/Src/main.c:391:13:sine_lut_init	24	static
../Core/Src/main.c:401:13:pan_lut_init	32	static
../Core/Src/main.c:425:13:fill_frames	160	static
../Core/Src/main.c:472:6:HAL_SAI_TxHalfCpltCallback	16	static
../Core/Src/main.c:479:6:HAL_SAI_TxCpltCallback	16	static
../Core/Src/main.c:486:6:HAL_SAI_ErrorCallback	16	static
../Core/Src/main.c:494:6:Error_Handler	4	static,ignoring_inline_asm
