Archive member included to satisfy reference by file (symbol)

C:/ST/STM32CubeIDE_2.1.1/STM32CubeIDE/plugins/com.st.stm32cube.ide.mcu.externaltools.gnu-tools-for-stm32.14.3.rel1.win32_1.0.100.202602081740/tools/bin/../lib/gcc/arm-none-eabi/14.3.1/../../../../arm-none-eabi/lib/thumb/v8-m.main+dp/hard\libc_nano.a(libc_a-exit.o)
                              C:/ST/STM32CubeIDE_2.1.1/STM32CubeIDE/plugins/com.st.stm32cube.ide.mcu.externaltools.gnu-tools-for-stm32.14.3.rel1.win32_1.0.100.202602081740/tools/bin/../lib/gcc/arm-none-eabi/14.3.1/../../../../arm-none-eabi/lib/thumb/v8-m.main+dp/hard/crt0.o (exit)
C:/ST/STM32CubeIDE_2.1.1/STM32CubeIDE/plugins/com.st.stm32cube.ide.mcu.externaltools.gnu-tools-for-stm32.14.3.rel1.win32_1.0.100.202602081740/tools/bin/../lib/gcc/arm-none-eabi/14.3.1/../../../../arm-none-eabi/lib/thumb/v8-m.main+dp/hard\libc_nano.a(libc_a-findfp.o)
                              C:/ST/STM32CubeIDE_2.1.1/STM32CubeIDE/plugins/com.st.stm32cube.ide.mcu.externaltools.gnu-tools-for-stm32.14.3.rel1.win32_1.0.100.202602081740/tools/bin/../lib/gcc/arm-none-eabi/14.3.1/../../../../arm-none-eabi/lib/thumb/v8-m.main+dp/hard\libc_nano.a(libc_a-exit.o) (__stdio_exit_handler)
C:/ST/STM32CubeIDE_2.1.1/STM32CubeIDE/plugins/com.st.stm32cube.ide.mcu.externaltools.gnu-tools-for-stm32.14.3.rel1.win32_1.0.100.202602081740/tools/bin/../lib/gcc/arm-none-eabi/14.3.1/../../../../arm-none-eabi/lib/thumb/v8-m.main+dp/hard\libc_nano.a(libc_a-fwalk.o)
                              C:/ST/STM32CubeIDE_2.1.1/STM32CubeIDE/plugins/com.st.stm32cube.ide.mcu.externaltools.gnu-tools-for-stm32.14.3.rel1.win32_1.0.100.202602081740/tools/bin/../lib/gcc/arm-none-eabi/14.3.1/../../../../arm-none-eabi/lib/thumb/v8-m.main+dp/hard\libc_nano.a(libc_a-findfp.o) (_fwalk_sglue)
C:/ST/STM32CubeIDE_2.1.1/STM32CubeIDE/plugins/com.st.stm32cube.ide.mcu.externaltools.gnu-tools-for-stm32.14.3.rel1.win32_1.0.100.202602081740/tools/bin/../lib/gcc/arm-none-eabi/14.3.1/../../../../arm-none-eabi/lib/thumb/v8-m.main+dp/hard\libc_nano.a(libc_a-snprintf.o)
                              ./Core/Src/main.o (snprintf)
C:/ST/STM32CubeIDE_2.1.1/STM32CubeIDE/plugins/com.st.stm32cube.ide.mcu.externaltools.gnu-tools-for-stm32.14.3.rel1.win32_1.0.100.202602081740/tools/bin/../lib/gcc/arm-none-eabi/14.3.1/../../../../arm-none-eabi/lib/thumb/v8-m.main+dp/hard\libc_nano.a(libc_a-stdio.o)
                              C:/ST/STM32CubeIDE_2.1.1/STM32CubeIDE/plugins/com.st.stm32cube.ide.mcu.externaltools.gnu-tools-for-stm32.14.3.rel1.win32_1.0.100.202602081740/tools/bin/../lib/gcc/arm-none-eabi/14.3.1/../../../../arm-none-eabi/lib/thumb/v8-m.main+dp/hard\libc_nano.a(libc_a-findfp.o) (__sread)
C:/ST/STM32CubeIDE_2.1.1/STM32CubeIDE/plugins/com.st.stm32cube.ide.mcu.externaltools.gnu-tools-for-stm32.14.3.rel1.win32_1.0.100.202602081740/tools/bin/../lib/gcc/arm-none-eabi/14.3.1/../../../../arm-none-eabi/lib/thumb/v8-m.main+dp/hard\libc_nano.a(libc_a-memset.o)
                              C:/ST/STM32CubeIDE_2.1.1/STM32CubeIDE/plugins/com.st.stm32cube.ide.mcu.externaltools.gnu-tools-for-stm32.14.3.rel1.win32_1.0.100.202602081740/tools/bin/../lib/gcc/arm-none-eabi/14.3.1/../../../../arm-none-eabi/lib/thumb/v8-m.main+dp/hard/crt0.o (memset)
C:/ST/STM32CubeIDE_2.1.1/STM32CubeIDE/plugins/com.st.stm32cube.ide.mcu.externaltools.gnu-tools-for-stm32.14.3.rel1.win32_1.0.100.202602081740/tools/bin/../lib/gcc/arm-none-eabi/14.3.1/../../../../arm-none-eabi/lib/thumb/v8-m.main+dp/hard\libc_nano.a(libc_a-closer.o)
                              C:/ST/STM32CubeIDE_2.1.1/STM32CubeIDE/plugins/com.st.stm32cube.ide.mcu.externaltools.gnu-tools-for-stm32.14.3.rel1.win32_1.0.100.202602081740/tools/bin/../lib/gcc/arm-none-eabi/14.3.1/../../../../arm-none-eabi/lib/thumb/v8-m.main+dp/hard\libc_nano.a(libc_a-stdio.o) (_close_r)
C:/ST/STM32CubeIDE_2.1.1/STM32CubeIDE/plugins/com.st.stm32cube.ide.mcu.externaltools.gnu-tools-for-stm32.14.3.rel1.win32_1.0.100.202602081740/tools/bin/../lib/gcc/arm-none-eabi/14.3.1/../../../../arm-none-eabi/lib/thumb/v8-m.main+dp/hard\libc_nano.a(libc_a-reent.o)
                              C:/ST/STM32CubeIDE_2.1.1/STM32CubeIDE/plugins/com.st.stm32cube.ide.mcu.externaltools.gnu-tools-for-stm32.14.3.rel1.win32_1.0.100.202602081740/tools/bin/../lib/gcc/arm-none-eabi/14.3.1/../../../../arm-none-eabi/lib/thumb/v8-m.main+dp/hard\libc_nano.a(libc_a-closer.o) (errno)
C:/ST/STM32CubeIDE_2.1.1/STM32CubeIDE/plugins/com.st.stm32cube.ide.mcu.externaltools.gnu-tools-for-stm32.14.3.rel1.win32_1.0.100.202602081740/tools/bin/../lib/gcc/arm-none-eabi/14.3.1/../../../../arm-none-eabi/lib/thumb/v8-m.main+dp/hard\libc_nano.a(libc_a-impure.o)
                              C:/ST/STM32CubeIDE_2.1.1/STM32CubeIDE/plugins/com.st.stm32cube.ide.mcu.externaltools.gnu-tools-for-stm32.14.3.rel1.win32_1.0.100.202602081740/tools/bin/../lib/gcc/arm-none-eabi/14.3.1/../../../../arm-none-eabi/lib/thumb/v8-m.main+dp/hard\libc_nano.a(libc_a-snprintf.o) (_impure_ptr)
[...]
Memory Configuration

Name             Origin             Length             Attributes
ROM              0x34000400         0x0007fc00         xrw
RAM              0x34080000         0x00180000         xrw
*default*        0x00000000         0xffffffff

Linker script and memory map

LOAD C:/ST/STM32CubeIDE_2.1.1/STM32CubeIDE/plugins/com.st.stm32cube.ide.mcu.externaltools.gnu-tools-for-stm32.14.3.rel1.win32_1.0.100.202602081740/tools/bin/../lib/gcc/arm-none-eabi/14.3.1/thumb/v8-m.main+dp/hard/crti.o
LOAD C:/ST/STM32CubeIDE_2.1.1/STM32CubeIDE/plugins/com.st.stm32cube.ide.mcu.externaltools.gnu-tools-for-stm32.14.3.rel1.win32_1.0.100.202602081740/tools/bin/../lib/gcc/arm-none-eabi/14.3.1/thumb/v8-m.main+dp/hard/crtbegin.o
LOAD C:/ST/STM32CubeIDE_2.1.1/STM32CubeIDE/plugins/com.st.stm32cube.ide.mcu.externaltools.gnu-tools-for-stm32.14.3.rel1.win32_1.0.100.202602081740/tools/bin/../lib/gcc/arm-none-eabi/14.3.1/../../../../arm-none-eabi/lib/thumb/v8-m.main+dp/hard/crt0.o
LOAD ./Core/Src/gpio.o
LOAD ./Core/Src/i2c_bb.o
LOAD ./Core/Src/main.o
LOAD ./Core/Src/secure_nsc.o
LOAD ./Core/Src/stm32n6xx_hal_msp.o
LOAD ./Core/Src/stm32n6xx_it.o
LOAD ./Core/Src/syscalls.o
LOAD ./Core/Src/sysmem.o
LOAD ./Core/Src/system_stm32n6xx_s.o
LOAD ./Core/Src/usart.o
LOAD ./Core/Startup/startup_stm32n657x0hxq.o
LOAD ./Drivers/VL53L7CX_ULD/Src/vl53l7cx_api.o
LOAD ./STM32N6xx_HAL_Driver/Src/stm32n6xx_hal.o
LOAD ./STM32N6xx_HAL_Driver/Src/stm32n6xx_hal_cortex.o
LOAD ./STM32N6xx_HAL_Driver/Src/stm32n6xx_hal_dma.o
LOAD ./STM32N6xx_HAL_Driver/Src/stm32n6xx_hal_dma_ex.o
LOAD ./STM32N6xx_HAL_Driver/Src/stm32n6xx_hal_exti.o
LOAD ./STM32N6xx_HAL_Driver/Src/stm32n6xx_hal_gpio.o
LOAD ./STM32N6xx_HAL_Driver/Src/stm32n6xx_hal_pwr.o
LOAD ./STM32N6xx_HAL_Driver/Src/stm32n6xx_hal_pwr_ex.o
LOAD ./STM32N6xx_HAL_Driver/Src/stm32n6xx_hal_rcc.o
LOAD ./STM32N6xx_HAL_Driver/Src/stm32n6xx_hal_rcc_ex.o
LOAD ./STM32N6xx_HAL_Driver/Src/stm32n6xx_hal_rif.o
LOAD ./STM32N6xx_HAL_Driver/Src/stm32n6xx_hal_uart.o
LOAD ./STM32N6xx_HAL_Driver/Src/stm32n6xx_hal_uart_ex.o
LOAD ./ToF/claritone_tof_test.o
LOAD ./ToF/platform.o
START GROUP
LOAD C:/ST/STM32CubeIDE_2.1.1/STM32CubeIDE/plugins/com.st.stm32cube.ide.mcu.externaltools.gnu-tools-for-stm32.14.3.rel1.win32_1.0.100.202602081740/tools/bin/../lib/gcc/arm-none-eabi/14.3.1/../../../../arm-none-eabi/lib/thumb/v8-m.main+dp/hard\libc_nano.a
LOAD C:/ST/STM32CubeIDE_2.1.1/STM32CubeIDE/plugins/com.st.stm32cube.ide.mcu.externaltools.gnu-tools-for-stm32.14.3.rel1.win32_1.0.100.202602081740/tools/bin/../lib/gcc/arm-none-eabi/14.3.1/../../../../arm-none-eabi/lib/thumb/v8-m.main+dp/hard\libm.a
END GROUP
START GROUP
LOAD C:/ST/STM32CubeIDE_2.1.1/STM32CubeIDE/plugins/com.st.stm32cube.ide.mcu.externaltools.gnu-tools-for-stm32.14.3.rel1.win32_1.0.100.202602081740/tools/bin/../lib/gcc/arm-none-eabi/14.3.1/thumb/v8-m.main+dp/hard\libgcc.a
LOAD C:/ST/STM32CubeIDE_2.1.1/STM32CubeIDE/plugins/com.st.stm32cube.ide.mcu.externaltools.gnu-tools-for-stm32.14.3.rel1.win32_1.0.100.202602081740/tools/bin/../lib/gcc/arm-none-eabi/14.3.1/../../../../arm-none-eabi/lib/thumb/v8-m.main+dp/hard\libc_nano.a
END GROUP
START GROUP
LOAD C:/ST/STM32CubeIDE_2.1.1/STM32CubeIDE/plugins/com.st.stm32cube.ide.mcu.externaltools.gnu-tools-for-stm32.14.3.rel1.win32_1.0.100.202602081740/tools/bin/../lib/gcc/arm-none-eabi/14.3.1/thumb/v8-m.main+dp/hard\libgcc.a
LOAD C:/ST/STM32CubeIDE_2.1.1/STM32CubeIDE/plugins/com.st.stm32cube.ide.mcu.externaltools.gnu-tools-for-stm32.14.3.rel1.win32_1.0.100.202602081740/tools/bin/../lib/gcc/arm-none-eabi/14.3.1/../../../../arm-none-eabi/lib/thumb/v8-m.main+dp/hard\libc_nano.a
LOAD C:/ST/STM32CubeIDE_2.1.1/STM32CubeIDE/plugins/com.st.stm32cube.ide.mcu.externaltools.gnu-tools-for-stm32.14.3.rel1.win32_1.0.100.202602081740/tools/bin/../lib/gcc/arm-none-eabi/14.3.1/../../../../arm-none-eabi/lib/thumb/v8-m.main+dp/hard\libnosys.a
END GROUP
START GROUP
LOAD C:/ST/STM32CubeIDE_2.1.1/STM32CubeIDE/plugins/com.st.stm32cube.ide.mcu.externaltools.gnu-tools-for-stm32.14.3.rel1.win32_1.0.100.202602081740/tools/bin/../lib/gcc/arm-none-eabi/14.3.1/thumb/v8-m.main+dp/hard\libgcc.a
LOAD C:/ST/STM32CubeIDE_2.1.1/STM32CubeIDE/plugins/com.st.stm32cube.ide.mcu.externaltools.gnu-tools-for-stm32.14.3.rel1.win32_1.0.100.202602081740/tools/bin/../lib/gcc/arm-none-eabi/14.3.1/../../../../arm-none-eabi/lib/thumb/v8-m.main+dp/hard\libc_nano.a
LOAD C:/ST/STM32CubeIDE_2.1.1/STM32CubeIDE/plugins/com.st.stm32cube.ide.mcu.externaltools.gnu-tools-for-stm32.14.3.rel1.win32_1.0.100.202602081740/tools/bin/../lib/gcc/arm-none-eabi/14.3.1/../../../../arm-none-eabi/lib/thumb/v8-m.main+dp/hard\libnosys.a
END GROUP
LOAD C:/ST/STM32CubeIDE_2.1.1/STM32CubeIDE/plugins/com.st.stm32cube.ide.mcu.externaltools.gnu-tools-for-stm32.14.3.rel1.win32_1.0.100.202602081740/tools/bin/../lib/gcc/arm-none-eabi/14.3.1/thumb/v8-m.main+dp/hard/crtend.o
LOAD C:/ST/STM32CubeIDE_2.1.1/STM32CubeIDE/plugins/com.st.stm32cube.ide.mcu.externaltools.gnu-tools-for-stm32.14.3.rel1.win32_1.0.100.202602081740/tools/bin/../lib/gcc/arm-none-eabi/14.3.1/thumb/v8-m.main+dp/hard/crtn.o
                0x34200000                        _estack = (ORIGIN (RAM) + LENGTH (RAM))
                0x341ff800                        _sstack = (_estack - _Min_Stack_Size)
                0x00000200                        _Min_Heap_Size = 0x200
                0x00000800                        _Min_Stack_Size = 0x800

.isr_vector     0x34000400      0x34c
                0x34000400                        . = ALIGN (0x4)
 *(.isr_vector)
 .isr_vector    0x34000400      0x34c ./Core/Startup/startup_stm32n657x0hxq.o
                0x34000400                g_pfnVectors
                0x3400074c                        . = ALIGN (0x4)

.text           0x3400074c     0xd9e8
                0x3400074c                        . = ALIGN (0x4)
 *(.text)
 .text          0x3400074c       0x40 C:/ST/STM32CubeIDE_2.1.1/STM32CubeIDE/plugins/com.st.stm32cube.ide.mcu.externaltools.gnu-tools-for-stm32.14.3.rel1.win32_1.0.100.202602081740/tools/bin/../lib/gcc/arm-none-eabi/14.3.1/thumb/v8-m.main+dp/hard/crtbegin.o
 .text          0x3400078c       0x10 C:/ST/STM32CubeIDE_2.1.1/STM32CubeIDE/plugins/com.st.stm32cube.ide.mcu.externaltools.gnu-tools-for-stm32.14.3.rel1.win32_1.0.100.202602081740/tools/bin/../lib/gcc/arm-none-eabi/14.3.1/../../../../arm-none-eabi/lib/thumb/v8-m.main+dp/hard\libc_nano.a(libc_a-strlen.o)
                0x3400078c                strlen
 .text          0x3400079c       0x30 C:/ST/STM32CubeIDE_2.1.1/STM32CubeIDE/plugins/com.st.stm32cube.ide.mcu.externaltools.gnu-tools-for-stm32.14.3.rel1.win32_1.0.100.202602081740/tools/bin/../lib/gcc/arm-none-eabi/14.3.1/thumb/v8-m.main+dp/hard\libgcc.a(_aeabi_uldivmod.o)
                0x3400079c                __aeabi_uldivmod
 .text          0x340007cc      0x34c C:/ST/STM32CubeIDE_2.1.1/STM32CubeIDE/plugins/com.st.stm32cube.ide.mcu.externaltools.gnu-tools-for-stm32.14.3.rel1.win32_1.0.100.202602081740/tools/bin/../lib/gcc/arm-none-eabi/14.3.1/thumb/v8-m.main+dp/hard\libgcc.a(_udivmoddi4.o)
                0x340007cc                __udivmoddi4
 .text          0x34000b18        0x4 C:/ST/STM32CubeIDE_2.1.1/STM32CubeIDE/plugins/com.st.stm32cube.ide.mcu.externaltools.gnu-tools-for-stm32.14.3.rel1.win32_1.0.100.202602081740/tools/bin/../lib/gcc/arm-none-eabi/14.3.1/thumb/v8-m.main+dp/hard\libgcc.a(_dvmd_tls.o)
                0x34000b18                __aeabi_idiv0
                0x34000b18                __aeabi_ldiv0
 *(.text*)
 .text.LL_AHB4_GRP1_EnableClock
                0x34000b1c       0x2c ./Core/Src/gpio.o
 .text.MX_GPIO_Init
                0x34000b48       0xb4 ./Core/Src/gpio.o
                0x34000b48                MX_GPIO_Init
 .text.SCL_LOW  0x34000bfc       0x1c ./Core/Src/i2c_bb.o
 .text.SCL_HIGH
                0x34000c18       0x1c ./Core/Src/i2c_bb.o
 .text.SDA_LOW  0x34000c34       0x1c ./Core/Src/i2c_bb.o
 .text.SDA_HIGH
                0x34000c50       0x1c ./Core/Src/i2c_bb.o
 .text.SDA_READ
                0x34000c6c       0x24 ./Core/Src/i2c_bb.o
 .text.i2c_bb_init
                0x34000c90       0x42 ./Core/Src/i2c_bb.o
                0x34000c90                i2c_bb_init
 .text.i2c_bb_start
                0x34000cd2       0xae ./Core/Src/i2c_bb.o
                0x34000cd2                i2c_bb_start
 .text.i2c_bb_stop
                0x34000d80       0xaa ./Core/Src/i2c_bb.o
                0x34000d80                i2c_bb_stop
 .text.i2c_bb_write_byte
                0x34000e2a      0x192 ./Core/Src/i2c_bb.o
                0x34000e2a                i2c_bb_write_byte
 .text.i2c_bb_read_byte
                0x34000fbc      0x166 ./Core/Src/i2c_bb.o
                0x34000fbc                i2c_bb_read_byte
 *fill*         0x34001122        0x2 
 .text.LL_AHB3_GRP1_EnableClock
                0x34001124       0x2c ./Core/Src/main.o
 .text.i2c_bb_timing_diagnostic
                0x34001150      0x2b8 ./Core/Src/main.o
 .text.main     0x34001408       0x8c ./Core/Src/main.o
                0x34001408                main
 .text.SystemIsolation_Config
                0x34001494       0x88 ./Core/Src/main.o
 .text.Error_Handler
                0x3400151c        0xc ./Core/Src/main.o
                0x3400151c                Error_Handler
 .text.SECURE_RegisterCallback
                0x34001528       0x54 ./Core/Src/secure_nsc.o
                0x34001528                __acle_se_SECURE_RegisterCallback
 .text.HAL_MspInit
                0x3400157c        0xe ./Core/Src/stm32n6xx_hal_msp.o
                0x3400157c                HAL_MspInit
 .text.NMI_Handler
                0x3400158a        0x8 ./Core/Src/stm32n6xx_it.o
                0x3400158a                NMI_Handler
 .text.HardFault_Handler
                0x34001592        0x8 ./Core/Src/stm32n6xx_it.o
                0x34001592                HardFault_Handler
 .text.MemManage_Handler
                0x3400159a        0x8 ./Core/Src/stm32n6xx_it.o
                0x3400159a                MemManage_Handler
 .text.BusFault_Handler
                0x340015a2        0x8 ./Core/Src/stm32n6xx_it.o
                0x340015a2                BusFault_Handler
 .text.UsageFault_Handler
                0x340015aa        0x8 ./Core/Src/stm32n6xx_it.o
                0x340015aa                UsageFault_Handler
 .text.SecureFault_Handler
                0x340015b2        0x8 ./Core/Src/stm32n6xx_it.o
                0x340015b2                SecureFault_Handler
 .text.SVC_Handler
                0x340015ba        0xe ./Core/Src/stm32n6xx_it.o
                0x340015ba                SVC_Handler
 .text.DebugMon_Handler
                0x340015c8        0xe ./Core/Src/stm32n6xx_it.o
                0x340015c8                DebugMon_Handler
 .text.PendSV_Handler
                0x340015d6        0xe ./Core/Src/stm32n6xx_it.o
                0x340015d6                PendSV_Handler
 .text.SysTick_Handler
                0x340015e4        0xc ./Core/Src/stm32n6xx_it.o
                0x340015e4                SysTick_Handler
 .text._sbrk    0x340015f0       0x6c ./Core/Src/sysmem.o
                0x340015f0                _sbrk
 .text.TZ_SAU_Setup
                0x3400165c       0x74 ./Core/Src/system_stm32n6xx_s.o
 .text.SystemInit
                0x340016d0       0x70 ./Core/Src/system_stm32n6xx_s.o
                0x340016d0                SystemInit
 .text.SystemCoreClockUpdate
                0x34001740      0x350 ./Core/Src/system_stm32n6xx_s.o
                0x34001740                SystemCoreClockUpdate
 .text.SECURE_SystemCoreClockUpdate
                0x34001a90       0x2c ./Core/Src/system_stm32n6xx_s.o
                0x34001a90                __acle_se_SECURE_SystemCoreClockUpdate
 .text.LL_AHB4_GRP1_EnableClock
                0x34001abc       0x2c ./Core/Src/usart.o
 .text.LL_APB1_GRP1_EnableClock
                0x34001ae8       0x2c ./Core/Src/usart.o
 .text.MX_UART4_Init
                0x34001b14       0x98 ./Core/Src/usart.o
                0x34001b14                MX_UART4_Init
 .text.HAL_UART_MspInit
                0x34001bac       0xcc ./Core/Src/usart.o
                0x34001bac                HAL_UART_MspInit
 .text.Reset_Handler
                0x34001c78       0x5c ./Core/Startup/startup_stm32n657x0hxq.o
                0x34001c78                Reset_Handler
 .text.Default_Handler
                0x34001cd4        0x2 ./Core/Startup/startup_stm32n657x0hxq.o
                0x34001cd4                HPDMA1_Channel13_IRQHandler
                0x34001cd4                EXTI2_IRQHandler
                0x34001cd4                MCE2_IRQHandler
                0x34001cd4                TIM8_CC_IRQHandler
                0x34001cd4                USB2_OTG_HS_IRQHandler
                0x34001cd4                SAI1_A_IRQHandler
                0x34001cd4                EXTI5_IRQHandler
                0x34001cd4                I3C1_ER_IRQHandler
                0x34001cd4                UART8_IRQHandler
                0x34001cd4                CTI_INT0_IRQHandler
                0x34001cd4                SPI4_IRQHandler
                0x34001cd4                LTDC_LO_IRQHandler
                0x34001cd4                NPU2_IRQHandler
                0x34001cd4                FDCAN3_IT0_IRQHandler
                0x34001cd4                EXTI13_IRQHandler
                0x34001cd4                TIM1_CC_IRQHandler
                0x34001cd4                XSPI1_IRQHandler
                0x34001cd4                TIM10_IRQHandler
                0x34001cd4                JPEG_IRQHandler
                0x34001cd4                TAMP_IRQHandler
                0x34001cd4                CACHE_ECC_IRQHandler
                0x34001cd4                TIM6_IRQHandler
                0x34001cd4                CSI_IRQHandler
                0x34001cd4                EXTI12_IRQHandler
                0x34001cd4                GFXTIM_IRQHandler
                0x34001cd4                EXTI3_IRQHandler
                0x34001cd4                LPTIM4_IRQHandler
                0x34001cd4                GPDMA1_Channel5_IRQHandler
                0x34001cd4                EXTI8_IRQHandler
                0x34001cd4                LPTIM2_IRQHandler
                0x34001cd4                GFXMMU_IRQHandler
                0x34001cd4                LTDC_LO_ERR_IRQHandler
                0x34001cd4                I2C3_ER_IRQHandler
                0x34001cd4                RIFSC_TAMPER_IRQHandler
                0x34001cd4                USART10_IRQHandler
                0x34001cd4                MDF1_FLT2_IRQHandler
                0x34001cd4                LPTIM3_IRQHandler
                0x34001cd4                SAI2_A_IRQHandler
                0x34001cd4                EXTI0_IRQHandler
                0x34001cd4                HPDMA1_Channel9_IRQHandler
                0x34001cd4                I2C2_EV_IRQHandler
                0x34001cd4                GPU2D_IRQHandler
                0x34001cd4                FPU_IRQHandler
                0x34001cd4                GPDMA1_Channel3_IRQHandler
                0x34001cd4                GPDMA1_Channel7_IRQHandler
                0x34001cd4                MDF1_FLT4_IRQHandler
                0x34001cd4                FDCAN1_IT1_IRQHandler
                0x34001cd4                HPDMA1_Channel3_IRQHandler
                0x34001cd4                ADC1_2_IRQHandler
                0x34001cd4                GPDMA1_Channel9_IRQHandler
                0x34001cd4                SPI1_IRQHandler
                0x34001cd4                CACHEAXI_IRQHandler
                0x34001cd4                SAI1_B_IRQHandler
                0x34001cd4                GPDMA1_Channel2_IRQHandler
                0x34001cd4                PAHB_ERR_IRQHandler
                0x34001cd4                TIM8_UP_IRQHandler
                0x34001cd4                RCC_S_IRQHandler
                0x34001cd4                MDF1_FLT1_IRQHandler
                0x34001cd4                LTDC_UP_IRQHandler
                0x34001cd4                LOCKUP_IRQHandler
                0x34001cd4                PKA_IRQHandler
                0x34001cd4                USART6_IRQHandler
                0x34001cd4                HPDMA1_Channel2_IRQHandler
                0x34001cd4                MDF1_FLT5_IRQHandler
                0x34001cd4                MCE4_IRQHandler
                0x34001cd4                I3C2_ER_IRQHandler
                0x34001cd4                EXTI15_IRQHandler
                0x34001cd4                TIM17_IRQHandler
                0x34001cd4                USART3_IRQHandler
                0x34001cd4                HPDMA1_Channel6_IRQHandler
                0x34001cd4                CRYP_IRQHandler
                0x34001cd4                RTC_IRQHandler
                0x34001cd4                XSPI2_IRQHandler
                0x34001cd4                EXTI9_IRQHandler
                0x34001cd4                IAC_IRQHandler
                0x34001cd4                HPDMA1_Channel0_IRQHandler
                0x34001cd4                LPTIM5_IRQHandler
                0x34001cd4                HPDMA1_Channel1_IRQHandler
                0x34001cd4                UART5_IRQHandler
                0x34001cd4                TIM4_IRQHandler
                0x34001cd4                NPU3_IRQHandler
                0x34001cd4                I3C2_EV_IRQHandler
                0x34001cd4                I2C1_EV_IRQHandler
                0x34001cd4                FDCAN_CU_IRQHandler
                0x34001cd4                GPDMA1_Channel12_IRQHandler
                0x34001cd4                HPDMA1_Channel7_IRQHandler
                0x34001cd4                GPDMA1_Channel1_IRQHandler
                0x34001cd4                TIM16_IRQHandler
                0x34001cd4                GPDMA1_Channel15_IRQHandler
                0x34001cd4                UART4_IRQHandler
                0x34001cd4                TCM_ECC_IRQHandler
                0x34001cd4                TIM3_IRQHandler
                0x34001cd4                RCC_IRQHandler
                0x34001cd4                UART9_IRQHandler
                0x34001cd4                NPU1_IRQHandler
                0x34001cd4                SAI2_B_IRQHandler
                0x34001cd4                Default_Handler
                0x34001cd4                GPDMA1_Channel8_IRQHandler
                0x34001cd4                HPDMA1_Channel8_IRQHandler
                0x34001cd4                TIM18_IRQHandler
                0x34001cd4                TIM14_IRQHandler
                0x34001cd4                TIM13_IRQHandler
                0x34001cd4                CTI_INT1_IRQHandler
                0x34001cd4                GPDMA1_Channel11_IRQHandler
                0x34001cd4                GPU2D_ER_IRQHandler
                0x34001cd4                SPI5_IRQHandler
                0x34001cd4                TIM12_IRQHandler
                0x34001cd4                TIM7_IRQHandler
                0x34001cd4                FDCAN3_IT1_IRQHandler
                0x34001cd4                HPDMA1_Channel10_IRQHandler
                0x34001cd4                SDMMC1_IRQHandler
                0x34001cd4                SAES_IRQHandler
                0x34001cd4                TIM5_IRQHandler
                0x34001cd4                UCPD1_IRQHandler
                0x34001cd4                GPDMA1_Channel0_IRQHandler
                0x34001cd4                I3C1_EV_IRQHandler
                0x34001cd4                HPDMA1_Channel5_IRQHandler
                0x34001cd4                TIM15_IRQHandler
                0x34001cd4                I2C3_EV_IRQHandler
                0x34001cd4                HPDMA1_Channel4_IRQHandler
                0x34001cd4                HPDMA1_Channel15_IRQHandler
                0x34001cd4                TIM9_IRQHandler
                0x34001cd4                ETH1_IRQHandler
                0x34001cd4                USB1_OTG_HS_IRQHandler
                0x34001cd4                PVD_PVM_IRQHandler
                0x34001cd4                SPI2_IRQHandler
                0x34001cd4                TIM1_TRG_CCU_IRQHandler
                0x34001cd4                HPDMA1_Channel11_IRQHandler
                0x34001cd4                EXTI14_IRQHandler
                0x34001cd4                EXTI11_IRQHandler
                0x34001cd4                VENC_IRQHandler
                0x34001cd4                GPDMA1_Channel14_IRQHandler
                0x34001cd4                EXTI4_IRQHandler
                0x34001cd4                RTC_S_IRQHandler
                0x34001cd4                GPDMA1_Channel13_IRQHandler
                0x34001cd4                RNG_IRQHandler
                0x34001cd4                XSPI3_IRQHandler
                0x34001cd4                FDCAN2_IT1_IRQHandler
                0x34001cd4                TIM1_UP_IRQHandler
                0x34001cd4                NPU0_IRQHandler
                0x34001cd4                BCK_ECC_IRQHandler
                0x34001cd4                WWDG_IRQHandler
                0x34001cd4                SPI6_IRQHandler
                0x34001cd4                MDIOS_IRQHandler
                0x34001cd4                I2C4_EV_IRQHandler
                0x34001cd4                FDCAN2_IT0_IRQHandler
                0x34001cd4                IWDG_IRQHandler
                0x34001cd4                HPDMA1_Channel14_IRQHandler
                0x34001cd4                LPUART1_IRQHandler
                0x34001cd4                FDCAN1_IT0_IRQHandler
                0x34001cd4                MDF1_FLT0_IRQHandler
                0x34001cd4                TIM2_IRQHandler
                0x34001cd4                MCE3_IRQHandler
                0x34001cd4                GPDMA1_Channel4_IRQHandler
                0x34001cd4                EXTI7_IRQHandler
                0x34001cd4                DMA2D_IRQHandler
                0x34001cd4                TIM1_BRK_IRQHandler
                0x34001cd4                EXTI1_IRQHandler
                0x34001cd4                SDMMC2_IRQHandler
                0x34001cd4                TIM11_IRQHandler
                0x34001cd4                LTDC_UP_ERR_IRQHandler
                0x34001cd4                UART7_IRQHandler
                0x34001cd4                DTS_IRQHandler
                0x34001cd4                MDF1_FLT3_IRQHandler
                0x34001cd4                USART2_IRQHandler
                0x34001cd4                GPDMA1_Channel6_IRQHandler
                0x34001cd4                ADF1_FLT0_IRQHandler
                0x34001cd4                I2C2_ER_IRQHandler
                0x34001cd4                MCE1_IRQHandler
                0x34001cd4                SPDIFRX_IRQHandler
                0x34001cd4                TIM8_BRK_IRQHandler
                0x34001cd4                HPDMA1_Channel12_IRQHandler
                0x34001cd4                USART1_IRQHandler
                0x34001cd4                EXTI10_IRQHandler
                0x34001cd4                SPI3_IRQHandler
                0x34001cd4                WAKEUP_PIN_IRQHandler
                0x34001cd4                DCMIPP_IRQHandler
                0x34001cd4                I2C1_ER_IRQHandler
                0x34001cd4                FMC_IRQHandler
                0x34001cd4                EXTI6_IRQHandler
                0x34001cd4                LPTIM1_IRQHandler
                0x34001cd4                DCMI_PSSI_IRQHandler
                0x34001cd4                TIM8_TRG_CCU_IRQHandler
                0x34001cd4                I2C4_ER_IRQHandler
                0x34001cd4                GPDMA1_Channel10_IRQHandler
                0x34001cd4                ICACHE_IRQHandler
                0x34001cd4                HASH_IRQHandler
 .text._vl53l7cx_poll_for_answer
                0x34001cd6       0xa0 ./Drivers/VL53L7CX_ULD/Src/vl53l7cx_api.o
 .text._vl53l7cx_poll_for_mcu_boot
                0x34001d76       0x82 ./Drivers/VL53L7CX_ULD/Src/vl53l7cx_api.o
 .text._vl53l7cx_send_offset_data
                0x34001df8      0x398 ./Drivers/VL53L7CX_ULD/Src/vl53l7cx_api.o
 .text._vl53l7cx_send_xtalk_data
                0x34002190      0x298 ./Drivers/VL53L7CX_ULD/Src/vl53l7cx_api.o
 .text.vl53l7cx_is_alive
                0x34002428       0x92 ./Drivers/VL53L7CX_ULD/Src/vl53l7cx_api.o
                0x34002428                vl53l7cx_is_alive
 *fill*         0x340024ba        0x2 
 .text.vl53l7cx_init
                0x340024bc      0x8d8 ./Drivers/VL53L7CX_ULD/Src/vl53l7cx_api.o
                0x340024bc                vl53l7cx_init
 .text.vl53l7cx_start_ranging
                0x34002d94      0x2f4 ./Drivers/VL53L7CX_ULD/Src/vl53l7cx_api.o
                0x34002d94                vl53l7cx_start_ranging
 .text.vl53l7cx_check_data_ready
                0x34003088       0xa0 ./Drivers/VL53L7CX_ULD/Src/vl53l7cx_api.o
                0x34003088                vl53l7cx_check_data_ready
 .text.vl53l7cx_get_ranging_data
                0x34003128      0x448 ./Drivers/VL53L7CX_ULD/Src/vl53l7cx_api.o
                0x34003128                vl53l7cx_get_ranging_data
 .text.vl53l7cx_get_resolution
                0x34003570       0x4a ./Drivers/VL53L7CX_ULD/Src/vl53l7cx_api.o
                0x34003570                vl53l7cx_get_resolution
 .text.vl53l7cx_set_resolution
                0x340035ba      0x1a8 ./Drivers/VL53L7CX_ULD/Src/vl53l7cx_api.o
                0x340035ba                vl53l7cx_set_resolution
 .text.vl53l7cx_set_ranging_frequency_hz
                0x34003762       0x42 ./Drivers/VL53L7CX_ULD/Src/vl53l7cx_api.o
                0x34003762                vl53l7cx_set_ranging_frequency_hz
 .text.vl53l7cx_dci_read_data
                0x340037a4      0x114 ./Drivers/VL53L7CX_ULD/Src/vl53l7cx_api.o
                0x340037a4                vl53l7cx_dci_read_data
 .text.vl53l7cx_dci_write_data
                0x340038b8      0x13e ./Drivers/VL53L7CX_ULD/Src/vl53l7cx_api.o
                0x340038b8                vl53l7cx_dci_write_data
 .text.vl53l7cx_dci_replace_data
                0x340039f6       0x58 ./Drivers/VL53L7CX_ULD/Src/vl53l7cx_api.o
                0x340039f6                vl53l7cx_dci_replace_data
 .text.HAL_Init
                0x34003a4e       0x28 ./STM32N6xx_HAL_Driver/Src/stm32n6xx_hal.o
                0x34003a4e                HAL_Init
 *fill*         0x34003a76        0x2 
 .text.HAL_InitTick
                0x34003a78       0x6c ./STM32N6xx_HAL_Driver/Src/stm32n6xx_hal.o
                0x34003a78                HAL_InitTick
 .text.HAL_IncTick
                0x34003ae4       0x28 ./STM32N6xx_HAL_Driver/Src/stm32n6xx_hal.o
                0x34003ae4                HAL_IncTick
 .text.HAL_GetTick
                0x34003b0c       0x18 ./STM32N6xx_HAL_Driver/Src/stm32n6xx_hal.o
                0x34003b0c                HAL_GetTick
 .text.HAL_Delay
                0x34003b24       0x48 ./STM32N6xx_HAL_Driver/Src/stm32n6xx_hal.o
                0x34003b24                HAL_Delay
 .text.__NVIC_SetPriorityGrouping
                0x34003b6c       0x48 ./STM32N6xx_HAL_Driver/Src/stm32n6xx_hal_cortex.o
 .text.__NVIC_GetPriorityGrouping
                0x34003bb4       0x1c ./STM32N6xx_HAL_Driver/Src/stm32n6xx_hal_cortex.o
 .text.__NVIC_SetPriority
                0x34003bd0       0x54 ./STM32N6xx_HAL_Driver/Src/stm32n6xx_hal_cortex.o
 .text.NVIC_EncodePriority
                0x34003c24       0x66 ./STM32N6xx_HAL_Driver/Src/stm32n6xx_hal_cortex.o
 *fill*         0x34003c8a        0x2 
 .text.SysTick_Config
                0x34003c8c       0x44 ./STM32N6xx_HAL_Driver/Src/stm32n6xx_hal_cortex.o
 .text.HAL_NVIC_SetPriorityGrouping
                0x34003cd0       0x16 ./STM32N6xx_HAL_Driver/Src/stm32n6xx_hal_cortex.o
                0x34003cd0                HAL_NVIC_SetPriorityGrouping
 .text.HAL_NVIC_SetPriority
                0x34003ce6       0x3a ./STM32N6xx_HAL_Driver/Src/stm32n6xx_hal_cortex.o
                0x34003ce6                HAL_NVIC_SetPriority
 .text.HAL_SYSTICK_Config
                0x34003d20       0x18 ./STM32N6xx_HAL_Driver/Src/stm32n6xx_hal_cortex.o
                0x34003d20                HAL_SYSTICK_Config
 .text.HAL_GPIO_Init
                0x34003d38      0x364 ./STM32N6xx_HAL_Driver/Src/stm32n6xx_hal_gpio.o
                0x34003d38                HAL_GPIO_Init
 .text.HAL_GPIO_WritePin
                0x3400409c       0x30 ./STM32N6xx_HAL_Driver/Src/stm32n6xx_hal_gpio.o
                0x3400409c                HAL_GPIO_WritePin
 .text.HAL_GPIO_TogglePin
                0x340040cc       0x34 ./STM32N6xx_HAL_Driver/Src/stm32n6xx_hal_gpio.o
                0x340040cc                HAL_GPIO_TogglePin
 .text.HAL_GPIO_ConfigPinAttributes
                0x34004100       0x8e ./STM32N6xx_HAL_Driver/Src/stm32n6xx_hal_gpio.o
                0x34004100                HAL_GPIO_ConfigPinAttributes
 *fill*         0x3400418e        0x2 
 .text.LL_RCC_HSI_GetDivider
                0x34004190       0x1c ./STM32N6xx_HAL_Driver/Src/stm32n6xx_hal_rcc.o
 .text.LL_RCC_GetSysClkSource
                0x340041ac       0x1c ./STM32N6xx_HAL_Driver/Src/stm32n6xx_hal_rcc.o
 .text.LL_RCC_IC2_GetSource
                0x340041c8       0x1c ./STM32N6xx_HAL_Driver/Src/stm32n6xx_hal_rcc.o
 .text.LL_RCC_IC2_GetDivider
                0x340041e4       0x20 ./STM32N6xx_HAL_Driver/Src/stm32n6xx_hal_rcc.o
 .text.HAL_RCC_GetSysClockFreq
                0x34004204       0x1e ./STM32N6xx_HAL_Driver/Src/stm32n6xx_hal_rcc.o
                0x34004204                HAL_RCC_GetSysClockFreq
 *fill*         0x34004222        0x2 
 .text.RCC_GetSysClockFreq
                0x34004224      0x104 ./STM32N6xx_HAL_Driver/Src/stm32n6xx_hal_rcc.o
 .text.LL_RCC_HSE_SelectHSEAsDiv2Clock
                0x34004328       0x20 ./STM32N6xx_HAL_Driver/Src/stm32n6xx_hal_rcc_ex.o
 .text.LL_RCC_HSE_SelectHSEDiv2AsDiv2Clock
                0x34004348       0x20 ./STM32N6xx_HAL_Driver/Src/stm32n6xx_hal_rcc_ex.o
 .text.LL_RCC_HSE_IsSelectedHSEDiv2AsDiv2Clock
                0x34004368       0x24 ./STM32N6xx_HAL_Driver/Src/stm32n6xx_hal_rcc_ex.o
 .text.LL_RCC_HSE_IsReady
                0x3400438c       0x24 ./STM32N6xx_HAL_Driver/Src/stm32n6xx_hal_rcc_ex.o
 .text.LL_RCC_HSI_IsReady
                0x340043b0       0x24 ./STM32N6xx_HAL_Driver/Src/stm32n6xx_hal_rcc_ex.o
 .text.LL_RCC_HSI_GetDivider
                0x340043d4       0x1c ./STM32N6xx_HAL_Driver/Src/stm32n6xx_hal_rcc_ex.o
 .text.LL_RCC_MSI_IsReady
                0x340043f0       0x24 ./STM32N6xx_HAL_Driver/Src/stm32n6xx_hal_rcc_ex.o
 .text.LL_RCC_MSI_GetFrequency
                0x34004414       0x1c ./STM32N6xx_HAL_Driver/Src/stm32n6xx_hal_rcc_ex.o
 .text.LL_RCC_LSE_IsReady
                0x34004430       0x24 ./STM32N6xx_HAL_Driver/Src/stm32n6xx_hal_rcc_ex.o
 .text.LL_RCC_LSI_IsReady
                0x34004454       0x1c ./STM32N6xx_HAL_Driver/Src/stm32n6xx_hal_rcc_ex.o
 .text.LL_RCC_GetAHBPrescaler
                0x34004470       0x1c ./STM32N6xx_HAL_Driver/Src/stm32n6xx_hal_rcc_ex.o
 .text.LL_RCC_GetAPB1Prescaler
                0x3400448c       0x1c ./STM32N6xx_HAL_Driver/Src/stm32n6xx_hal_rcc_ex.o
 .text.LL_RCC_GetAPB2Prescaler
                0x340044a8       0x1c ./STM32N6xx_HAL_Driver/Src/stm32n6xx_hal_rcc_ex.o
 .text.LL_RCC_GetAPB4Prescaler
                0x340044c4       0x1c ./STM32N6xx_HAL_Driver/Src/stm32n6xx_hal_rcc_ex.o
 .text.LL_RCC_GetAPB5Prescaler
                0x340044e0       0x1c ./STM32N6xx_HAL_Driver/Src/stm32n6xx_hal_rcc_ex.o
 .text.LL_RCC_SetClockSource
                0x340044fc       0x54 ./STM32N6xx_HAL_Driver/Src/stm32n6xx_hal_rcc_ex.o
 .text.LL_RCC_GetADCPrescaler
                0x34004550       0x1c ./STM32N6xx_HAL_Driver/Src/stm32n6xx_hal_rcc_ex.o
 .text.LL_RCC_SetADFClockSource
                0x3400456c       0x2c ./STM32N6xx_HAL_Driver/Src/stm32n6xx_hal_rcc_ex.o
 .text.LL_RCC_SetCLKPClockSource
                0x34004598       0x2c ./STM32N6xx_HAL_Driver/Src/stm32n6xx_hal_rcc_ex.o
 .text.LL_RCC_SetDCMIPPClockSource
                0x340045c4       0x2c ./STM32N6xx_HAL_Driver/Src/stm32n6xx_hal_rcc_ex.o
 .text.LL_RCC_SetETHClockSource
                0x340045f0       0x2c ./STM32N6xx_HAL_Driver/Src/stm32n6xx_hal_rcc_ex.o
 .text.LL_RCC_SetETHPHYInterface
                0x3400461c       0x2c ./STM32N6xx_HAL_Driver/Src/stm32n6xx_hal_rcc_ex.o
 .text.LL_RCC_GetETH1PTPDivider
                0x34004648       0x1c ./STM32N6xx_HAL_Driver/Src/stm32n6xx_hal_rcc_ex.o
 .text.LL_RCC_SetETHREFRXClockSource
                0x34004664       0x2c ./STM32N6xx_HAL_Driver/Src/stm32n6xx_hal_rcc_ex.o
 .text.LL_RCC_SetETHREFTXClockSource
                0x34004690       0x2c ./STM32N6xx_HAL_Driver/Src/stm32n6xx_hal_rcc_ex.o
 .text.LL_RCC_SetFDCANClockSource
                0x340046bc       0x2c ./STM32N6xx_HAL_Driver/Src/stm32n6xx_hal_rcc_ex.o
 .text.LL_RCC_SetFMCClockSource
                0x340046e8       0x2c ./STM32N6xx_HAL_Driver/Src/stm32n6xx_hal_rcc_ex.o
 .text.LL_RCC_SetI2CClockSource
                0x34004714       0x16 ./STM32N6xx_HAL_Driver/Src/stm32n6xx_hal_rcc_ex.o
 .text.LL_RCC_SetI3CClockSource
                0x3400472a       0x16 ./STM32N6xx_HAL_Driver/Src/stm32n6xx_hal_rcc_ex.o
 .text.LL_RCC_SetLPTIMClockSource
                0x34004740       0x16 ./STM32N6xx_HAL_Driver/Src/stm32n6xx_hal_rcc_ex.o
 *fill*         0x34004756        0x2 
 .text.LL_RCC_SetLPUARTClockSource
                0x34004758       0x2c ./STM32N6xx_HAL_Driver/Src/stm32n6xx_hal_rcc_ex.o
 .text.LL_RCC_SetLTDCClockSource
                0x34004784       0x2c ./STM32N6xx_HAL_Driver/Src/stm32n6xx_hal_rcc_ex.o
 .text.LL_RCC_SetMDFClockSource
                0x340047b0       0x2c ./STM32N6xx_HAL_Driver/Src/stm32n6xx_hal_rcc_ex.o
 .text.LL_RCC_SetOTGPHYClockSource
                0x340047dc       0x16 ./STM32N6xx_HAL_Driver/Src/stm32n6xx_hal_rcc_ex.o
 .text.LL_RCC_SetOTGPHYCKREFClockSource
                0x340047f2       0x16 ./STM32N6xx_HAL_Driver/Src/stm32n6xx_hal_rcc_ex.o
 .text.LL_RCC_SetPSSIClockSource
                0x34004808       0x2c ./STM32N6xx_HAL_Driver/Src/stm32n6xx_hal_rcc_ex.o
 .text.LL_RCC_SetSAIClockSource
                0x34004834       0x16 ./STM32N6xx_HAL_Driver/Src/stm32n6xx_hal_rcc_ex.o
 .text.LL_RCC_SetSDMMCClockSource
                0x3400484a       0x16 ./STM32N6xx_HAL_Driver/Src/stm32n6xx_hal_rcc_ex.o
 .text.LL_RCC_SetSPDIFRXClockSource
                0x34004860       0x2c ./STM32N6xx_HAL_Driver/Src/stm32n6xx_hal_rcc_ex.o
 .text.LL_RCC_SetSPIClockSource
                0x3400488c       0x16 ./STM32N6xx_HAL_Driver/Src/stm32n6xx_hal_rcc_ex.o
 .text.LL_RCC_SetUSARTClockSource
                0x340048a2       0x16 ./STM32N6xx_HAL_Driver/Src/stm32n6xx_hal_rcc_ex.o
 .text.LL_RCC_SetXSPIClockSource
                0x340048b8       0x16 ./STM32N6xx_HAL_Driver/Src/stm32n6xx_hal_rcc_ex.o
 *fill*         0x340048ce        0x2 
 .text.LL_RCC_GetClockSource
                0x340048d0       0x4c ./STM32N6xx_HAL_Driver/Src/stm32n6xx_hal_rcc_ex.o
 .text.LL_RCC_GetADCClockSource
                0x3400491c       0x24 ./STM32N6xx_HAL_Driver/Src/stm32n6xx_hal_rcc_ex.o
 .text.LL_RCC_GetADFClockSource
                0x34004940       0x24 ./STM32N6xx_HAL_Driver/Src/stm32n6xx_hal_rcc_ex.o
 .text.LL_RCC_GetCLKPClockSource
                0x34004964       0x24 ./STM32N6xx_HAL_Driver/Src/stm32n6xx_hal_rcc_ex.o
 .text.LL_RCC_GetDCMIPPClockSource
                0x34004988       0x24 ./STM32N6xx_HAL_Driver/Src/stm32n6xx_hal_rcc_ex.o
 .text.LL_RCC_GetETHClockSource
                0x340049ac       0x24 ./STM32N6xx_HAL_Driver/Src/stm32n6xx_hal_rcc_ex.o
 .text.LL_RCC_GetETHPTPClockSource
                0x340049d0       0x24 ./STM32N6xx_HAL_Driver/Src/stm32n6xx_hal_rcc_ex.o
 .text.LL_RCC_GetFDCANClockSource
                0x340049f4       0x24 ./STM32N6xx_HAL_Driver/Src/stm32n6xx_hal_rcc_ex.o
 .text.LL_RCC_GetFMCClockSource
                0x34004a18       0x24 ./STM32N6xx_HAL_Driver/Src/stm32n6xx_hal_rcc_ex.o
 .text.LL_RCC_GetI2CClockSource
                0x34004a3c       0x18 ./STM32N6xx_HAL_Driver/Src/stm32n6xx_hal_rcc_ex.o
 .text.LL_RCC_GetI3CClockSource
                0x34004a54       0x18 ./STM32N6xx_HAL_Driver/Src/stm32n6xx_hal_rcc_ex.o
 .text.LL_RCC_GetLPTIMClockSource
                0x34004a6c       0x18 ./STM32N6xx_HAL_Driver/Src/stm32n6xx_hal_rcc_ex.o
 .text.LL_RCC_GetLPUARTClockSource
                0x34004a84       0x24 ./STM32N6xx_HAL_Driver/Src/stm32n6xx_hal_rcc_ex.o
 .text.LL_RCC_GetLTDCClockSource
                0x34004aa8       0x24 ./STM32N6xx_HAL_Driver/Src/stm32n6xx_hal_rcc_ex.o
 .text.LL_RCC_GetMDFClockSource
                0x34004acc       0x24 ./STM32N6xx_HAL_Driver/Src/stm32n6xx_hal_rcc_ex.o
 .text.LL_RCC_GetPSSIClockSource
                0x34004af0       0x24 ./STM32N6xx_HAL_Driver/Src/stm32n6xx_hal_rcc_ex.o
 .text.LL_RCC_GetSAIClockSource
                0x34004b14       0x18 ./STM32N6xx_HAL_Driver/Src/stm32n6xx_hal_rcc_ex.o
 .text.LL_RCC_GetSDMMCClockSource
                0x34004b2c       0x18 ./STM32N6xx_HAL_Driver/Src/stm32n6xx_hal_rcc_ex.o
 .text.LL_RCC_GetSPDIFRXClockSource
                0x34004b44       0x24 ./STM32N6xx_HAL_Driver/Src/stm32n6xx_hal_rcc_ex.o
 .text.LL_RCC_GetSPIClockSource
                0x34004b68       0x18 ./STM32N6xx_HAL_Driver/Src/stm32n6xx_hal_rcc_ex.o
 .text.LL_RCC_GetUSARTClockSource
                0x34004b80       0x18 ./STM32N6xx_HAL_Driver/Src/stm32n6xx_hal_rcc_ex.o
 .text.LL_RCC_GetUARTClockSource
                0x34004b98       0x18 ./STM32N6xx_HAL_Driver/Src/stm32n6xx_hal_rcc_ex.o
 .text.LL_RCC_GetUSBClockSource
                0x34004bb0       0x18 ./STM32N6xx_HAL_Driver/Src/stm32n6xx_hal_rcc_ex.o
 .text.LL_RCC_GetXSPIClockSource
                0x34004bc8       0x18 ./STM32N6xx_HAL_Driver/Src/stm32n6xx_hal_rcc_ex.o
 .text.LL_RCC_SetRTCClockSource
                0x34004be0       0x2c ./STM32N6xx_HAL_Driver/Src/stm32n6xx_hal_rcc_ex.o
 .text.LL_RCC_GetRTCClockSource
                0x34004c0c       0x1c ./STM32N6xx_HAL_Driver/Src/stm32n6xx_hal_rcc_ex.o
 .text.LL_RCC_SetRTC_HSEPrescaler
                0x34004c28       0x2c ./STM32N6xx_HAL_Driver/Src/stm32n6xx_hal_rcc_ex.o
 .text.LL_RCC_SetTIMPrescaler
                0x34004c54       0x2c ./STM32N6xx_HAL_Driver/Src/stm32n6xx_hal_rcc_ex.o
 .text.LL_RCC_GetTIMPrescaler
                0x34004c80       0x1c ./STM32N6xx_HAL_Driver/Src/stm32n6xx_hal_rcc_ex.o
 .text.LL_RCC_PLL1_GetSource
                0x34004c9c       0x1c ./STM32N6xx_HAL_Driver/Src/stm32n6xx_hal_rcc_ex.o
 .text.LL_RCC_PLL1_IsReady
                0x34004cb8       0x28 ./STM32N6xx_HAL_Driver/Src/stm32n6xx_hal_rcc_ex.o
 .text.LL_RCC_PLL1_IsEnabledBypass
                0x34004ce0       0x28 ./STM32N6xx_HAL_Driver/Src/stm32n6xx_hal_rcc_ex.o
 .text.LL_RCC_PLL1_GetN
                0x34004d08       0x20 ./STM32N6xx_HAL_Driver/Src/stm32n6xx_hal_rcc_ex.o
 .text.LL_RCC_PLL1_GetM
                0x34004d28       0x20 ./STM32N6xx_HAL_Driver/Src/stm32n6xx_hal_rcc_ex.o
 .text.LL_RCC_PLL1_GetP1
                0x34004d48       0x20 ./STM32N6xx_HAL_Driver/Src/stm32n6xx_hal_rcc_ex.o
 .text.LL_RCC_PLL1_GetP2
                0x34004d68       0x20 ./STM32N6xx_HAL_Driver/Src/stm32n6xx_hal_rcc_ex.o
 .text.LL_RCC_PLL1P_IsEnabled
                0x34004d88       0x28 ./STM32N6xx_HAL_Driver/Src/stm32n6xx_hal_rcc_ex.o
 .text.LL_RCC_PLL1_GetFRACN
                0x34004db0       0x1c ./STM32N6xx_HAL_Driver/Src/stm32n6xx_hal_rcc_ex.o
 .text.LL_RCC_PLL2_GetSource
                0x34004dcc       0x1c ./STM32N6xx_HAL_Driver/Src/stm32n6xx_hal_rcc_ex.o
 .text.LL_RCC_PLL2_IsReady
                0x34004de8       0x28 ./STM32N6xx_HAL_Driver/Src/stm32n6xx_hal_rcc_ex.o
 .text.LL_RCC_PLL2_IsEnabledBypass
                0x34004e10       0x28 ./STM32N6xx_HAL_Driver/Src/stm32n6xx_hal_rcc_ex.o
 .text.LL_RCC_PLL2_GetN
                0x34004e38       0x20 ./STM32N6xx_HAL_Driver/Src/stm32n6xx_hal_rcc_ex.o
 .text.LL_RCC_PLL2_GetM
                0x34004e58       0x20 ./STM32N6xx_HAL_Driver/Src/stm32n6xx_hal_rcc_ex.o
 .text.LL_RCC_PLL2_GetP1
                0x34004e78       0x20 ./STM32N6xx_HAL_Driver/Src/stm32n6xx_hal_rcc_ex.o
 .text.LL_RCC_PLL2_GetP2
                0x34004e98       0x20 ./STM32N6xx_HAL_Driver/Src/stm32n6xx_hal_rcc_ex.o
 .text.LL_RCC_PLL2P_IsEnabled
                0x34004eb8       0x28 ./STM32N6xx_HAL_Driver/Src/stm32n6xx_hal_rcc_ex.o
 .text.LL_RCC_PLL2_GetFRACN
                0x34004ee0       0x1c ./STM32N6xx_HAL_Driver/Src/stm32n6xx_hal_rcc_ex.o
 .text.LL_RCC_PLL3_GetSource
                0x34004efc       0x1c ./STM32N6xx_HAL_Driver/Src/stm32n6xx_hal_rcc_ex.o
 .text.LL_RCC_PLL3_IsReady
                0x34004f18       0x28 ./STM32N6xx_HAL_Driver/Src/stm32n6xx_hal_rcc_ex.o
 .text.LL_RCC_PLL3_IsEnabledBypass
                0x34004f40       0x28 ./STM32N6xx_HAL_Driver/Src/stm32n6xx_hal_rcc_ex.o
 .text.LL_RCC_PLL3_GetN
                0x34004f68       0x20 ./STM32N6xx_HAL_Driver/Src/stm32n6xx_hal_rcc_ex.o
 .text.LL_RCC_PLL3_GetM
                0x34004f88       0x20 ./STM32N6xx_HAL_Driver/Src/stm32n6xx_hal_rcc_ex.o
 .text.LL_RCC_PLL3_GetP1
                0x34004fa8       0x20 ./STM32N6xx_HAL_Driver/Src/stm32n6xx_hal_rcc_ex.o
 .text.LL_RCC_PLL3_GetP2
                0x34004fc8       0x20 ./STM32N6xx_HAL_Driver/Src/stm32n6xx_hal_rcc_ex.o
 .text.LL_RCC_PLL3P_IsEnabled
                0x34004fe8       0x28 ./STM32N6xx_HAL_Driver/Src/stm32n6xx_hal_rcc_ex.o
 .text.LL_RCC_PLL3_GetFRACN
                0x34005010       0x1c ./STM32N6xx_HAL_Driver/Src/stm32n6xx_hal_rcc_ex.o
 .text.LL_RCC_PLL4_GetSource
                0x3400502c       0x1c ./STM32N6xx_HAL_Driver/Src/stm32n6xx_hal_rcc_ex.o
 .text.LL_RCC_PLL4_IsReady
                0x34005048       0x28 ./STM32N6xx_HAL_Driver/Src/stm32n6xx_hal_rcc_ex.o
 .text.LL_RCC_PLL4_IsEnabledBypass
                0x34005070       0x28 ./STM32N6xx_HAL_Driver/Src/stm32n6xx_hal_rcc_ex.o
 .text.LL_RCC_PLL4_GetN
                0x34005098       0x20 ./STM32N6xx_HAL_Driver/Src/stm32n6xx_hal_rcc_ex.o
 .text.LL_RCC_PLL4_GetM
                0x340050b8       0x20 ./STM32N6xx_HAL_Driver/Src/stm32n6xx_hal_rcc_ex.o
 .text.LL_RCC_PLL4_GetP1
                0x340050d8       0x20 ./STM32N6xx_HAL_Driver/Src/stm32n6xx_hal_rcc_ex.o
 .text.LL_RCC_PLL4_GetP2
                0x340050f8       0x20 ./STM32N6xx_HAL_Driver/Src/stm32n6xx_hal_rcc_ex.o
 .text.LL_RCC_PLL4P_IsEnabled
                0x34005118       0x28 ./STM32N6xx_HAL_Driver/Src/stm32n6xx_hal_rcc_ex.o
 .text.LL_RCC_PLL4_GetFRACN
                0x34005140       0x1c ./STM32N6xx_HAL_Driver/Src/stm32n6xx_hal_rcc_ex.o
 .text.LL_RCC_IC3_Enable
                0x3400515c       0x1c ./STM32N6xx_HAL_Driver/Src/stm32n6xx_hal_rcc_ex.o
 .text.LL_RCC_IC3_IsEnabled
                0x34005178       0x28 ./STM32N6xx_HAL_Driver/Src/stm32n6xx_hal_rcc_ex.o
 .text.LL_RCC_IC3_GetSource
                0x340051a0       0x1c ./STM32N6xx_HAL_Driver/Src/stm32n6xx_hal_rcc_ex.o
 .text.LL_RCC_IC3_GetDivider
                0x340051bc       0x20 ./STM32N6xx_HAL_Driver/Src/stm32n6xx_hal_rcc_ex.o
 .text.LL_RCC_IC4_Enable
                0x340051dc       0x1c ./STM32N6xx_HAL_Driver/Src/stm32n6xx_hal_rcc_ex.o
 .text.LL_RCC_IC4_IsEnabled
                0x340051f8       0x28 ./STM32N6xx_HAL_Driver/Src/stm32n6xx_hal_rcc_ex.o
 .text.LL_RCC_IC4_GetSource
                0x34005220       0x1c ./STM32N6xx_HAL_Driver/Src/stm32n6xx_hal_rcc_ex.o
 .text.LL_RCC_IC4_GetDivider
                0x3400523c       0x20 ./STM32N6xx_HAL_Driver/Src/stm32n6xx_hal_rcc_ex.o
 .text.LL_RCC_IC5_Enable
                0x3400525c       0x1c ./STM32N6xx_HAL_Driver/Src/stm32n6xx_hal_rcc_ex.o
 .text.LL_RCC_IC5_IsEnabled
                0x34005278       0x28 ./STM32N6xx_HAL_Driver/Src/stm32n6xx_hal_rcc_ex.o
 .text.LL_RCC_IC5_GetSource
                0x340052a0       0x1c ./STM32N6xx_HAL_Driver/Src/stm32n6xx_hal_rcc_ex.o
 .text.LL_RCC_IC5_GetDivider
                0x340052bc       0x20 ./STM32N6xx_HAL_Driver/Src/stm32n6xx_hal_rcc_ex.o
 .text.LL_RCC_IC7_Enable
                0x340052dc       0x1c ./STM32N6xx_HAL_Driver/Src/stm32n6xx_hal_rcc_ex.o
 .text.LL_RCC_IC7_IsEnabled
                0x340052f8       0x28 ./STM32N6xx_HAL_Driver/Src/stm32n6xx_hal_rcc_ex.o
 .text.LL_RCC_IC7_GetSource
                0x34005320       0x1c ./STM32N6xx_HAL_Driver/Src/stm32n6xx_hal_rcc_ex.o
 .text.LL_RCC_IC7_GetDivider
                0x3400533c       0x20 ./STM32N6xx_HAL_Driver/Src/stm32n6xx_hal_rcc_ex.o
 .text.LL_RCC_IC8_Enable
                0x3400535c       0x1c ./STM32N6xx_HAL_Driver/Src/stm32n6xx_hal_rcc_ex.o
 .text.LL_RCC_IC8_IsEnabled
                0x34005378       0x28 ./STM32N6xx_HAL_Driver/Src/stm32n6xx_hal_rcc_ex.o
 .text.LL_RCC_IC8_GetSource
                0x340053a0       0x1c ./STM32N6xx_HAL_Driver/Src/stm32n6xx_hal_rcc_ex.o
 .text.LL_RCC_IC8_GetDivider
                0x340053bc       0x20 ./STM32N6xx_HAL_Driver/Src/stm32n6xx_hal_rcc_ex.o
 .text.LL_RCC_IC9_Enable
                0x340053dc       0x1c ./STM32N6xx_HAL_Driver/Src/stm32n6xx_hal_rcc_ex.o
 .text.LL_RCC_IC9_IsEnabled
                0x340053f8       0x28 ./STM32N6xx_HAL_Driver/Src/stm32n6xx_hal_rcc_ex.o
 .text.LL_RCC_IC9_GetSource
                0x34005420       0x1c ./STM32N6xx_HAL_Driver/Src/stm32n6xx_hal_rcc_ex.o
 .text.LL_RCC_IC9_GetDivider
                0x3400543c       0x20 ./STM32N6xx_HAL_Driver/Src/stm32n6xx_hal_rcc_ex.o
 .text.LL_RCC_IC10_Enable
                0x3400545c       0x1c ./STM32N6xx_HAL_Driver/Src/stm32n6xx_hal_rcc_ex.o
 .text.LL_RCC_IC10_IsEnabled
                0x34005478       0x28 ./STM32N6xx_HAL_Driver/Src/stm32n6xx_hal_rcc_ex.o
 .text.LL_RCC_IC10_GetSource
                0x340054a0       0x1c ./STM32N6xx_HAL_Driver/Src/stm32n6xx_hal_rcc_ex.o
 .text.LL_RCC_IC10_GetDivider
                0x340054bc       0x20 ./STM32N6xx_HAL_Driver/Src/stm32n6xx_hal_rcc_ex.o
 .text.LL_RCC_IC12_Enable
                0x340054dc       0x1c ./STM32N6xx_HAL_Driver/Src/stm32n6xx_hal_rcc_ex.o
 .text.LL_RCC_IC12_IsEnabled
                0x340054f8       0x28 ./STM32N6xx_HAL_Driver/Src/stm32n6xx_hal_rcc_ex.o
 .text.LL_RCC_IC12_GetSource
                0x34005520       0x1c ./STM32N6xx_HAL_Driver/Src/stm32n6xx_hal_rcc_ex.o
 .text.LL_RCC_IC12_GetDivider
                0x3400553c       0x20 ./STM32N6xx_HAL_Driver/Src/stm32n6xx_hal_rcc_ex.o
 .text.LL_RCC_IC13_Enable
                0x3400555c       0x1c ./STM32N6xx_HAL_Driver/Src/stm32n6xx_hal_rcc_ex.o
 .text.LL_RCC_IC13_IsEnabled
                0x34005578       0x28 ./STM32N6xx_HAL_Driver/Src/stm32n6xx_hal_rcc_ex.o
 .text.LL_RCC_IC13_GetSource
                0x340055a0       0x1c ./STM32N6xx_HAL_Driver/Src/stm32n6xx_hal_rcc_ex.o
 .text.LL_RCC_IC13_GetDivider
                0x340055bc       0x20 ./STM32N6xx_HAL_Driver/Src/stm32n6xx_hal_rcc_ex.o
 .text.LL_RCC_IC14_Enable
                0x340055dc       0x1c ./STM32N6xx_HAL_Driver/Src/stm32n6xx_hal_rcc_ex.o
 .text.LL_RCC_IC14_IsEnabled
                0x340055f8       0x28 ./STM32N6xx_HAL_Driver/Src/stm32n6xx_hal_rcc_ex.o
 .text.LL_RCC_IC14_GetSource
                0x34005620       0x1c ./STM32N6xx_HAL_Driver/Src/stm32n6xx_hal_rcc_ex.o
 .text.LL_RCC_IC14_GetDivider
                0x3400563c       0x20 ./STM32N6xx_HAL_Driver/Src/stm32n6xx_hal_rcc_ex.o
 .text.LL_RCC_IC15_Enable
                0x3400565c       0x1c ./STM32N6xx_HAL_Driver/Src/stm32n6xx_hal_rcc_ex.o
 .text.LL_RCC_IC15_IsEnabled
                0x34005678       0x28 ./STM32N6xx_HAL_Driver/Src/stm32n6xx_hal_rcc_ex.o
 .text.LL_RCC_IC15_GetSource
                0x340056a0       0x1c ./STM32N6xx_HAL_Driver/Src/stm32n6xx_hal_rcc_ex.o
 .text.LL_RCC_IC15_GetDivider
                0x340056bc       0x20 ./STM32N6xx_HAL_Driver/Src/stm32n6xx_hal_rcc_ex.o
 .text.LL_RCC_IC16_Enable
                0x340056dc       0x1c ./STM32N6xx_HAL_Driver/Src/stm32n6xx_hal_rcc_ex.o
 .text.LL_RCC_IC16_IsEnabled
                0x340056f8       0x28 ./STM32N6xx_HAL_Driver/Src/stm32n6xx_hal_rcc_ex.o
 .text.LL_RCC_IC16_GetSource
                0x34005720       0x1c ./STM32N6xx_HAL_Driver/Src/stm32n6xx_hal_rcc_ex.o
 .text.LL_RCC_IC16_GetDivider
                0x3400573c       0x20 ./STM32N6xx_HAL_Driver/Src/stm32n6xx_hal_rcc_ex.o
 .text.LL_RCC_IC17_Enable
                0x3400575c       0x1c ./STM32N6xx_HAL_Driver/Src/stm32n6xx_hal_rcc_ex.o
 .text.LL_RCC_IC17_IsEnabled
                0x34005778       0x28 ./STM32N6xx_HAL_Driver/Src/stm32n6xx_hal_rcc_ex.o
 .text.LL_RCC_IC17_GetSource
                0x340057a0       0x1c ./STM32N6xx_HAL_Driver/Src/stm32n6xx_hal_rcc_ex.o
 .text.LL_RCC_IC17_GetDivider
                0x340057bc       0x20 ./STM32N6xx_HAL_Driver/Src/stm32n6xx_hal_rcc_ex.o
 .text.LL_RCC_IC18_Enable
                0x340057dc       0x1c ./STM32N6xx_HAL_Driver/Src/stm32n6xx_hal_rcc_ex.o
 .text.LL_RCC_IC18_IsEnabled
                0x340057f8       0x28 ./STM32N6xx_HAL_Driver/Src/stm32n6xx_hal_rcc_ex.o
 .text.LL_RCC_IC18_GetSource
                0x34005820       0x1c ./STM32N6xx_HAL_Driver/Src/stm32n6xx_hal_rcc_ex.o
 .text.LL_RCC_IC18_GetDivider
                0x3400583c       0x20 ./STM32N6xx_HAL_Driver/Src/stm32n6xx_hal_rcc_ex.o
 .text.LL_RCC_IC19_Enable
                0x3400585c       0x1c ./STM32N6xx_HAL_Driver/Src/stm32n6xx_hal_rcc_ex.o
 .text.LL_RCC_IC19_IsEnabled
                0x34005878       0x28 ./STM32N6xx_HAL_Driver/Src/stm32n6xx_hal_rcc_ex.o
 .text.LL_RCC_IC19_GetSource
                0x340058a0       0x1c ./STM32N6xx_HAL_Driver/Src/stm32n6xx_hal_rcc_ex.o
 .text.LL_RCC_IC19_GetDivider
                0x340058bc       0x20 ./STM32N6xx_HAL_Driver/Src/stm32n6xx_hal_rcc_ex.o
 .text.LL_RCC_IC20_Enable
                0x340058dc       0x1c ./STM32N6xx_HAL_Driver/Src/stm32n6xx_hal_rcc_ex.o
 .text.LL_RCC_IC20_IsEnabled
                0x340058f8       0x28 ./STM32N6xx_HAL_Driver/Src/stm32n6xx_hal_rcc_ex.o
 .text.LL_RCC_IC20_GetSource
                0x34005920       0x1c ./STM32N6xx_HAL_Driver/Src/stm32n6xx_hal_rcc_ex.o
 .text.LL_RCC_IC20_GetDivider
                0x3400593c       0x20 ./STM32N6xx_HAL_Driver/Src/stm32n6xx_hal_rcc_ex.o
 .text.LL_RCC_CLKP_Enable
                0x3400595c       0x1c ./STM32N6xx_HAL_Driver/Src/stm32n6xx_hal_rcc_ex.o
 .text.LL_RCC_CLKP_IsEnabled
                0x34005978       0x28 ./STM32N6xx_HAL_Driver/Src/stm32n6xx_hal_rcc_ex.o
 .text.HAL_RCCEx_PeriphCLKConfig
                0x340059a0     0x25c8 ./STM32N6xx_HAL_Driver/Src/stm32n6xx_hal_rcc_ex.o
                0x340059a0                HAL_RCCEx_PeriphCLKConfig
 .text.HAL_RCCEx_GetPeriphCLKFreq
                0x34007f68      0x938 ./STM32N6xx_HAL_Driver/Src/stm32n6xx_hal_rcc_ex.o
                0x34007f68                HAL_RCCEx_GetPeriphCLKFreq
 .text.HAL_RCCEx_GetPLL1CLKFreq
                0x340088a0       0x8c ./STM32N6xx_HAL_Driver/Src/stm32n6xx_hal_rcc_ex.o
                0x340088a0                HAL_RCCEx_GetPLL1CLKFreq
 .text.HAL_RCCEx_GetPLL2CLKFreq
                0x3400892c       0x8c ./STM32N6xx_HAL_Driver/Src/stm32n6xx_hal_rcc_ex.o
                0x3400892c                HAL_RCCEx_GetPLL2CLKFreq
 .text.HAL_RCCEx_GetPLL3CLKFreq
                0x340089b8       0x8c ./STM32N6xx_HAL_Driver/Src/stm32n6xx_hal_rcc_ex.o
                0x340089b8                HAL_RCCEx_GetPLL3CLKFreq
 .text.HAL_RCCEx_GetPLL4CLKFreq
                0x34008a44       0x8c ./STM32N6xx_HAL_Driver/Src/stm32n6xx_hal_rcc_ex.o
                0x34008a44                HAL_RCCEx_GetPLL4CLKFreq
 .text.RCCEx_GetHCLKFreq
                0x34008ad0       0x22 ./STM32N6xx_HAL_Driver/Src/stm32n6xx_hal_rcc_ex.o
 .text.RCCEx_GetPCLK1Freq
                0x34008af2       0x20 ./STM32N6xx_HAL_Driver/Src/stm32n6xx_hal_rcc_ex.o
 .text.RCCEx_GetPCLK2Freq
                0x34008b12       0x22 ./STM32N6xx_HAL_Driver/Src/stm32n6xx_hal_rcc_ex.o
 .text.RCCEx_GetPCLK4Freq
                0x34008b34       0x22 ./STM32N6xx_HAL_Driver/Src/stm32n6xx_hal_rcc_ex.o
 .text.RCCEx_GetPCLK5Freq
                0x34008b56       0x22 ./STM32N6xx_HAL_Driver/Src/stm32n6xx_hal_rcc_ex.o
 .text.RCCEx_GetPLLSourceFreq
                0x34008b78       0xbc ./STM32N6xx_HAL_Driver/Src/stm32n6xx_hal_rcc_ex.o
 .text.RCCEx_CalcPLLFreq
                0x34008c34       0x98 ./STM32N6xx_HAL_Driver/Src/stm32n6xx_hal_rcc_ex.o
 .text.RCCEx_GetADCCLKFreq
                0x34008ccc      0x204 ./STM32N6xx_HAL_Driver/Src/stm32n6xx_hal_rcc_ex.o
 .text.RCCEx_GetADFCLKFreq
                0x34008ed0      0x1d8 ./STM32N6xx_HAL_Driver/Src/stm32n6xx_hal_rcc_ex.o
 .text.RCCEx_GetCLKPCLKFreq
                0x340090a8      0x36c ./STM32N6xx_HAL_Driver/Src/stm32n6xx_hal_rcc_ex.o
 .text.RCCEx_GetCSICLKFreq
                0x34009414       0x98 ./STM32N6xx_HAL_Driver/Src/stm32n6xx_hal_rcc_ex.o
 .text.RCCEx_GetDCMIPPCLKFreq
                0x340094ac      0x114 ./STM32N6xx_HAL_Driver/Src/stm32n6xx_hal_rcc_ex.o
 .text.RCCEx_GetETH1CLKFreq
                0x340095c0      0x100 ./STM32N6xx_HAL_Driver/Src/stm32n6xx_hal_rcc_ex.o
 .text.RCCEx_GetETH1PTPCLKFreq
                0x340096c0      0x108 ./STM32N6xx_HAL_Driver/Src/stm32n6xx_hal_rcc_ex.o
 .text.RCCEx_GetFDCANCLKFreq
                0x340097c8      0x100 ./STM32N6xx_HAL_Driver/Src/stm32n6xx_hal_rcc_ex.o
 .text.RCCEx_GetFMCCLKFreq
                0x340098c8      0x16e ./STM32N6xx_HAL_Driver/Src/stm32n6xx_hal_rcc_ex.o
 *fill*         0x34009a36        0x2 
 .text.RCCEx_GetI2CCLKFreq
                0x34009a38      0x350 ./STM32N6xx_HAL_Driver/Src/stm32n6xx_hal_rcc_ex.o
 .text.RCCEx_GetI3CCLKFreq
                0x34009d88      0x268 ./STM32N6xx_HAL_Driver/Src/stm32n6xx_hal_rcc_ex.o
 .text.RCCEx_GetLPTIMCLKFreq
                0x34009ff0      0x354 ./STM32N6xx_HAL_Driver/Src/stm32n6xx_hal_rcc_ex.o
 .text.RCCEx_GetLPUARTCLKFreq
                0x3400a344      0x204 ./STM32N6xx_HAL_Driver/Src/stm32n6xx_hal_rcc_ex.o
 .text.RCCEx_GetLTDCCLKFreq
                0x3400a548      0x114 ./STM32N6xx_HAL_Driver/Src/stm32n6xx_hal_rcc_ex.o
 .text.RCCEx_GetMDFCLKFreq
                0x3400a65c      0x214 ./STM32N6xx_HAL_Driver/Src/stm32n6xx_hal_rcc_ex.o
 .text.RCCEx_GetPSSICLKFreq
                0x3400a870      0x104 ./STM32N6xx_HAL_Driver/Src/stm32n6xx_hal_rcc_ex.o
 .text.RCCEx_GetRTCCLKFreq
                0x3400a974       0xa4 ./STM32N6xx_HAL_Driver/Src/stm32n6xx_hal_rcc_ex.o
 .text.RCCEx_GetSAICLKFreq
                0x3400aa18      0x2cc ./STM32N6xx_HAL_Driver/Src/stm32n6xx_hal_rcc_ex.o
 .text.RCCEx_GetSDMMCCLKFreq
                0x3400ace4      0x1d4 ./STM32N6xx_HAL_Driver/Src/stm32n6xx_hal_rcc_ex.o
 .text.RCCEx_GetSPDIFRXCLKFreq
                0x3400aeb8      0x1c8 ./STM32N6xx_HAL_Driver/Src/stm32n6xx_hal_rcc_ex.o
 .text.RCCEx_GetSPICLKFreq
                0x3400b080      0x5a4 ./STM32N6xx_HAL_Driver/Src/stm32n6xx_hal_rcc_ex.o
 .text.RCCEx_GetUARTCLKFreq
                0x3400b624      0x454 ./STM32N6xx_HAL_Driver/Src/stm32n6xx_hal_rcc_ex.o
 .text.RCCEx_GetUSARTCLKFreq
                0x3400ba78      0x454 ./STM32N6xx_HAL_Driver/Src/stm32n6xx_hal_rcc_ex.o
 .text.RCCEx_GetOTGPHYCLKFreq
                0x3400becc      0x16c ./STM32N6xx_HAL_Driver/Src/stm32n6xx_hal_rcc_ex.o
 .text.RCCEx_GetOTGPHYCKREFCLKFreq
                0x3400c038       0xa0 ./STM32N6xx_HAL_Driver/Src/stm32n6xx_hal_rcc_ex.o
 .text.RCCEx_GetXSPICLKFreq
                0x3400c0d8      0x220 ./STM32N6xx_HAL_Driver/Src/stm32n6xx_hal_rcc_ex.o
 .text.HAL_UART_Init
                0x3400c2f8       0xa0 ./STM32N6xx_HAL_Driver/Src/stm32n6xx_hal_uart.o
                0x3400c2f8                HAL_UART_Init
 .text.HAL_UART_Transmit
                0x3400c398      0x132 ./STM32N6xx_HAL_Driver/Src/stm32n6xx_hal_uart.o
                0x3400c398                HAL_UART_Transmit
 *fill*         0x3400c4ca        0x2 
 .text.UART_SetConfig
                0x3400c4cc      0x3d8 ./STM32N6xx_HAL_Driver/Src/stm32n6xx_hal_uart.o
                0x3400c4cc                UART_SetConfig
 .text.UART_AdvFeatureConfig
                0x3400c8a4      0x144 ./STM32N6xx_HAL_Driver/Src/stm32n6xx_hal_uart.o
                0x3400c8a4                UART_AdvFeatureConfig
 .text.UART_CheckIdleState
                0x3400c9e8      0x154 ./STM32N6xx_HAL_Driver/Src/stm32n6xx_hal_uart.o
                0x3400c9e8                UART_CheckIdleState
 .text.UART_WaitOnFlagUntilTimeout
                0x3400cb3c       0xda ./STM32N6xx_HAL_Driver/Src/stm32n6xx_hal_uart.o
                0x3400cb3c                UART_WaitOnFlagUntilTimeout
 .text.UART_EndRxTransfer
                0x3400cc16       0xcc ./STM32N6xx_HAL_Driver/Src/stm32n6xx_hal_uart.o
 .text.HAL_UARTEx_DisableFifoMode
                0x3400cce2       0x72 ./STM32N6xx_HAL_Driver/Src/stm32n6xx_hal_uart_ex.o
                0x3400cce2                HAL_UARTEx_DisableFifoMode
 .text.HAL_UARTEx_SetTxFifoThreshold
                0x3400cd54       0x7c ./STM32N6xx_HAL_Driver/Src/stm32n6xx_hal_uart_ex.o
                0x3400cd54                HAL_UARTEx_SetTxFifoThreshold
 .text.HAL_UARTEx_SetRxFifoThreshold
                0x3400cdd0       0x7c ./STM32N6xx_HAL_Driver/Src/stm32n6xx_hal_uart_ex.o
                0x3400cdd0                HAL_UARTEx_SetRxFifoThreshold
 .text.UARTEx_SetNbDataToProcess
                0x3400ce4c       0x9c ./STM32N6xx_HAL_Driver/Src/stm32n6xx_hal_uart_ex.o
 .text.dbg_print
                0x3400cee8       0x2c ./ToF/claritone_tof_test.o
 .text.sensor_power_on
                0x3400cf14       0x3c ./ToF/claritone_tof_test.o
 .text.claritone_tof_test_init
                0x3400cf50      0x2b4 ./ToF/claritone_tof_test.o
                0x3400cf50                claritone_tof_test_init
 .text.claritone_tof_test_ranging_loop
                0x3400d204      0x1f4 ./ToF/claritone_tof_test.o
                0x3400d204                claritone_tof_test_ranging_loop
 .text.VL53L7CX_RdByte
                0x3400d3f8       0xb2 ./ToF/platform.o
                0x3400d3f8                VL53L7CX_RdByte
 .text.VL53L7CX_WrByte
                0x3400d4aa       0x96 ./ToF/platform.o
                0x3400d4aa                VL53L7CX_WrByte
 .text.VL53L7CX_RdMulti
                0x3400d540       0xe8 ./ToF/platform.o
                0x3400d540                VL53L7CX_RdMulti
 .text.VL53L7CX_WrMulti
                0x3400d628       0xba ./ToF/platform.o
                0x3400d628                VL53L7CX_WrMulti
 .text.VL53L7CX_SwapBuffer
                0x3400d6e2       0x82 ./ToF/platform.o
                0x3400d6e2                VL53L7CX_SwapBuffer
 .text.VL53L7CX_WaitMs
                0x3400d764       0x1a ./ToF/platform.o
                0x3400d764                VL53L7CX_WaitMs
 *fill*         0x3400d77e        0x2 
 .text.snprintf
                0x3400d780       0x6c C:/ST/STM32CubeIDE_2.1.1/STM32CubeIDE/plugins/com.st.stm32cube.ide.mcu.externaltools.gnu-tools-for-stm32.14.3.rel1.win32_1.0.100.202602081740/tools/bin/../lib/gcc/arm-none-eabi/14.3.1/../../../../arm-none-eabi/lib/thumb/v8-m.main+dp/hard\libc_nano.a(libc_a-snprintf.o)
                0x3400d780                sniprintf
                0x3400d780                snprintf
 .text.memset   0x3400d7ec       0x10 C:/ST/STM32CubeIDE_2.1.1/STM32CubeIDE/plugins/com.st.stm32cube.ide.mcu.externaltools.gnu-tools-for-stm32.14.3.rel1.win32_1.0.100.202602081740/tools/bin/../lib/gcc/arm-none-eabi/14.3.1/../../../../arm-none-eabi/lib/thumb/v8-m.main+dp/hard\libc_nano.a(libc_a-memset.o)
                0x3400d7ec                memset
 .text.__errno  0x3400d7fc        0xc C:/ST/STM32CubeIDE_2.1.1/STM32CubeIDE/plugins/com.st.stm32cube.ide.mcu.externaltools.gnu-tools-for-stm32.14.3.rel1.win32_1.0.100.202602081740/tools/bin/../lib/gcc/arm-none-eabi/14.3.1/../../../../arm-none-eabi/lib/thumb/v8-m.main+dp/hard\libc_nano.a(libc_a-errno.o)
                0x3400d7fc                __errno
 .text.__libc_init_array
                0x3400d808       0x48 C:/ST/STM32CubeIDE_2.1.1/STM32CubeIDE/plugins/com.st.stm32cube.ide.mcu.externaltools.gnu-tools-for-stm32.14.3.rel1.win32_1.0.100.202602081740/tools/bin/../lib/gcc/arm-none-eabi/14.3.1/../../../../arm-none-eabi/lib/thumb/v8-m.main+dp/hard\libc_nano.a(libc_a-init.o)
                0x3400d808                __libc_init_array
 .text.__retarget_lock_acquire_recursive
                0x3400d850        0x2 C:/ST/STM32CubeIDE_2.1.1/STM32CubeIDE/plugins/com.st.stm32cube.ide.mcu.externaltools.gnu-tools-for-stm32.14.3.rel1.win32_1.0.100.202602081740/tools/bin/../lib/gcc/arm-none-eabi/14.3.1/../../../../arm-none-eabi/lib/thumb/v8-m.main+dp/hard\libc_nano.a(libc_a-lock.o)
                0x3400d850                __retarget_lock_acquire_recursive
 .text.__retarget_lock_release_recursive
                0x3400d852        0x2 C:/ST/STM32CubeIDE_2.1.1/STM32CubeIDE/plugins/com.st.stm32cube.ide.mcu.externaltools.gnu-tools-for-stm32.14.3.rel1.win32_1.0.100.202602081740/tools/bin/../lib/gcc/arm-none-eabi/14.3.1/../../../../arm-none-eabi/lib/thumb/v8-m.main+dp/hard\libc_nano.a(libc_a-lock.o)
                0x3400d852                __retarget_lock_release_recursive
 .text.memcpy   0x3400d854       0x1a C:/ST/STM32CubeIDE_2.1.1/STM32CubeIDE/plugins/com.st.stm32cube.ide.mcu.externaltools.gnu-tools-for-stm32.14.3.rel1.win32_1.0.100.202602081740/tools/bin/../lib/gcc/arm-none-eabi/14.3.1/../../../../arm-none-eabi/lib/thumb/v8-m.main+dp/hard\libc_nano.a(libc_a-memcpy-stub.o)
                0x3400d854                memcpy
 *fill*         0x3400d86e        0x2 
 .text._free_r  0x3400d870       0x94 C:/ST/STM32CubeIDE_2.1.1/STM32CubeIDE/plugins/com.st.stm32cube.ide.mcu.externaltools.gnu-tools-for-stm32.14.3.rel1.win32_1.0.100.202602081740/tools/bin/../lib/gcc/arm-none-eabi/14.3.1/../../../../arm-none-eabi/lib/thumb/v8-m.main+dp/hard\libc_nano.a(libc_a-freer.o)
                0x3400d870                _free_r
 .text.sbrk_aligned
                0x3400d904       0x44 C:/ST/STM32CubeIDE_2.1.1/STM32CubeIDE/plugins/com.st.stm32cube.ide.mcu.externaltools.gnu-tools-for-stm32.14.3.rel1.win32_1.0.100.202602081740/tools/bin/../lib/gcc/arm-none-eabi/14.3.1/../../../../arm-none-eabi/lib/thumb/v8-m.main+dp/hard\libc_nano.a(libc_a-mallocr.o)
 .text._malloc_r
                0x3400d948      0x100 C:/ST/STM32CubeIDE_2.1.1/STM32CubeIDE/plugins/com.st.stm32cube.ide.mcu.externaltools.gnu-tools-for-stm32.14.3.rel1.win32_1.0.100.202602081740/tools/bin/../lib/gcc/arm-none-eabi/14.3.1/../../../../arm-none-eabi/lib/thumb/v8-m.main+dp/hard\libc_nano.a(libc_a-mallocr.o)
                0x3400d948                _malloc_r
 .text.__malloc_lock
                0x3400da48        0xc C:/ST/STM32CubeIDE_2.1.1/STM32CubeIDE/plugins/com.st.stm32cube.ide.mcu.externaltools.gnu-tools-for-stm32.14.3.rel1.win32_1.0.100.202602081740/tools/bin/../lib/gcc/arm-none-eabi/14.3.1/../../../../arm-none-eabi/lib/thumb/v8-m.main+dp/hard\libc_nano.a(libc_a-mlock.o)
                0x3400da48                __malloc_lock
 .text.__malloc_unlock
                0x3400da54        0xc C:/ST/STM32CubeIDE_2.1.1/STM32CubeIDE/plugins/com.st.stm32cube.ide.mcu.externaltools.gnu-tools-for-stm32.14.3.rel1.win32_1.0.100.202602081740/tools/bin/../lib/gcc/arm-none-eabi/14.3.1/../../../../arm-none-eabi/lib/thumb/v8-m.main+dp/hard\libc_nano.a(libc_a-mlock.o)
                0x3400da54                __malloc_unlock
 .text.__ssputs_r
                0x3400da60       0xc0 C:/ST/STM32CubeIDE_2.1.1/STM32CubeIDE/plugins/com.st.stm32cube.ide.mcu.externaltools.gnu-tools-for-stm32.14.3.rel1.win32_1.0.100.202602081740/tools/bin/../lib/gcc/arm-none-eabi/14.3.1/../../../../arm-none-eabi/lib/thumb/v8-m.main+dp/hard\libc_nano.a(libc_a-nano-svfprintf.o)
                0x3400da60                __ssputs_r
 .text._svfprintf_r
                0x3400db20      0x1f0 C:/ST/STM32CubeIDE_2.1.1/STM32CubeIDE/plugins/com.st.stm32cube.ide.mcu.externaltools.gnu-tools-for-stm32.14.3.rel1.win32_1.0.100.202602081740/tools/bin/../lib/gcc/arm-none-eabi/14.3.1/../../../../arm-none-eabi/lib/thumb/v8-m.main+dp/hard\libc_nano.a(libc_a-nano-svfprintf.o)
                0x3400db20                _svfiprintf_r
                0x3400db20                _svfprintf_r
 .text._printf_common
                0x3400dd10       0xe4 C:/ST/STM32CubeIDE_2.1.1/STM32CubeIDE/plugins/com.st.stm32cube.ide.mcu.externaltools.gnu-tools-for-stm32.14.3.rel1.win32_1.0.100.202602081740/tools/bin/../lib/gcc/arm-none-eabi/14.3.1/../../../../arm-none-eabi/lib/thumb/v8-m.main+dp/hard\libc_nano.a(libc_a-nano-vfprintf_i.o)
                0x3400dd10                _printf_common
 .text._printf_i
                0x3400ddf4      0x24c C:/ST/STM32CubeIDE_2.1.1/STM32CubeIDE/plugins/com.st.stm32cube.ide.mcu.externaltools.gnu-tools-for-stm32.14.3.rel1.win32_1.0.100.202602081740/tools/bin/../lib/gcc/arm-none-eabi/14.3.1/../../../../arm-none-eabi/lib/thumb/v8-m.main+dp/hard\libc_nano.a(libc_a-nano-vfprintf_i.o)
                0x3400ddf4                _printf_i
 .text.memmove  0x3400e040       0x32 C:/ST/STM32CubeIDE_2.1.1/STM32CubeIDE/plugins/com.st.stm32cube.ide.mcu.externaltools.gnu-tools-for-stm32.14.3.rel1.win32_1.0.100.202602081740/tools/bin/../lib/gcc/arm-none-eabi/14.3.1/../../../../arm-none-eabi/lib/thumb/v8-m.main+dp/hard\libc_nano.a(libc_a-memmove.o)
                0x3400e040                memmove
 *fill*         0x3400e072        0x2 
 .text._sbrk_r  0x3400e074       0x20 C:/ST/STM32CubeIDE_2.1.1/STM32CubeIDE/plugins/com.st.stm32cube.ide.mcu.externaltools.gnu-tools-for-stm32.14.3.rel1.win32_1.0.100.202602081740/tools/bin/../lib/gcc/arm-none-eabi/14.3.1/../../../../arm-none-eabi/lib/thumb/v8-m.main+dp/hard\libc_nano.a(libc_a-sbrkr.o)
                0x3400e074                _sbrk_r
 .text.memchr   0x3400e094       0x1c C:/ST/STM32CubeIDE_2.1.1/STM32CubeIDE/plugins/com.st.stm32cube.ide.mcu.externaltools.gnu-tools-for-stm32.14.3.rel1.win32_1.0.100.202602081740/tools/bin/../lib/gcc/arm-none-eabi/14.3.1/../../../../arm-none-eabi/lib/thumb/v8-m.main+dp/hard\libc_nano.a(libc_a-memchr-stub.o)
                0x3400e094                memchr
 .text._realloc_r
                0x3400e0b0       0x5c C:/ST/STM32CubeIDE_2.1.1/STM32CubeIDE/plugins/com.st.stm32cube.ide.mcu.externaltools.gnu-tools-for-stm32.14.3.rel1.win32_1.0.100.202602081740/tools/bin/../lib/gcc/arm-none-eabi/14.3.1/../../../../arm-none-eabi/lib/thumb/v8-m.main+dp/hard\libc_nano.a(libc_a-reallocr.o)
                0x3400e0b0                _realloc_r
 .text._malloc_usable_size_r
                0x3400e10c       0x10 C:/ST/STM32CubeIDE_2.1.1/STM32CubeIDE/plugins/com.st.stm32cube.ide.mcu.externaltools.gnu-tools-for-stm32.14.3.rel1.win32_1.0.100.202602081740/tools/bin/../lib/gcc/arm-none-eabi/14.3.1/../../../../arm-none-eabi/lib/thumb/v8-m.main+dp/hard\libc_nano.a(libc_a-msizer.o)
                0x3400e10c                _malloc_usable_size_r
 *(.glue_7)
 .glue_7        0x3400e11c        0x0 linker stubs
 *(.glue_7t)
 .glue_7t       0x3400e11c        0x0 linker stubs
 *(.eh_frame)
 .eh_frame      0x3400e11c        0x0 C:/ST/STM32CubeIDE_2.1.1/STM32CubeIDE/plugins/com.st.stm32cube.ide.mcu.externaltools.gnu-tools-for-stm32.14.3.rel1.win32_1.0.100.202602081740/tools/bin/../lib/gcc/arm-none-eabi/14.3.1/thumb/v8-m.main+dp/hard/crtbegin.o
 *(.RamFunc)
 *(.RamFunc*)
 *(.init)
 .init          0x3400e11c        0x4 C:/ST/STM32CubeIDE_2.1.1/STM32CubeIDE/plugins/com.st.stm32cube.ide.mcu.externaltools.gnu-tools-for-stm32.14.3.rel1.win32_1.0.100.202602081740/tools/bin/../lib/gcc/arm-none-eabi/14.3.1/thumb/v8-m.main+dp/hard/crti.o
                0x3400e11c                _init
 .init          0x3400e120        0x8 C:/ST/STM32CubeIDE_2.1.1/STM32CubeIDE/plugins/com.st.stm32cube.ide.mcu.externaltools.gnu-tools-for-stm32.14.3.rel1.win32_1.0.100.202602081740/tools/bin/../lib/gcc/arm-none-eabi/14.3.1/thumb/v8-m.main+dp/hard/crtn.o
 *(.fini)
 .fini          0x3400e128        0x4 C:/ST/STM32CubeIDE_2.1.1/STM32CubeIDE/plugins/com.st.stm32cube.ide.mcu.externaltools.gnu-tools-for-stm32.14.3.rel1.win32_1.0.100.202602081740/tools/bin/../lib/gcc/arm-none-eabi/14.3.1/thumb/v8-m.main+dp/hard/crti.o
                0x3400e128                _fini
 .fini          0x3400e12c        0x8 C:/ST/STM32CubeIDE_2.1.1/STM32CubeIDE/plugins/com.st.stm32cube.ide.mcu.externaltools.gnu-tools-for-stm32.14.3.rel1.win32_1.0.100.202602081740/tools/bin/../lib/gcc/arm-none-eabi/14.3.1/thumb/v8-m.main+dp/hard/crtn.o
                0x3400e134                        . = ALIGN (0x4)
                0x3400e134                        _etext = .

.vfp11_veneer   0x3400e134        0x0
 .vfp11_veneer  0x3400e134        0x0 linker stubs

.v4_bx          0x3400e134        0x0
 .v4_bx         0x3400e134        0x0 linker stubs

.iplt           0x3400e134        0x0
 .iplt          0x3400e134        0x0 C:/ST/STM32CubeIDE_2.1.1/STM32CubeIDE/plugins/com.st.stm32cube.ide.mcu.externaltools.gnu-tools-for-stm32.14.3.rel1.win32_1.0.100.202602081740/tools/bin/../lib/gcc/arm-none-eabi/14.3.1/thumb/v8-m.main+dp/hard/crtbegin.o

.rodata         0x3400e134    0x15d60
                0x3400e134                        . = ALIGN (0x4)
 *(.rodata)
 .rodata        0x3400e134      0x19c ./Core/Src/main.o
 .rodata        0x3400e2d0       0x6c ./Drivers/VL53L7CX_ULD/Src/vl53l7cx_api.o
 .rodata        0x3400e33c      0x3ff ./ToF/claritone_tof_test.o
 *(.rodata*)
 *fill*         0x3400e73b        0x1 
 .rodata.VL53L7CX_FIRMWARE
                0x3400e73c    0x15000 ./Drivers/VL53L7CX_ULD/Src/vl53l7cx_api.o
                0x3400e73c                VL53L7CX_FIRMWARE
 .rodata.VL53L7CX_DEFAULT_CONFIGURATION
                0x3402373c      0x3cc ./Drivers/VL53L7CX_ULD/Src/vl53l7cx_api.o
                0x3402373c                VL53L7CX_DEFAULT_CONFIGURATION
 .rodata.VL53L7CX_DEFAULT_XTALK
                0x34023b08      0x308 ./Drivers/VL53L7CX_ULD/Src/vl53l7cx_api.o
                0x34023b08                VL53L7CX_DEFAULT_XTALK
 .rodata.VL53L7CX_GET_NVM_CMD
                0x34023e10       0x28 ./Drivers/VL53L7CX_ULD/Src/vl53l7cx_api.o
                0x34023e10                VL53L7CX_GET_NVM_CMD
 .rodata.UARTPrescTable
                0x34023e38       0x18 ./STM32N6xx_HAL_Driver/Src/stm32n6xx_hal_uart.o
                0x34023e38                UARTPrescTable
 .rodata.numerator.1
                0x34023e50        0x8 ./STM32N6xx_HAL_Driver/Src/stm32n6xx_hal_uart_ex.o
 .rodata.denominator.0
                0x34023e58        0x8 ./STM32N6xx_HAL_Driver/Src/stm32n6xx_hal_uart_ex.o
 .rodata._svfprintf_r.str1.1
                0x34023e60       0x33 C:/ST/STM32CubeIDE_2.1.1/STM32CubeIDE/plugins/com.st.stm32cube.ide.mcu.externaltools.gnu-tools-for-stm32.14.3.rel1.win32_1.0.100.202602081740/tools/bin/../lib/gcc/arm-none-eabi/14.3.1/../../../../arm-none-eabi/lib/thumb/v8-m.main+dp/hard\libc_nano.a(libc_a-nano-svfprintf.o)
                                 0x11 (size before relaxing)
 .rodata._printf_i.str1.1
                0x34023e93       0x22 C:/ST/STM32CubeIDE_2.1.1/STM32CubeIDE/plugins/com.st.stm32cube.ide.mcu.externaltools.gnu-tools-for-stm32.14.3.rel1.win32_1.0.100.202602081740/tools/bin/../lib/gcc/arm-none-eabi/14.3.1/../../../../arm-none-eabi/lib/thumb/v8-m.main+dp/hard\libc_nano.a(libc_a-nano-vfprintf_i.o)
                0x34023eb8                        . = ALIGN (0x4)
 *fill*         0x34023e93        0x1 

.ARM.extab      0x34023e94        0x0
                0x34023e94                        . = ALIGN (0x4)
 *(.ARM.extab* .gnu.linkonce.armextab.*)
                0x34023e94                        . = ALIGN (0x4)

.ARM            0x34023e94        0x8
                0x34023e94                        . = ALIGN (0x4)
                0x34023e94                        __exidx_start = .
 *(.ARM.exidx*)
 .ARM.exidx     0x34023e94        0x8 C:/ST/STM32CubeIDE_2.1.1/STM32CubeIDE/plugins/com.st.stm32cube.ide.mcu.externaltools.gnu-tools-for-stm32.14.3.rel1.win32_1.0.100.202602081740/tools/bin/../lib/gcc/arm-none-eabi/14.3.1/../../../../arm-none-eabi/lib/thumb/v8-m.main+dp/hard\libc_nano.a(libc_a-strlen.o)
 .ARM.exidx     0x34023e9c        0x0 C:/ST/STM32CubeIDE_2.1.1/STM32CubeIDE/plugins/com.st.stm32cube.ide.mcu.externaltools.gnu-tools-for-stm32.14.3.rel1.win32_1.0.100.202602081740/tools/bin/../lib/gcc/arm-none-eabi/14.3.1/thumb/v8-m.main+dp/hard\libgcc.a(_udivmoddi4.o)
                                  0x8 (size before relaxing)
                0x34023e9c                        __exidx_end = .
                0x34023e9c                        . = ALIGN (0x4)

.rel.dyn        0x34023e9c        0x0
 .rel.iplt      0x34023e9c        0x0 C:/ST/STM32CubeIDE_2.1.1/STM32CubeIDE/plugins/com.st.stm32cube.ide.mcu.externaltools.gnu-tools-for-stm32.14.3.rel1.win32_1.0.100.202602081740/tools/bin/../lib/gcc/arm-none-eabi/14.3.1/thumb/v8-m.main+dp/hard/crtbegin.o

.preinit_array  0x34023e9c        0x0
                0x34023e9c                        . = ALIGN (0x4)
                0x34023e9c                        PROVIDE (__preinit_array_start = .)
 *(.preinit_array*)
                0x34023e9c                        PROVIDE (__preinit_array_end = .)
                0x34023e9c                        . = ALIGN (0x4)

.init_array     0x34023e9c        0x4
                0x34023e9c                        . = ALIGN (0x4)
                0x34023e9c                        PROVIDE (__init_array_start = .)
 *(SORT_BY_NAME(.init_array.*))
 *(.init_array*)
 .init_array    0x34023e9c        0x4 C:/ST/STM32CubeIDE_2.1.1/STM32CubeIDE/plugins/com.st.stm32cube.ide.mcu.externaltools.gnu-tools-for-stm32.14.3.rel1.win32_1.0.100.202602081740/tools/bin/../lib/gcc/arm-none-eabi/14.3.1/thumb/v8-m.main+dp/hard/crtbegin.o
                0x34023ea0                        PROVIDE (__init_array_end = .)
                0x34023ea0                        . = ALIGN (0x4)

.fini_array     0x34023ea0        0x4
                0x34023ea0                        . = ALIGN (0x4)
                [!provide]                        PROVIDE (__fini_array_start = .)
 *(SORT_BY_NAME(.fini_array.*))
 *(.fini_array*)
 .fini_array    0x34023ea0        0x4 C:/ST/STM32CubeIDE_2.1.1/STM32CubeIDE/plugins/com.st.stm32cube.ide.mcu.externaltools.gnu-tools-for-stm32.14.3.rel1.win32_1.0.100.202602081740/tools/bin/../lib/gcc/arm-none-eabi/14.3.1/thumb/v8-m.main+dp/hard/crtbegin.o
                [!provide]                        PROVIDE (__fini_array_end = .)
                0x34023ea4                        . = ALIGN (0x4)
                0x34023ea4                        _sidata = LOADADDR (.data)

.data           0x34080000       0x5c load address 0x34023ea4
                0x34080000                        . = ALIGN (0x4)
                0x34080000                        _sdata = .
 *(.data)
 *(.data*)
 .data.SystemCoreClock
                0x34080000        0x4 ./Core/Src/system_stm32n6xx_s.o
                0x34080000                SystemCoreClock
 .data.uwTickPrio
                0x34080004        0x4 ./STM32N6xx_HAL_Driver/Src/stm32n6xx_hal.o
                0x34080004                uwTickPrio
 .data.uwTickFreq
                0x34080008        0x1 ./STM32N6xx_HAL_Driver/Src/stm32n6xx_hal.o
                0x34080008                uwTickFreq
 *fill*         0x34080009        0x3 
 .data._impure_ptr
                0x3408000c        0x4 C:/ST/STM32CubeIDE_2.1.1/STM32CubeIDE/plugins/com.st.stm32cube.ide.mcu.externaltools.gnu-tools-for-stm32.14.3.rel1.win32_1.0.100.202602081740/tools/bin/../lib/gcc/arm-none-eabi/14.3.1/../../../../arm-none-eabi/lib/thumb/v8-m.main+dp/hard\libc_nano.a(libc_a-impure.o)
                0x3408000c                _impure_ptr
 .data._impure_data
                0x34080010       0x4c C:/ST/STM32CubeIDE_2.1.1/STM32CubeIDE/plugins/com.st.stm32cube.ide.mcu.externaltools.gnu-tools-for-stm32.14.3.rel1.win32_1.0.100.202602081740/tools/bin/../lib/gcc/arm-none-eabi/14.3.1/../../../../arm-none-eabi/lib/thumb/v8-m.main+dp/hard\libc_nano.a(libc_a-impure.o)
                0x34080010                _impure_data
                0x3408005c                        . = ALIGN (0x4)
                0x3408005c                        _edata = .

.igot.plt       0x3408005c        0x0 load address 0x34023f00
 .igot.plt      0x3408005c        0x0 C:/ST/STM32CubeIDE_2.1.1/STM32CubeIDE/plugins/com.st.stm32cube.ide.mcu.externaltools.gnu-tools-for-stm32.14.3.rel1.win32_1.0.100.202602081740/tools/bin/../lib/gcc/arm-none-eabi/14.3.1/thumb/v8-m.main+dp/hard/crtbegin.o

.noncacheable   0x3408005c        0x4 load address 0x34023f00
                0x34080060                        . = ALIGN (0x8)
 *fill*         0x3408005c        0x4 
                0x34080060                        __snoncacheable = .
 *(.noncacheable)
                0x34080060                        . = ALIGN (0x8)
                0x34080060                        __enoncacheable = .

.gnu.sgstubs    0x34023f00       0x20
                0x34023f00                        _sNSCVeneer = .
                0x34023f00                        . = ALIGN (0x4)
 *(.gnu.sgstubs*)
                0x34023f00                        . = ALIGN (0x4)
 .gnu.sgstubs.__stub
                0x34023f00       0x10 linker stubs
                0x34023f00                SECURE_SystemCoreClockUpdate
                0x34023f08                SECURE_RegisterCallback
                0x34023f20                        _eNSCVeneer = .
                0x34023f10                        . = ALIGN (0x4)

.bss            0x34080060      0xdd4
                0x34080060                        _sbss = .
                0x34080060                        __bss_start__ = _sbss
 *(.bss)
 .bss           0x34080060       0x1c C:/ST/STM32CubeIDE_2.1.1/STM32CubeIDE/plugins/com.st.stm32cube.ide.mcu.externaltools.gnu-tools-for-stm32.14.3.rel1.win32_1.0.100.202602081740/tools/bin/../lib/gcc/arm-none-eabi/14.3.1/thumb/v8-m.main+dp/hard/crtbegin.o
 *(.bss*)
 .bss.pSecureFaultCallback
                0x3408007c        0x4 ./Core/Src/secure_nsc.o
                0x3408007c                pSecureFaultCallback
 .bss.pSecureErrorCallback
                0x34080080        0x4 ./Core/Src/secure_nsc.o
                0x34080080                pSecureErrorCallback
 .bss.__sbrk_heap_end
                0x34080084        0x4 ./Core/Src/sysmem.o
 .bss.huart4    0x34080088       0x94 ./Core/Src/usart.o
                0x34080088                huart4
 .bss.uwTick    0x3408011c        0x4 ./STM32N6xx_HAL_Driver/Src/stm32n6xx_hal.o
                0x3408011c                uwTick
 .bss.tof_dev   0x34080120      0xacc ./ToF/claritone_tof_test.o
 .bss.dbg_buf   0x34080bec      0x100 ./ToF/claritone_tof_test.o
 .bss.__sf      0x34080cec      0x138 C:/ST/STM32CubeIDE_2.1.1/STM32CubeIDE/plugins/com.st.stm32cube.ide.mcu.externaltools.gnu-tools-for-stm32.14.3.rel1.win32_1.0.100.202602081740/tools/bin/../lib/gcc/arm-none-eabi/14.3.1/../../../../arm-none-eabi/lib/thumb/v8-m.main+dp/hard\libc_nano.a(libc_a-findfp.o)
                0x34080cec                __sf
 .bss.errno     0x34080e24        0x4 C:/ST/STM32CubeIDE_2.1.1/STM32CubeIDE/plugins/com.st.stm32cube.ide.mcu.externaltools.gnu-tools-for-stm32.14.3.rel1.win32_1.0.100.202602081740/tools/bin/../lib/gcc/arm-none-eabi/14.3.1/../../../../arm-none-eabi/lib/thumb/v8-m.main+dp/hard\libc_nano.a(libc_a-reent.o)
                0x34080e24                errno
 .bss.__lock___malloc_recursive_mutex
                0x34080e28        0x1 C:/ST/STM32CubeIDE_2.1.1/STM32CubeIDE/plugins/com.st.stm32cube.ide.mcu.externaltools.gnu-tools-for-stm32.14.3.rel1.win32_1.0.100.202602081740/tools/bin/../lib/gcc/arm-none-eabi/14.3.1/../../../../arm-none-eabi/lib/thumb/v8-m.main+dp/hard\libc_nano.a(libc_a-lock.o)
                0x34080e28                __lock___malloc_recursive_mutex
 *fill*         0x34080e29        0x3 
 .bss.__malloc_sbrk_start
                0x34080e2c        0x4 C:/ST/STM32CubeIDE_2.1.1/STM32CubeIDE/plugins/com.st.stm32cube.ide.mcu.externaltools.gnu-tools-for-stm32.14.3.rel1.win32_1.0.100.202602081740/tools/bin/../lib/gcc/arm-none-eabi/14.3.1/../../../../arm-none-eabi/lib/thumb/v8-m.main+dp/hard\libc_nano.a(libc_a-mallocr.o)
                0x34080e2c                __malloc_sbrk_start
 .bss.__malloc_free_list
                0x34080e30        0x4 C:/ST/STM32CubeIDE_2.1.1/STM32CubeIDE/plugins/com.st.stm32cube.ide.mcu.externaltools.gnu-tools-for-stm32.14.3.rel1.win32_1.0.100.202602081740/tools/bin/../lib/gcc/arm-none-eabi/14.3.1/../../../../arm-none-eabi/lib/thumb/v8-m.main+dp/hard\libc_nano.a(libc_a-mallocr.o)
                0x34080e30                __malloc_free_list
 *(COMMON)
                0x34080e34                        . = ALIGN (0x4)
                0x34080e34                        _ebss = .
                0x34080e34                        __bss_end__ = _ebss

._user_heap_stack
                0x34080e34      0xa04
                0x34080e38                        . = ALIGN (0x8)
 *fill*         0x34080e34        0x4 
                [!provide]                        PROVIDE (end = .)
                0x34080e38                        PROVIDE (_end = .)
                0x34081038                        . = (. + _Min_Heap_Size)
 *fill*         0x34080e38      0x200 
                0x34081838                        . = (. + _Min_Stack_Size)
 *fill*         0x34081038      0x800 
                0x34081838                        . = ALIGN (0x8)

/DISCARD/
 libc.a(*)
 libm.a(*)
 libgcc.a(*)

.ARM.attributes
                0x00000000       0x3a
 *(.ARM.attributes)
 .ARM.attributes
                0x00000000       0x24 C:/ST/STM32CubeIDE_2.1.1/STM32CubeIDE/plugins/com.st.stm32cube.ide.mcu.externaltools.gnu-tools-for-stm32.14.3.rel1.win32_1.0.100.202602081740/tools/bin/../lib/gcc/arm-none-eabi/14.3.1/thumb/v8-m.main+dp/hard/crti.o
 .ARM.attributes
                0x00000024       0x36 C:/ST/STM32CubeIDE_2.1.1/STM32CubeIDE/plugins/com.st.stm32cube.ide.mcu.externaltools.gnu-tools-for-stm32.14.3.rel1.win32_1.0.100.202602081740/tools/bin/../lib/gcc/arm-none-eabi/14.3.1/thumb/v8-m.main+dp/hard/crtbegin.o
 .ARM.attributes
                0x0000005a       0x3e ./Core/Src/gpio.o
 .ARM.attributes
                0x00000098       0x3e ./Core/Src/i2c_bb.o
 .ARM.attributes
                0x000000d6       0x3e ./Core/Src/main.o
 .ARM.attributes
                0x00000114       0x3e ./Core/Src/secure_nsc.o
 .ARM.attributes
                0x00000152       0x3e ./Core/Src/stm32n6xx_hal_msp.o
 .ARM.attributes
                0x00000190       0x3e ./Core/Src/stm32n6xx_it.o
 .ARM.attributes
                0x000001ce       0x3e ./Core/Src/sysmem.o
 .ARM.attributes
                0x0000020c       0x3e ./Core/Src/system_stm32n6xx_s.o
 .ARM.attributes
                0x0000024a       0x3e ./Core/Src/usart.o
 .ARM.attributes
                0x00000288       0x22 ./Core/Startup/startup_stm32n657x0hxq.o
 .ARM.attributes
                0x000002aa       0x3e ./Drivers/VL53L7CX_ULD/Src/vl53l7cx_api.o
 .ARM.attributes
                0x000002e8       0x3e ./STM32N6xx_HAL_Driver/Src/stm32n6xx_hal.o
 .ARM.attributes
                0x00000326       0x3e ./STM32N6xx_HAL_Driver/Src/stm32n6xx_hal_cortex.o
 .ARM.attributes
                0x00000364       0x3e ./STM32N6xx_HAL_Driver/Src/stm32n6xx_hal_gpio.o
 .ARM.attributes
                0x000003a2       0x3e ./STM32N6xx_HAL_Driver/Src/stm32n6xx_hal_rcc.o
 .ARM.attributes
                0x000003e0       0x3e ./STM32N6xx_HAL_Driver/Src/stm32n6xx_hal_rcc_ex.o
 .ARM.attributes
                0x0000041e       0x3e ./STM32N6xx_HAL_Driver/Src/stm32n6xx_hal_uart.o
 .ARM.attributes
                0x0000045c       0x3e ./STM32N6xx_HAL_Driver/Src/stm32n6xx_hal_uart_ex.o
 .ARM.attributes
                0x0000049a       0x3e ./ToF/claritone_tof_test.o
 .ARM.attributes
                0x000004d8       0x3e ./ToF/platform.o
 .ARM.attributes
                0x00000516       0x36 C:/ST/STM32CubeIDE_2.1.1/STM32CubeIDE/plugins/com.st.stm32cube.ide.mcu.externaltools.gnu-tools-for-stm32.14.3.rel1.win32_1.0.100.202602081740/tools/bin/../lib/gcc/arm-none-eabi/14.3.1/../../../../arm-none-eabi/lib/thumb/v8-m.main+dp/hard\libc_nano.a(libc_a-findfp.o)
 .ARM.attributes
                0x0000054c       0x36 C:/ST/STM32CubeIDE_2.1.1/STM32CubeIDE/plugins/com.st.stm32cube.ide.mcu.externaltools.gnu-tools-for-stm32.14.3.rel1.win32_1.0.100.202602081740/tools/bin/../lib/gcc/arm-none-eabi/14.3.1/../../../../arm-none-eabi/lib/thumb/v8-m.main+dp/hard\libc_nano.a(libc_a-snprintf.o)
 .ARM.attributes
                0x00000582       0x36 C:/ST/STM32CubeIDE_2.1.1/STM32CubeIDE/plugins/com.st.stm32cube.ide.mcu.externaltools.gnu-tools-for-stm32.14.3.rel1.win32_1.0.100.202602081740/tools/bin/../lib/gcc/arm-none-eabi/14.3.1/../../../../arm-none-eabi/lib/thumb/v8-m.main+dp/hard\libc_nano.a(libc_a-memset.o)
 .ARM.attributes
                0x000005b8       0x36 C:/ST/STM32CubeIDE_2.1.1/STM32CubeIDE/plugins/com.st.stm32cube.ide.mcu.externaltools.gnu-tools-for-stm32.14.3.rel1.win32_1.0.100.202602081740/tools/bin/../lib/gcc/arm-none-eabi/14.3.1/../../../../arm-none-eabi/lib/thumb/v8-m.main+dp/hard\libc_nano.a(libc_a-reent.o)
 .ARM.attributes
                0x000005ee       0x36 C:/ST/STM32CubeIDE_2.1.1/STM32CubeIDE/plugins/com.st.stm32cube.ide.mcu.externaltools.gnu-tools-for-stm32.14.3.rel1.win32_1.0.100.202602081740/tools/bin/../lib/gcc/arm-none-eabi/14.3.1/../../../../arm-none-eabi/lib/thumb/v8-m.main+dp/hard\libc_nano.a(libc_a-impure.o)
 .ARM.attributes
                0x00000624       0x36 C:/ST/STM32CubeIDE_2.1.1/STM32CubeIDE/plugins/com.st.stm32cube.ide.mcu.externaltools.gnu-tools-for-stm32.14.3.rel1.win32_1.0.100.202602081740/tools/bin/../lib/gcc/arm-none-eabi/14.3.1/../../../../arm-none-eabi/lib/thumb/v8-m.main+dp/hard\libc_nano.a(libc_a-errno.o)
 .ARM.attributes
                0x0000065a       0x36 C:/ST/STM32CubeIDE_2.1.1/STM32CubeIDE/plugins/com.st.stm32cube.ide.mcu.externaltools.gnu-tools-for-stm32.14.3.rel1.win32_1.0.100.202602081740/tools/bin/../lib/gcc/arm-none-eabi/14.3.1/../../../../arm-none-eabi/lib/thumb/v8-m.main+dp/hard\libc_nano.a(libc_a-init.o)
 .ARM.attributes
                0x00000690       0x36 C:/ST/STM32CubeIDE_2.1.1/STM32CubeIDE/plugins/com.st.stm32cube.ide.mcu.externaltools.gnu-tools-for-stm32.14.3.rel1.win32_1.0.100.202602081740/tools/bin/../lib/gcc/arm-none-eabi/14.3.1/../../../../arm-none-eabi/lib/thumb/v8-m.main+dp/hard\libc_nano.a(libc_a-lock.o)
 .ARM.attributes
                0x000006c6       0x36 C:/ST/STM32CubeIDE_2.1.1/STM32CubeIDE/plugins/com.st.stm32cube.ide.mcu.externaltools.gnu-tools-for-stm32.14.3.rel1.win32_1.0.100.202602081740/tools/bin/../lib/gcc/arm-none-eabi/14.3.1/../../../../arm-none-eabi/lib/thumb/v8-m.main+dp/hard\libc_nano.a(libc_a-memcpy-stub.o)
 .ARM.attributes
                0x000006fc       0x22 C:/ST/STM32CubeIDE_2.1.1/STM32CubeIDE/plugins/com.st.stm32cube.ide.mcu.externaltools.gnu-tools-for-stm32.14.3.rel1.win32_1.0.100.202602081740/tools/bin/../lib/gcc/arm-none-eabi/14.3.1/../../../../arm-none-eabi/lib/thumb/v8-m.main+dp/hard\libc_nano.a(libc_a-strlen.o)
 .ARM.attributes
                0x0000071e       0x36 C:/ST/STM32CubeIDE_2.1.1/STM32CubeIDE/plugins/com.st.stm32cube.ide.mcu.externaltools.gnu-tools-for-stm32.14.3.rel1.win32_1.0.100.202602081740/tools/bin/../lib/gcc/arm-none-eabi/14.3.1/../../../../arm-none-eabi/lib/thumb/v8-m.main+dp/hard\libc_nano.a(libc_a-freer.o)
 .ARM.attributes
                0x00000754       0x36 C:/ST/STM32CubeIDE_2.1.1/STM32CubeIDE/plugins/com.st.stm32cube.ide.mcu.externaltools.gnu-tools-for-stm32.14.3.rel1.win32_1.0.100.202602081740/tools/bin/../lib/gcc/arm-none-eabi/14.3.1/../../../../arm-none-eabi/lib/thumb/v8-m.main+dp/hard\libc_nano.a(libc_a-mallocr.o)
 .ARM.attributes
                0x0000078a       0x36 C:/ST/STM32CubeIDE_2.1.1/STM32CubeIDE/plugins/com.st.stm32cube.ide.mcu.externaltools.gnu-tools-for-stm32.14.3.rel1.win32_1.0.100.202602081740/tools/bin/../lib/gcc/arm-none-eabi/14.3.1/../../../../arm-none-eabi/lib/thumb/v8-m.main+dp/hard\libc_nano.a(libc_a-mlock.o)
 .ARM.attributes
                0x000007c0       0x36 C:/ST/STM32CubeIDE_2.1.1/STM32CubeIDE/plugins/com.st.stm32cube.ide.mcu.externaltools.gnu-tools-for-stm32.14.3.rel1.win32_1.0.100.202602081740/tools/bin/../lib/gcc/arm-none-eabi/14.3.1/../../../../arm-none-eabi/lib/thumb/v8-m.main+dp/hard\libc_nano.a(libc_a-nano-svfprintf.o)
 .ARM.attributes
                0x000007f6       0x36 C:/ST/STM32CubeIDE_2.1.1/STM32CubeIDE/plugins/com.st.stm32cube.ide.mcu.externaltools.gnu-tools-for-stm32.14.3.rel1.win32_1.0.100.202602081740/tools/bin/../lib/gcc/arm-none-eabi/14.3.1/../../../../arm-none-eabi/lib/thumb/v8-m.main+dp/hard\libc_nano.a(libc_a-nano-vfprintf_i.o)
 .ARM.attributes
                0x0000082c       0x36 C:/ST/STM32CubeIDE_2.1.1/STM32CubeIDE/plugins/com.st.stm32cube.ide.mcu.externaltools.gnu-tools-for-stm32.14.3.rel1.win32_1.0.100.202602081740/tools/bin/../lib/gcc/arm-none-eabi/14.3.1/../../../../arm-none-eabi/lib/thumb/v8-m.main+dp/hard\libc_nano.a(libc_a-memmove.o)
 .ARM.attributes
                0x00000862       0x36 C:/ST/STM32CubeIDE_2.1.1/STM32CubeIDE/plugins/com.st.stm32cube.ide.mcu.externaltools.gnu-tools-for-stm32.14.3.rel1.win32_1.0.100.202602081740/tools/bin/../lib/gcc/arm-none-eabi/14.3.1/../../../../arm-none-eabi/lib/thumb/v8-m.main+dp/hard\libc_nano.a(libc_a-sbrkr.o)
 .ARM.attributes
                0x00000898       0x36 C:/ST/STM32CubeIDE_2.1.1/STM32CubeIDE/plugins/com.st.stm32cube.ide.mcu.externaltools.gnu-tools-for-stm32.14.3.rel1.win32_1.0.100.202602081740/tools/bin/../lib/gcc/arm-none-eabi/14.3.1/../../../../arm-none-eabi/lib/thumb/v8-m.main+dp/hard\libc_nano.a(libc_a-memchr-stub.o)
 .ARM.attributes
                0x000008ce       0x36 C:/ST/STM32CubeIDE_2.1.1/STM32CubeIDE/plugins/com.st.stm32cube.ide.mcu.externaltools.gnu-tools-for-stm32.14.3.rel1.win32_1.0.100.202602081740/tools/bin/../lib/gcc/arm-none-eabi/14.3.1/../../../../arm-none-eabi/lib/thumb/v8-m.main+dp/hard\libc_nano.a(libc_a-reallocr.o)
 .ARM.attributes
                0x00000904       0x36 C:/ST/STM32CubeIDE_2.1.1/STM32CubeIDE/plugins/com.st.stm32cube.ide.mcu.externaltools.gnu-tools-for-stm32.14.3.rel1.win32_1.0.100.202602081740/tools/bin/../lib/gcc/arm-none-eabi/14.3.1/../../../../arm-none-eabi/lib/thumb/v8-m.main+dp/hard\libc_nano.a(libc_a-msizer.o)
 .ARM.attributes
                0x0000093a       0x24 C:/ST/STM32CubeIDE_2.1.1/STM32CubeIDE/plugins/com.st.stm32cube.ide.mcu.externaltools.gnu-tools-for-stm32.14.3.rel1.win32_1.0.100.202602081740/tools/bin/../lib/gcc/arm-none-eabi/14.3.1/thumb/v8-m.main+dp/hard\libgcc.a(_aeabi_uldivmod.o)
 .ARM.attributes
                0x0000095e       0x36 C:/ST/STM32CubeIDE_2.1.1/STM32CubeIDE/plugins/com.st.stm32cube.ide.mcu.externaltools.gnu-tools-for-stm32.14.3.rel1.win32_1.0.100.202602081740/tools/bin/../lib/gcc/arm-none-eabi/14.3.1/thumb/v8-m.main+dp/hard\libgcc.a(_udivmoddi4.o)
 .ARM.attributes
                0x00000994       0x24 C:/ST/STM32CubeIDE_2.1.1/STM32CubeIDE/plugins/com.st.stm32cube.ide.mcu.externaltools.gnu-tools-for-stm32.14.3.rel1.win32_1.0.100.202602081740/tools/bin/../lib/gcc/arm-none-eabi/14.3.1/thumb/v8-m.main+dp/hard\libgcc.a(_dvmd_tls.o)
 .ARM.attributes
                0x000009b8       0x24 C:/ST/STM32CubeIDE_2.1.1/STM32CubeIDE/plugins/com.st.stm32cube.ide.mcu.externaltools.gnu-tools-for-stm32.14.3.rel1.win32_1.0.100.202602081740/tools/bin/../lib/gcc/arm-none-eabi/14.3.1/thumb/v8-m.main+dp/hard/crtn.o
OUTPUT(Claritone_L5_Camera_Appli.elf elf32-littlearm)
LOAD linker stubs
LOAD C:/ST/STM32CubeIDE_2.1.1/STM32CubeIDE/plugins/com.st.stm32cube.ide.mcu.externaltools.gnu-tools-for-stm32.14.3.rel1.win32_1.0.100.202602081740/tools/bin/../lib/gcc/arm-none-eabi/14.3.1/../../../../arm-none-eabi/lib/thumb/v8-m.main+dp/hard\libc.a
LOAD C:/ST/STM32CubeIDE_2.1.1/STM32CubeIDE/plugins/com.st.stm32cube.ide.mcu.externaltools.gnu-tools-for-stm32.14.3.rel1.win32_1.0.100.202602081740/tools/bin/../lib/gcc/arm-none-eabi/14.3.1/../../../../arm-none-eabi/lib/thumb/v8-m.main+dp/hard\libm.a
LOAD C:/ST/STM32CubeIDE_2.1.1/STM32CubeIDE/plugins/com.st.stm32cube.ide.mcu.externaltools.gnu-tools-for-stm32.14.3.rel1.win32_1.0.100.202602081740/tools/bin/../lib/gcc/arm-none-eabi/14.3.1/thumb/v8-m.main+dp/hard\libgcc.a

.debug_info     0x00000000    0x19841
 .debug_info    0x00000000     0x11e1 ./Core/Src/gpio.o
 .debug_info    0x000011e1      0x422 ./Core/Src/i2c_bb.o
 .debug_info    0x00001603     0x21b3 ./Core/Src/main.o
 .debug_info    0x000037b6      0x103 ./Core/Src/secure_nsc.o
 .debug_info    0x000038b9       0x9f ./Core/Src/stm32n6xx_hal_msp.o
 .debug_info    0x00003958      0x138 ./Core/Src/stm32n6xx_it.o
 .debug_info    0x00003a90      0x168 ./Core/Src/sysmem.o
 .debug_info    0x00003bf8     0x1ab2 ./Core/Src/system_stm32n6xx_s.o
 .debug_info    0x000056aa     0x2122 ./Core/Src/usart.o
 .debug_info    0x000077cc       0x30 ./Core/Startup/startup_stm32n657x0hxq.o
 .debug_info    0x000077fc     0x1372 ./Drivers/VL53L7CX_ULD/Src/vl53l7cx_api.o
 .debug_info    0x00008b6e     0x27e2 ./STM32N6xx_HAL_Driver/Src/stm32n6xx_hal.o
 .debug_info    0x0000b350     0x1490 ./STM32N6xx_HAL_Driver/Src/stm32n6xx_hal_cortex.o
 .debug_info    0x0000c7e0      0xafd ./STM32N6xx_HAL_Driver/Src/stm32n6xx_hal_gpio.o
 .debug_info    0x0000d2dd     0x2161 ./STM32N6xx_HAL_Driver/Src/stm32n6xx_hal_rcc.o
 .debug_info    0x0000f43e     0x3841 ./STM32N6xx_HAL_Driver/Src/stm32n6xx_hal_rcc_ex.o
 .debug_info    0x00012c7f     0x45b3 ./STM32N6xx_HAL_Driver/Src/stm32n6xx_hal_uart.o
 .debug_info    0x00017232     0x10f3 ./STM32N6xx_HAL_Driver/Src/stm32n6xx_hal_uart_ex.o
 .debug_info    0x00018325      0xfd6 ./ToF/claritone_tof_test.o
 .debug_info    0x000192fb      0x546 ./ToF/platform.o

.debug_abbrev   0x00000000     0x27e4
 .debug_abbrev  0x00000000      0x1bb ./Core/Src/gpio.o
 .debug_abbrev  0x000001bb      0x16b ./Core/Src/i2c_bb.o
 .debug_abbrev  0x00000326      0x2e5 ./Core/Src/main.o
 .debug_abbrev  0x0000060b       0x9f ./Core/Src/secure_nsc.o
 .debug_abbrev  0x000006aa       0x45 ./Core/Src/stm32n6xx_hal_msp.o
 .debug_abbrev  0x000006ef       0x73 ./Core/Src/stm32n6xx_it.o
 .debug_abbrev  0x00000762       0xbc ./Core/Src/sysmem.o
 .debug_abbrev  0x0000081e      0x177 ./Core/Src/system_stm32n6xx_s.o
 .debug_abbrev  0x00000995      0x28f ./Core/Src/usart.o
 .debug_abbrev  0x00000c24       0x24 ./Core/Startup/startup_stm32n657x0hxq.o
 .debug_abbrev  0x00000c48      0x2c8 ./Drivers/VL53L7CX_ULD/Src/vl53l7cx_api.o
 .debug_abbrev  0x00000f10      0x2bd ./STM32N6xx_HAL_Driver/Src/stm32n6xx_hal.o
 .debug_abbrev  0x000011cd      0x346 ./STM32N6xx_HAL_Driver/Src/stm32n6xx_hal_cortex.o
 .debug_abbrev  0x00001513      0x24d ./STM32N6xx_HAL_Driver/Src/stm32n6xx_hal_gpio.o
 .debug_abbrev  0x00001760      0x36a ./STM32N6xx_HAL_Driver/Src/stm32n6xx_hal_rcc.o
 .debug_abbrev  0x00001aca      0x305 ./STM32N6xx_HAL_Driver/Src/stm32n6xx_hal_rcc_ex.o
 .debug_abbrev  0x00001dcf      0x306 ./STM32N6xx_HAL_Driver/Src/stm32n6xx_hal_uart.o
 .debug_abbrev  0x000020d5      0x2d5 ./STM32N6xx_HAL_Driver/Src/stm32n6xx_hal_uart_ex.o
 .debug_abbrev  0x000023aa      0x264 ./ToF/claritone_tof_test.o
 .debug_abbrev  0x0000260e      0x1d6 ./ToF/platform.o
