Archive member included to satisfy reference by file (symbol)

C:/ST/STM32CubeIDE_2.0.0/STM32CubeIDE/plugins/com.st.stm32cube.ide.mcu.externaltools.gnu-tools-for-stm32.13.3.rel1.win32_1.0.100.202509120712/tools/bin/../lib/gcc/arm-none-eabi/13.3.1/../../../../arm-none-eabi/lib/thumb/v8-m.main+dp/hard\libc_nano.a(libc_a-exit.o)
                              C:/ST/STM32CubeIDE_2.0.0/STM32CubeIDE/plugins/com.st.stm32cube.ide.mcu.externaltools.gnu-tools-for-stm32.13.3.rel1.win32_1.0.100.202509120712/tools/bin/../lib/gcc/arm-none-eabi/13.3.1/../../../../arm-none-eabi/lib/thumb/v8-m.main+dp/hard/crt0.o (exit)
C:/ST/STM32CubeIDE_2.0.0/STM32CubeIDE/plugins/com.st.stm32cube.ide.mcu.externaltools.gnu-tools-for-stm32.13.3.rel1.win32_1.0.100.202509120712/tools/bin/../lib/gcc/arm-none-eabi/13.3.1/../../../../arm-none-eabi/lib/thumb/v8-m.main+dp/hard\libc_nano.a(libc_a-findfp.o)
                              C:/ST/STM32CubeIDE_2.0.0/STM32CubeIDE/plugins/com.st.stm32cube.ide.mcu.externaltools.gnu-tools-for-stm32.13.3.rel1.win32_1.0.100.202509120712/tools/bin/../lib/gcc/arm-none-eabi/13.3.1/../../../../arm-none-eabi/lib/thumb/v8-m.main+dp/hard\libc_nano.a(libc_a-exit.o) (__stdio_exit_handler)
C:/ST/STM32CubeIDE_2.0.0/STM32CubeIDE/plugins/com.st.stm32cube.ide.mcu.externaltools.gnu-tools-for-stm32.13.3.rel1.win32_1.0.100.202509120712/tools/bin/../lib/gcc/arm-none-eabi/13.3.1/../../../../arm-none-eabi/lib/thumb/v8-m.main+dp/hard\libc_nano.a(libc_a-fwalk.o)
                              C:/ST/STM32CubeIDE_2.0.0/STM32CubeIDE/plugins/com.st.stm32cube.ide.mcu.externaltools.gnu-tools-for-stm32.13.3.rel1.win32_1.0.100.202509120712/tools/bin/../lib/gcc/arm-none-eabi/13.3.1/../../../../arm-none-eabi/lib/thumb/v8-m.main+dp/hard\libc_nano.a(libc_a-findfp.o) (_fwalk_sglue)
C:/ST/STM32CubeIDE_2.0.0/STM32CubeIDE/plugins/com.st.stm32cube.ide.mcu.externaltools.gnu-tools-for-stm32.13.3.rel1.win32_1.0.100.202509120712/tools/bin/../lib/gcc/arm-none-eabi/13.3.1/../../../../arm-none-eabi/lib/thumb/v8-m.main+dp/hard\libc_nano.a(libc_a-stdio.o)
                              C:/ST/STM32CubeIDE_2.0.0/STM32CubeIDE/plugins/com.st.stm32cube.ide.mcu.externaltools.gnu-tools-for-stm32.13.3.rel1.win32_1.0.100.202509120712/tools/bin/../lib/gcc/arm-none-eabi/13.3.1/../../../../arm-none-eabi/lib/thumb/v8-m.main+dp/hard\libc_nano.a(libc_a-findfp.o) (__sread)
C:/ST/STM32CubeIDE_2.0.0/STM32CubeIDE/plugins/com.st.stm32cube.ide.mcu.externaltools.gnu-tools-for-stm32.13.3.rel1.win32_1.0.100.202509120712/tools/bin/../lib/gcc/arm-none-eabi/13.3.1/../../../../arm-none-eabi/lib/thumb/v8-m.main+dp/hard\libc_nano.a(libc_a-memset.o)
                              C:/ST/STM32CubeIDE_2.0.0/STM32CubeIDE/plugins/com.st.stm32cube.ide.mcu.externaltools.gnu-tools-for-stm32.13.3.rel1.win32_1.0.100.202509120712/tools/bin/../lib/gcc/arm-none-eabi/13.3.1/../../../../arm-none-eabi/lib/thumb/v8-m.main+dp/hard/crt0.o (memset)
C:/ST/STM32CubeIDE_2.0.0/STM32CubeIDE/plugins/com.st.stm32cube.ide.mcu.externaltools.gnu-tools-for-stm32.13.3.rel1.win32_1.0.100.202509120712/tools/bin/../lib/gcc/arm-none-eabi/13.3.1/../../../../arm-none-eabi/lib/thumb/v8-m.main+dp/hard\libc_nano.a(libc_a-closer.o)
                              C:/ST/STM32CubeIDE_2.0.0/STM32CubeIDE/plugins/com.st.stm32cube.ide.mcu.externaltools.gnu-tools-for-stm32.13.3.rel1.win32_1.0.100.202509120712/tools/bin/../lib/gcc/arm-none-eabi/13.3.1/../../../../arm-none-eabi/lib/thumb/v8-m.main+dp/hard\libc_nano.a(libc_a-stdio.o) (_close_r)
C:/ST/STM32CubeIDE_2.0.0/STM32CubeIDE/plugins/com.st.stm32cube.ide.mcu.externaltools.gnu-tools-for-stm32.13.3.rel1.win32_1.0.100.202509120712/tools/bin/../lib/gcc/arm-none-eabi/13.3.1/../../../../arm-none-eabi/lib/thumb/v8-m.main+dp/hard\libc_nano.a(libc_a-reent.o)
                              C:/ST/STM32CubeIDE_2.0.0/STM32CubeIDE/plugins/com.st.stm32cube.ide.mcu.externaltools.gnu-tools-for-stm32.13.3.rel1.win32_1.0.100.202509120712/tools/bin/../lib/gcc/arm-none-eabi/13.3.1/../../../../arm-none-eabi/lib/thumb/v8-m.main+dp/hard\libc_nano.a(libc_a-closer.o) (errno)
C:/ST/STM32CubeIDE_2.0.0/STM32CubeIDE/plugins/com.st.stm32cube.ide.mcu.externaltools.gnu-tools-for-stm32.13.3.rel1.win32_1.0.100.202509120712/tools/bin/../lib/gcc/arm-none-eabi/13.3.1/../../../../arm-none-eabi/lib/thumb/v8-m.main+dp/hard\libc_nano.a(libc_a-impure.o)
                              C:/ST/STM32CubeIDE_2.0.0/STM32CubeIDE/plugins/com.st.stm32cube.ide.mcu.externaltools.gnu-tools-for-stm32.13.3.rel1.win32_1.0.100.202509120712/tools/bin/../lib/gcc/arm-none-eabi/13.3.1/../../../../arm-none-eabi/lib/thumb/v8-m.main+dp/hard\libc_nano.a(libc_a-reent.o) (_impure_ptr)
C:/ST/STM32CubeIDE_2.0.0/STM32CubeIDE/plugins/com.st.stm32cube.ide.mcu.externaltools.gnu-tools-for-stm32.13.3.rel1.win32_1.0.100.202509120712/tools/bin/../lib/gcc/arm-none-eabi/13.3.1/../../../../arm-none-eabi/lib/thumb/v8-m.main+dp/hard\libc_nano.a(libc_a-lseekr.o)
[...]
Memory Configuration

Name             Origin             Length             Attributes
ROM              0x70100400         0x0007fc00         xrw
RAM              0x34000000         0x00200000         xrw
*default*        0x00000000         0xffffffff

Linker script and memory map

LOAD C:/ST/STM32CubeIDE_2.0.0/STM32CubeIDE/plugins/com.st.stm32cube.ide.mcu.externaltools.gnu-tools-for-stm32.13.3.rel1.win32_1.0.100.202509120712/tools/bin/../lib/gcc/arm-none-eabi/13.3.1/thumb/v8-m.main+dp/hard/crti.o
LOAD C:/ST/STM32CubeIDE_2.0.0/STM32CubeIDE/plugins/com.st.stm32cube.ide.mcu.externaltools.gnu-tools-for-stm32.13.3.rel1.win32_1.0.100.202509120712/tools/bin/../lib/gcc/arm-none-eabi/13.3.1/thumb/v8-m.main+dp/hard/crtbegin.o
LOAD C:/ST/STM32CubeIDE_2.0.0/STM32CubeIDE/plugins/com.st.stm32cube.ide.mcu.externaltools.gnu-tools-for-stm32.13.3.rel1.win32_1.0.100.202509120712/tools/bin/../lib/gcc/arm-none-eabi/13.3.1/../../../../arm-none-eabi/lib/thumb/v8-m.main+dp/hard/crt0.o
LOAD ./Drivers/BSP/stm32n6xx_nucleo.o
LOAD ./Drivers/STM32N6xx_HAL_Driver/stm32n6xx_hal.o
LOAD ./Drivers/STM32N6xx_HAL_Driver/stm32n6xx_hal_cortex.o
LOAD ./Drivers/STM32N6xx_HAL_Driver/stm32n6xx_hal_gpio.o
LOAD ./Drivers/STM32N6xx_HAL_Driver/stm32n6xx_hal_pwr.o
LOAD ./Drivers/STM32N6xx_HAL_Driver/stm32n6xx_hal_pwr_ex.o
LOAD ./Drivers/STM32N6xx_HAL_Driver/stm32n6xx_hal_rcc.o
LOAD ./Drivers/STM32N6xx_HAL_Driver/stm32n6xx_hal_rcc_ex.o
LOAD ./Src/main.o
LOAD ./Src/stm32n6xx_hal_msp.o
LOAD ./Src/stm32n6xx_it.o
LOAD ./Src/syscalls.o
LOAD ./Src/sysmem.o
LOAD ./Src/system_stm32n6xx_s.o
LOAD ./Startup/startup_stm32n657xx.o
START GROUP
LOAD C:/ST/STM32CubeIDE_2.0.0/STM32CubeIDE/plugins/com.st.stm32cube.ide.mcu.externaltools.gnu-tools-for-stm32.13.3.rel1.win32_1.0.100.202509120712/tools/bin/../lib/gcc/arm-none-eabi/13.3.1/../../../../arm-none-eabi/lib/thumb/v8-m.main+dp/hard\libc_nano.a
LOAD C:/ST/STM32CubeIDE_2.0.0/STM32CubeIDE/plugins/com.st.stm32cube.ide.mcu.externaltools.gnu-tools-for-stm32.13.3.rel1.win32_1.0.100.202509120712/tools/bin/../lib/gcc/arm-none-eabi/13.3.1/../../../../arm-none-eabi/lib/thumb/v8-m.main+dp/hard\libm.a
END GROUP
START GROUP
LOAD C:/ST/STM32CubeIDE_2.0.0/STM32CubeIDE/plugins/com.st.stm32cube.ide.mcu.externaltools.gnu-tools-for-stm32.13.3.rel1.win32_1.0.100.202509120712/tools/bin/../lib/gcc/arm-none-eabi/13.3.1/thumb/v8-m.main+dp/hard\libgcc.a
LOAD C:/ST/STM32CubeIDE_2.0.0/STM32CubeIDE/plugins/com.st.stm32cube.ide.mcu.externaltools.gnu-tools-for-stm32.13.3.rel1.win32_1.0.100.202509120712/tools/bin/../lib/gcc/arm-none-eabi/13.3.1/../../../../arm-none-eabi/lib/thumb/v8-m.main+dp/hard\libc_nano.a
END GROUP
START GROUP
LOAD C:/ST/STM32CubeIDE_2.0.0/STM32CubeIDE/plugins/com.st.stm32cube.ide.mcu.externaltools.gnu-tools-for-stm32.13.3.rel1.win32_1.0.100.202509120712/tools/bin/../lib/gcc/arm-none-eabi/13.3.1/thumb/v8-m.main+dp/hard\libgcc.a
LOAD C:/ST/STM32CubeIDE_2.0.0/STM32CubeIDE/plugins/com.st.stm32cube.ide.mcu.externaltools.gnu-tools-for-stm32.13.3.rel1.win32_1.0.100.202509120712/tools/bin/../lib/gcc/arm-none-eabi/13.3.1/../../../../arm-none-eabi/lib/thumb/v8-m.main+dp/hard\libc_nano.a
LOAD C:/ST/STM32CubeIDE_2.0.0/STM32CubeIDE/plugins/com.st.stm32cube.ide.mcu.externaltools.gnu-tools-for-stm32.13.3.rel1.win32_1.0.100.202509120712/tools/bin/../lib/gcc/arm-none-eabi/13.3.1/../../../../arm-none-eabi/lib/thumb/v8-m.main+dp/hard\libnosys.a
END GROUP
START GROUP
LOAD C:/ST/STM32CubeIDE_2.0.0/STM32CubeIDE/plugins/com.st.stm32cube.ide.mcu.externaltools.gnu-tools-for-stm32.13.3.rel1.win32_1.0.100.202509120712/tools/bin/../lib/gcc/arm-none-eabi/13.3.1/thumb/v8-m.main+dp/hard\libgcc.a
LOAD C:/ST/STM32CubeIDE_2.0.0/STM32CubeIDE/plugins/com.st.stm32cube.ide.mcu.externaltools.gnu-tools-for-stm32.13.3.rel1.win32_1.0.100.202509120712/tools/bin/../lib/gcc/arm-none-eabi/13.3.1/../../../../arm-none-eabi/lib/thumb/v8-m.main+dp/hard\libc_nano.a
LOAD C:/ST/STM32CubeIDE_2.0.0/STM32CubeIDE/plugins/com.st.stm32cube.ide.mcu.externaltools.gnu-tools-for-stm32.13.3.rel1.win32_1.0.100.202509120712/tools/bin/../lib/gcc/arm-none-eabi/13.3.1/../../../../arm-none-eabi/lib/thumb/v8-m.main+dp/hard\libnosys.a
END GROUP
LOAD C:/ST/STM32CubeIDE_2.0.0/STM32CubeIDE/plugins/com.st.stm32cube.ide.mcu.externaltools.gnu-tools-for-stm32.13.3.rel1.win32_1.0.100.202509120712/tools/bin/../lib/gcc/arm-none-eabi/13.3.1/thumb/v8-m.main+dp/hard/crtend.o
LOAD C:/ST/STM32CubeIDE_2.0.0/STM32CubeIDE/plugins/com.st.stm32cube.ide.mcu.externaltools.gnu-tools-for-stm32.13.3.rel1.win32_1.0.100.202509120712/tools/bin/../lib/gcc/arm-none-eabi/13.3.1/thumb/v8-m.main+dp/hard/crtn.o
                0x00000200                        _Min_Heap_Size = 0x200
                0x00000800                        _Min_Stack_Size = 0x800
                0x34200000                        _estack = (ORIGIN (RAM) + LENGTH (RAM))
                0x341ff800                        _sstack = (_estack - _Min_Stack_Size)

.isr_vector     0x70100400      0x34c
                0x70100400                        . = ALIGN (0x4)
 *(.isr_vector)
 .isr_vector    0x70100400      0x34c ./Startup/startup_stm32n657xx.o
                0x70100400                g_pfnVectors
                0x7010074c                        . = ALIGN (0x4)

.text           0x7010074c      0xaa0
                0x7010074c                        . = ALIGN (0x4)
 *(.text)
 .text          0x7010074c       0x40 C:/ST/STM32CubeIDE_2.0.0/STM32CubeIDE/plugins/com.st.stm32cube.ide.mcu.externaltools.gnu-tools-for-stm32.13.3.rel1.win32_1.0.100.202509120712/tools/bin/../lib/gcc/arm-none-eabi/13.3.1/thumb/v8-m.main+dp/hard/crtbegin.o
 *(.text*)
 .text.BSP_LED_Off
                0x7010078c       0x20 ./Drivers/BSP/stm32n6xx_nucleo.o
                0x7010078c                BSP_LED_Off
 .text.BSP_LED_Init
                0x701007ac       0x78 ./Drivers/BSP/stm32n6xx_nucleo.o
                0x701007ac                BSP_LED_Init
 .text.BSP_LED_Toggle
                0x70100824       0x20 ./Drivers/BSP/stm32n6xx_nucleo.o
                0x70100824                BSP_LED_Toggle
 .text.HAL_InitTick
                0x70100844       0x50 ./Drivers/STM32N6xx_HAL_Driver/stm32n6xx_hal.o
                0x70100844                HAL_InitTick
 .text.HAL_Init
                0x70100894       0x22 ./Drivers/STM32N6xx_HAL_Driver/stm32n6xx_hal.o
                0x70100894                HAL_Init
 *fill*         0x701008b6        0x2 
 .text.HAL_IncTick
                0x701008b8       0x18 ./Drivers/STM32N6xx_HAL_Driver/stm32n6xx_hal.o
                0x701008b8                HAL_IncTick
 .text.HAL_GetTick
                0x701008d0        0xc ./Drivers/STM32N6xx_HAL_Driver/stm32n6xx_hal.o
                0x701008d0                HAL_GetTick
 .text.HAL_Delay
                0x701008dc       0x28 ./Drivers/STM32N6xx_HAL_Driver/stm32n6xx_hal.o
                0x701008dc                HAL_Delay
 .text.__NVIC_SetPriority
                0x70100904       0x28 ./Drivers/STM32N6xx_HAL_Driver/stm32n6xx_hal_cortex.o
 .text.NVIC_EncodePriority
                0x7010092c       0x3e ./Drivers/STM32N6xx_HAL_Driver/stm32n6xx_hal_cortex.o
 .text.MPU_ConfigRegion
                0x7010096a       0x3e ./Drivers/STM32N6xx_HAL_Driver/stm32n6xx_hal_cortex.o
 .text.MPU_ConfigMemoryAttributes
                0x701009a8       0x2c ./Drivers/STM32N6xx_HAL_Driver/stm32n6xx_hal_cortex.o
 .text.HAL_NVIC_SetPriorityGrouping
                0x701009d4       0x24 ./Drivers/STM32N6xx_HAL_Driver/stm32n6xx_hal_cortex.o
                0x701009d4                HAL_NVIC_SetPriorityGrouping
 .text.HAL_NVIC_SetPriority
                0x701009f8       0x20 ./Drivers/STM32N6xx_HAL_Driver/stm32n6xx_hal_cortex.o
                0x701009f8                HAL_NVIC_SetPriority
 .text.HAL_SYSTICK_Config
                0x70100a18       0x28 ./Drivers/STM32N6xx_HAL_Driver/stm32n6xx_hal_cortex.o
                0x70100a18                HAL_SYSTICK_Config
 .text.HAL_MPU_Enable
                0x70100a40       0x24 ./Drivers/STM32N6xx_HAL_Driver/stm32n6xx_hal_cortex.o
                0x70100a40                HAL_MPU_Enable
 .text.HAL_MPU_Disable
                0x70100a64       0x28 ./Drivers/STM32N6xx_HAL_Driver/stm32n6xx_hal_cortex.o
                0x70100a64                HAL_MPU_Disable
 .text.HAL_MPU_ConfigRegion
                0x70100a8c       0x10 ./Drivers/STM32N6xx_HAL_Driver/stm32n6xx_hal_cortex.o
                0x70100a8c                HAL_MPU_ConfigRegion
 .text.HAL_MPU_ConfigMemoryAttributes
                0x70100a9c       0x10 ./Drivers/STM32N6xx_HAL_Driver/stm32n6xx_hal_cortex.o
                0x70100a9c                HAL_MPU_ConfigMemoryAttributes
 .text.HAL_GPIO_Init
                0x70100aac      0x214 ./Drivers/STM32N6xx_HAL_Driver/stm32n6xx_hal_gpio.o
                0x70100aac                HAL_GPIO_Init
 .text.HAL_GPIO_WritePin
                0x70100cc0        0xa ./Drivers/STM32N6xx_HAL_Driver/stm32n6xx_hal_gpio.o
                0x70100cc0                HAL_GPIO_WritePin
 .text.HAL_GPIO_TogglePin
                0x70100cca       0x12 ./Drivers/STM32N6xx_HAL_Driver/stm32n6xx_hal_gpio.o
                0x70100cca                HAL_GPIO_TogglePin
 .text.HAL_PWREx_EnableVddIO3
                0x70100cdc       0x10 ./Drivers/STM32N6xx_HAL_Driver/stm32n6xx_hal_pwr_ex.o
                0x70100cdc                HAL_PWREx_EnableVddIO3
 .text.MPU_Config
                0x70100cec       0x70 ./Src/main.o
 .text.main     0x70100d5c       0xb4 ./Src/main.o
                0x70100d5c                main
 .text.HAL_MspInit
                0x70100e10        0x8 ./Src/stm32n6xx_hal_msp.o
                0x70100e10                HAL_MspInit
 .text.NMI_Handler
                0x70100e18        0x2 ./Src/stm32n6xx_it.o
                0x70100e18                NMI_Handler
 .text.HardFault_Handler
                0x70100e1a        0x2 ./Src/stm32n6xx_it.o
                0x70100e1a                HardFault_Handler
 .text.MemManage_Handler
                0x70100e1c        0x2 ./Src/stm32n6xx_it.o
                0x70100e1c                MemManage_Handler
 .text.BusFault_Handler
                0x70100e1e        0x2 ./Src/stm32n6xx_it.o
                0x70100e1e                BusFault_Handler
 .text.UsageFault_Handler
                0x70100e20        0x2 ./Src/stm32n6xx_it.o
                0x70100e20                UsageFault_Handler
 .text.SecureFault_Handler
                0x70100e22        0x2 ./Src/stm32n6xx_it.o
                0x70100e22                SecureFault_Handler
 .text.SVC_Handler
                0x70100e24        0x2 ./Src/stm32n6xx_it.o
                0x70100e24                SVC_Handler
 .text.DebugMon_Handler
                0x70100e26        0x2 ./Src/stm32n6xx_it.o
                0x70100e26                DebugMon_Handler
 .text.PendSV_Handler
                0x70100e28        0x2 ./Src/stm32n6xx_it.o
                0x70100e28                PendSV_Handler
 .text.SysTick_Handler
                0x70100e2a        0x8 ./Src/stm32n6xx_it.o
                0x70100e2a                SysTick_Handler
 *fill*         0x70100e32        0x2 
 .text.TZ_SAU_Setup
                0x70100e34       0x48 ./Src/system_stm32n6xx_s.o
 .text.SystemInit
                0x70100e7c       0x58 ./Src/system_stm32n6xx_s.o
                0x70100e7c                SystemInit
 .text.SystemCoreClockUpdate
                0x70100ed4      0x234 ./Src/system_stm32n6xx_s.o
                0x70100ed4                SystemCoreClockUpdate
 .text.SECURE_SystemCoreClockUpdate
                0x70101108       0x24 ./Src/system_stm32n6xx_s.o
                0x70101108                __acle_se_SECURE_SystemCoreClockUpdate
 .text.Reset_Handler
                0x7010112c       0x5c ./Startup/startup_stm32n657xx.o
                0x7010112c                Reset_Handler
 .text.Default_Handler
                0x70101188        0x2 ./Startup/startup_stm32n657xx.o
                0x70101188                HPDMA1_Channel13_IRQHandler
                0x70101188                EXTI2_IRQHandler
                0x70101188                MCE2_IRQHandler
                0x70101188                TIM8_CC_IRQHandler
                0x70101188                USB2_OTG_HS_IRQHandler
                0x70101188                SAI1_A_IRQHandler
                0x70101188                EXTI5_IRQHandler
                0x70101188                I3C1_ER_IRQHandler
                0x70101188                UART8_IRQHandler
                0x70101188                CTI_INT0_IRQHandler
                0x70101188                SPI4_IRQHandler
                0x70101188                LTDC_LO_IRQHandler
                0x70101188                NPU2_IRQHandler
                0x70101188                FDCAN3_IT0_IRQHandler
                0x70101188                EXTI13_IRQHandler
                0x70101188                TIM1_CC_IRQHandler
                0x70101188                XSPI1_IRQHandler
                0x70101188                TIM10_IRQHandler
                0x70101188                JPEG_IRQHandler
                0x70101188                TAMP_IRQHandler
                0x70101188                CACHE_ECC_IRQHandler
                0x70101188                TIM6_IRQHandler
                0x70101188                EXTI12_IRQHandler
                0x70101188                GFXTIM_IRQHandler
                0x70101188                EXTI3_IRQHandler
                0x70101188                LPTIM4_IRQHandler
                0x70101188                GPDMA1_Channel5_IRQHandler
                0x70101188                EXTI8_IRQHandler
                0x70101188                LPTIM2_IRQHandler
                0x70101188                GFXMMU_IRQHandler
                0x70101188                LTDC_LO_ERR_IRQHandler
                0x70101188                I2C3_ER_IRQHandler
                0x70101188                RIFSC_TAMPER_IRQHandler
                0x70101188                USART10_IRQHandler
                0x70101188                MDF1_FLT2_IRQHandler
                0x70101188                LPTIM3_IRQHandler
                0x70101188                SAI2_A_IRQHandler
                0x70101188                EXTI0_IRQHandler
                0x70101188                HPDMA1_Channel9_IRQHandler
                0x70101188                I2C2_EV_IRQHandler
                0x70101188                GPU2D_IRQHandler
                0x70101188                FPU_IRQHandler
                0x70101188                GPDMA1_Channel3_IRQHandler
                0x70101188                GPDMA1_Channel7_IRQHandler
                0x70101188                MDF1_FLT4_IRQHandler
                0x70101188                FDCAN1_IT1_IRQHandler
                0x70101188                HPDMA1_Channel3_IRQHandler
                0x70101188                ADC1_2_IRQHandler
                0x70101188                GPDMA1_Channel9_IRQHandler
                0x70101188                SPI1_IRQHandler
                0x70101188                SAI1_B_IRQHandler
                0x70101188                GPDMA1_Channel2_IRQHandler
                0x70101188                PAHB_ERR_IRQHandler
                0x70101188                TIM8_UP_IRQHandler
                0x70101188                RCC_S_IRQHandler
                0x70101188                MDF1_FLT1_IRQHandler
                0x70101188                LTDC_UP_IRQHandler
                0x70101188                LOCKUP_IRQHandler
                0x70101188                PKA_IRQHandler
                0x70101188                USART6_IRQHandler
                0x70101188                HPDMA1_Channel2_IRQHandler
                0x70101188                MDF1_FLT5_IRQHandler
                0x70101188                MCE4_IRQHandler
                0x70101188                I3C2_ER_IRQHandler
                0x70101188                EXTI15_IRQHandler
                0x70101188                TIM17_IRQHandler
                0x70101188                USART3_IRQHandler
                0x70101188                HPDMA1_Channel6_IRQHandler
                0x70101188                CRYP_IRQHandler
                0x70101188                RTC_IRQHandler
                0x70101188                XSPI2_IRQHandler
                0x70101188                EXTI9_IRQHandler
                0x70101188                IAC_IRQHandler
                0x70101188                HPDMA1_Channel0_IRQHandler
                0x70101188                LPTIM5_IRQHandler
                0x70101188                UART5_IRQHandler
                0x70101188                TIM4_IRQHandler
                0x70101188                NPU3_IRQHandler
                0x70101188                I3C2_EV_IRQHandler
                0x70101188                I2C1_EV_IRQHandler
                0x70101188                FDCAN_CU_IRQHandler
                0x70101188                GPDMA1_Channel12_IRQHandler
                0x70101188                HPDMA1_Channel7_IRQHandler
                0x70101188                GPDMA1_Channel1_IRQHandler
                0x70101188                TIM16_IRQHandler
                0x70101188                GPDMA1_Channel15_IRQHandler
                0x70101188                UART4_IRQHandler
                0x70101188                TCM_ECC_IRQHandler
                0x70101188                TIM3_IRQHandler
                0x70101188                RCC_IRQHandler
                0x70101188                UART9_IRQHandler
                0x70101188                NPU1_IRQHandler
                0x70101188                SAI2_B_IRQHandler
                0x70101188                Default_Handler
                0x70101188                GPDMA1_Channel8_IRQHandler
                0x70101188                HPDMA1_Channel8_IRQHandler
                0x70101188                TIM18_IRQHandler
                0x70101188                TIM14_IRQHandler
                0x70101188                TIM13_IRQHandler
                0x70101188                CTI_INT1_IRQHandler
                0x70101188                GPDMA1_Channel11_IRQHandler
                0x70101188                GPU2D_ER_IRQHandler
                0x70101188                SPI5_IRQHandler
                0x70101188                TIM12_IRQHandler
                0x70101188                TIM7_IRQHandler
                0x70101188                FDCAN3_IT1_IRQHandler
                0x70101188                HPDMA1_Channel10_IRQHandler
                0x70101188                SDMMC1_IRQHandler
                0x70101188                SAES_IRQHandler
                0x70101188                TIM5_IRQHandler
                0x70101188                UCPD1_IRQHandler
                0x70101188                GPDMA1_Channel0_IRQHandler
                0x70101188                I3C1_EV_IRQHandler
                0x70101188                HPDMA1_Channel5_IRQHandler
                0x70101188                TIM15_IRQHandler
                0x70101188                I2C3_EV_IRQHandler
                0x70101188                HPDMA1_Channel4_IRQHandler
                0x70101188                HPDMA1_Channel15_IRQHandler
                0x70101188                TIM9_IRQHandler
                0x70101188                ETH1_IRQHandler
                0x70101188                USB1_OTG_HS_IRQHandler
                0x70101188                PVD_PVM_IRQHandler
                0x70101188                SPI2_IRQHandler
                0x70101188                TIM1_TRG_CCU_IRQHandler
                0x70101188                HPDMA1_Channel11_IRQHandler
                0x70101188                EXTI14_IRQHandler
                0x70101188                EXTI11_IRQHandler
                0x70101188                VENC_IRQHandler
                0x70101188                GPDMA1_Channel14_IRQHandler
                0x70101188                EXTI4_IRQHandler
                0x70101188                RTC_S_IRQHandler
                0x70101188                GPDMA1_Channel13_IRQHandler
                0x70101188                RNG_IRQHandler
                0x70101188                XSPI3_IRQHandler
                0x70101188                FDCAN2_IT1_IRQHandler
                0x70101188                TIM1_UP_IRQHandler
                0x70101188                BCK_ECC_IRQHandler
                0x70101188                WWDG_IRQHandler
                0x70101188                SPI6_IRQHandler
                0x70101188                MDIOS_IRQHandler
                0x70101188                I2C4_EV_IRQHandler
                0x70101188                FDCAN2_IT0_IRQHandler
                0x70101188                IWDG_IRQHandler
                0x70101188                HPDMA1_Channel14_IRQHandler
                0x70101188                LPUART1_IRQHandler
                0x70101188                FDCAN1_IT0_IRQHandler
                0x70101188                MDF1_FLT0_IRQHandler
                0x70101188                TIM2_IRQHandler
                0x70101188                MCE3_IRQHandler
                0x70101188                GPDMA1_Channel4_IRQHandler
                0x70101188                EXTI7_IRQHandler
                0x70101188                DMA2D_IRQHandler
                0x70101188                TIM1_BRK_IRQHandler
                0x70101188                EXTI1_IRQHandler
                0x70101188                SDMMC2_IRQHandler
                0x70101188                TIM11_IRQHandler
                0x70101188                LTDC_UP_ERR_IRQHandler
                0x70101188                UART7_IRQHandler
                0x70101188                DTS_IRQHandler
                0x70101188                MDF1_FLT3_IRQHandler
                0x70101188                USART2_IRQHandler
                0x70101188                GPDMA1_Channel6_IRQHandler
                0x70101188                ADF1_FLT0_IRQHandler
                0x70101188                I2C2_ER_IRQHandler
                0x70101188                MCE1_IRQHandler
                0x70101188                SPDIFRX_IRQHandler
                0x70101188                TIM8_BRK_IRQHandler
                0x70101188                HPDMA1_Channel12_IRQHandler
                0x70101188                USART1_IRQHandler
                0x70101188                EXTI10_IRQHandler
                0x70101188                SPI3_IRQHandler
                0x70101188                WAKEUP_PIN_IRQHandler
                0x70101188                DCMIPP_IRQHandler
                0x70101188                I2C1_ER_IRQHandler
                0x70101188                FMC_IRQHandler
                0x70101188                EXTI6_IRQHandler
                0x70101188                LPTIM1_IRQHandler
                0x70101188                DCMI_PSSI_IRQHandler
                0x70101188                TIM8_TRG_CCU_IRQHandler
                0x70101188                I2C4_ER_IRQHandler
                0x70101188                GPDMA1_Channel10_IRQHandler
                0x70101188                ICACHE_IRQHandler
                0x70101188                HASH_IRQHandler
 *fill*         0x7010118a        0x2 
 .text.__libc_init_array
                0x7010118c       0x48 C:/ST/STM32CubeIDE_2.0.0/STM32CubeIDE/plugins/com.st.stm32cube.ide.mcu.externaltools.gnu-tools-for-stm32.13.3.rel1.win32_1.0.100.202509120712/tools/bin/../lib/gcc/arm-none-eabi/13.3.1/../../../../arm-none-eabi/lib/thumb/v8-m.main+dp/hard\libc_nano.a(libc_a-init.o)
                0x7010118c                __libc_init_array
 *(.glue_7)
 .glue_7        0x701011d4        0x0 linker stubs
 *(.glue_7t)
 .glue_7t       0x701011d4        0x0 linker stubs
 *(.eh_frame)
 .eh_frame      0x701011d4        0x0 C:/ST/STM32CubeIDE_2.0.0/STM32CubeIDE/plugins/com.st.stm32cube.ide.mcu.externaltools.gnu-tools-for-stm32.13.3.rel1.win32_1.0.100.202509120712/tools/bin/../lib/gcc/arm-none-eabi/13.3.1/thumb/v8-m.main+dp/hard/crtbegin.o
 *(.RamFunc)
 *(.RamFunc*)
 *(.init)
 .init          0x701011d4        0x4 C:/ST/STM32CubeIDE_2.0.0/STM32CubeIDE/plugins/com.st.stm32cube.ide.mcu.externaltools.gnu-tools-for-stm32.13.3.rel1.win32_1.0.100.202509120712/tools/bin/../lib/gcc/arm-none-eabi/13.3.1/thumb/v8-m.main+dp/hard/crti.o
                0x701011d4                _init
 .init          0x701011d8        0x8 C:/ST/STM32CubeIDE_2.0.0/STM32CubeIDE/plugins/com.st.stm32cube.ide.mcu.externaltools.gnu-tools-for-stm32.13.3.rel1.win32_1.0.100.202509120712/tools/bin/../lib/gcc/arm-none-eabi/13.3.1/thumb/v8-m.main+dp/hard/crtn.o
 *(.fini)
 .fini          0x701011e0        0x4 C:/ST/STM32CubeIDE_2.0.0/STM32CubeIDE/plugins/com.st.stm32cube.ide.mcu.externaltools.gnu-tools-for-stm32.13.3.rel1.win32_1.0.100.202509120712/tools/bin/../lib/gcc/arm-none-eabi/13.3.1/thumb/v8-m.main+dp/hard/crti.o
                0x701011e0                _fini
 .fini          0x701011e4        0x8 C:/ST/STM32CubeIDE_2.0.0/STM32CubeIDE/plugins/com.st.stm32cube.ide.mcu.externaltools.gnu-tools-for-stm32.13.3.rel1.win32_1.0.100.202509120712/tools/bin/../lib/gcc/arm-none-eabi/13.3.1/thumb/v8-m.main+dp/hard/crtn.o
                0x701011ec                        . = ALIGN (0x4)
                0x701011ec                        _etext = .

.vfp11_veneer   0x701011ec        0x0
 .vfp11_veneer  0x701011ec        0x0 linker stubs

.v4_bx          0x701011ec        0x0
 .v4_bx         0x701011ec        0x0 linker stubs

.iplt           0x701011ec        0x0
 .iplt          0x701011ec        0x0 C:/ST/STM32CubeIDE_2.0.0/STM32CubeIDE/plugins/com.st.stm32cube.ide.mcu.externaltools.gnu-tools-for-stm32.13.3.rel1.win32_1.0.100.202509120712/tools/bin/../lib/gcc/arm-none-eabi/13.3.1/thumb/v8-m.main+dp/hard/crtbegin.o

.rodata         0x701011ec       0x14
                0x701011ec                        . = ALIGN (0x4)
 *(.rodata)
 *(.rodata*)
 .rodata.LED_PORT
                0x701011ec        0xc ./Drivers/BSP/stm32n6xx_nucleo.o
 .rodata.LED_PIN
                0x701011f8        0x6 ./Drivers/BSP/stm32n6xx_nucleo.o
                0x70101200                        . = ALIGN (0x4)
 *fill*         0x701011fe        0x2 

.rel.dyn        0x70101200        0x0
 .rel.iplt      0x70101200        0x0 C:/ST/STM32CubeIDE_2.0.0/STM32CubeIDE/plugins/com.st.stm32cube.ide.mcu.externaltools.gnu-tools-for-stm32.13.3.rel1.win32_1.0.100.202509120712/tools/bin/../lib/gcc/arm-none-eabi/13.3.1/thumb/v8-m.main+dp/hard/crtbegin.o

.ARM.extab      0x70101200        0x0
                0x70101200                        . = ALIGN (0x4)
 *(.ARM.extab* .gnu.linkonce.armextab.*)
                0x70101200                        . = ALIGN (0x4)

.ARM            0x70101200        0x0
                0x70101200                        . = ALIGN (0x4)
                0x70101200                        __exidx_start = .
 *(.ARM.exidx*)
                0x70101200                        __exidx_end = .
                0x70101200                        . = ALIGN (0x4)

.preinit_array  0x70101200        0x0
                0x70101200                        . = ALIGN (0x4)
                0x70101200                        PROVIDE (__preinit_array_start = .)
 *(.preinit_array*)
                0x70101200                        PROVIDE (__preinit_array_end = .)
                0x70101200                        . = ALIGN (0x4)

.init_array     0x70101200        0x4
                0x70101200                        . = ALIGN (0x4)
                0x70101200                        PROVIDE (__init_array_start = .)
 *(SORT_BY_NAME(.init_array.*))
 *(.init_array*)
 .init_array    0x70101200        0x4 C:/ST/STM32CubeIDE_2.0.0/STM32CubeIDE/plugins/com.st.stm32cube.ide.mcu.externaltools.gnu-tools-for-stm32.13.3.rel1.win32_1.0.100.202509120712/tools/bin/../lib/gcc/arm-none-eabi/13.3.1/thumb/v8-m.main+dp/hard/crtbegin.o
                0x70101204                        PROVIDE (__init_array_end = .)
                0x70101204                        . = ALIGN (0x4)

.fini_array     0x70101204        0x4
                0x70101204                        . = ALIGN (0x4)
                [!provide]                        PROVIDE (__fini_array_start = .)
 *(SORT_BY_NAME(.fini_array.*))
 *(.fini_array*)
 .fini_array    0x70101204        0x4 C:/ST/STM32CubeIDE_2.0.0/STM32CubeIDE/plugins/com.st.stm32cube.ide.mcu.externaltools.gnu-tools-for-stm32.13.3.rel1.win32_1.0.100.202509120712/tools/bin/../lib/gcc/arm-none-eabi/13.3.1/thumb/v8-m.main+dp/hard/crtbegin.o
                [!provide]                        PROVIDE (__fini_array_end = .)
                0x70101208                        . = ALIGN (0x4)
                0x70101208                        _sidata = LOADADDR (.data)

.data           0x34000000        0xc load address 0x70101208
                0x34000000                        . = ALIGN (0x4)
                0x34000000                        _sdata = .
 *(.data)
 *(.data*)
 .data.uwTickFreq
                0x34000000        0x1 ./Drivers/STM32N6xx_HAL_Driver/stm32n6xx_hal.o
                0x34000000                uwTickFreq
 *fill*         0x34000001        0x3 
 .data.uwTickPrio
                0x34000004        0x4 ./Drivers/STM32N6xx_HAL_Driver/stm32n6xx_hal.o
                0x34000004                uwTickPrio
 .data.SystemCoreClock
                0x34000008        0x4 ./Src/system_stm32n6xx_s.o
                0x34000008                SystemCoreClock
                0x3400000c                        . = ALIGN (0x4)
                0x3400000c                        _edata = .

.igot.plt       0x3400000c        0x0 load address 0x70101214
 .igot.plt      0x3400000c        0x0 C:/ST/STM32CubeIDE_2.0.0/STM32CubeIDE/plugins/com.st.stm32cube.ide.mcu.externaltools.gnu-tools-for-stm32.13.3.rel1.win32_1.0.100.202509120712/tools/bin/../lib/gcc/arm-none-eabi/13.3.1/thumb/v8-m.main+dp/hard/crtbegin.o

.noncacheable   0x3400000c        0x4 load address 0x70101214
                0x34000010                        . = ALIGN (0x8)
 *fill*         0x3400000c        0x4 
                0x34000010                        __snoncacheable = .
 *(noncacheable_buffer)
                0x34000010                        . = ALIGN (0x8)
                0x34000010                        __enoncacheable = .

.gnu.sgstubs    0x70101220       0x20
                0x70101220                        . = ALIGN (0x4)
 *(.gnu.sgstubs*)
                0x70101220                        . = ALIGN (0x4)
 .gnu.sgstubs.__stub
                0x70101220        0x8 linker stubs
                0x70101220                SECURE_SystemCoreClockUpdate
                0x70101228                        . = ALIGN (0x4)

.bss            0x34000010       0x20
                0x34000010                        _sbss = .
                0x34000010                        __bss_start__ = _sbss
 *(.bss)
 .bss           0x34000010       0x1c C:/ST/STM32CubeIDE_2.0.0/STM32CubeIDE/plugins/com.st.stm32cube.ide.mcu.externaltools.gnu-tools-for-stm32.13.3.rel1.win32_1.0.100.202509120712/tools/bin/../lib/gcc/arm-none-eabi/13.3.1/thumb/v8-m.main+dp/hard/crtbegin.o
 *(.bss*)
 .bss.uwTick    0x3400002c        0x4 ./Drivers/STM32N6xx_HAL_Driver/stm32n6xx_hal.o
                0x3400002c                uwTick
 *(COMMON)
                0x34000030                        . = ALIGN (0x4)
                0x34000030                        _ebss = .
                0x34000030                        __bss_end__ = _ebss

._user_heap_stack
                0x34000030      0xa00
                0x34000030                        . = ALIGN (0x8)
                [!provide]                        PROVIDE (end = .)
                0x34000030                        PROVIDE (_end = .)
                0x34000230                        . = (. + _Min_Heap_Size)
 *fill*         0x34000030      0x200 
                0x34000a30                        . = (. + _Min_Stack_Size)
 *fill*         0x34000230      0x800 
                0x34000a30                        . = ALIGN (0x8)

/DISCARD/
 libc.a(*)
 libm.a(*)
 libgcc.a(*)

.ARM.attributes
                0x00000000       0x3a
 *(.ARM.attributes)
 .ARM.attributes
                0x00000000       0x24 C:/ST/STM32CubeIDE_2.0.0/STM32CubeIDE/plugins/com.st.stm32cube.ide.mcu.externaltools.gnu-tools-for-stm32.13.3.rel1.win32_1.0.100.202509120712/tools/bin/../lib/gcc/arm-none-eabi/13.3.1/thumb/v8-m.main+dp/hard/crti.o
 .ARM.attributes
                0x00000024       0x36 C:/ST/STM32CubeIDE_2.0.0/STM32CubeIDE/plugins/com.st.stm32cube.ide.mcu.externaltools.gnu-tools-for-stm32.13.3.rel1.win32_1.0.100.202509120712/tools/bin/../lib/gcc/arm-none-eabi/13.3.1/thumb/v8-m.main+dp/hard/crtbegin.o
 .ARM.attributes
                0x0000005a       0x3e ./Drivers/BSP/stm32n6xx_nucleo.o
 .ARM.attributes
                0x00000098       0x3e ./Drivers/STM32N6xx_HAL_Driver/stm32n6xx_hal.o
 .ARM.attributes
                0x000000d6       0x3e ./Drivers/STM32N6xx_HAL_Driver/stm32n6xx_hal_cortex.o
 .ARM.attributes
                0x00000114       0x3e ./Drivers/STM32N6xx_HAL_Driver/stm32n6xx_hal_gpio.o
 .ARM.attributes
                0x00000152       0x3e ./Drivers/STM32N6xx_HAL_Driver/stm32n6xx_hal_pwr_ex.o
 .ARM.attributes
                0x00000190       0x3e ./Src/main.o
 .ARM.attributes
                0x000001ce       0x3e ./Src/stm32n6xx_hal_msp.o
 .ARM.attributes
                0x0000020c       0x3e ./Src/stm32n6xx_it.o
 .ARM.attributes
                0x0000024a       0x3e ./Src/system_stm32n6xx_s.o
 .ARM.attributes
                0x00000288       0x22 ./Startup/startup_stm32n657xx.o
 .ARM.attributes
                0x000002aa       0x36 C:/ST/STM32CubeIDE_2.0.0/STM32CubeIDE/plugins/com.st.stm32cube.ide.mcu.externaltools.gnu-tools-for-stm32.13.3.rel1.win32_1.0.100.202509120712/tools/bin/../lib/gcc/arm-none-eabi/13.3.1/../../../../arm-none-eabi/lib/thumb/v8-m.main+dp/hard\libc_nano.a(libc_a-init.o)
 .ARM.attributes
                0x000002e0       0x24 C:/ST/STM32CubeIDE_2.0.0/STM32CubeIDE/plugins/com.st.stm32cube.ide.mcu.externaltools.gnu-tools-for-stm32.13.3.rel1.win32_1.0.100.202509120712/tools/bin/../lib/gcc/arm-none-eabi/13.3.1/thumb/v8-m.main+dp/hard/crtn.o
OUTPUT(Template_XIP_AppS.elf elf32-littlearm)
LOAD linker stubs
LOAD C:/ST/STM32CubeIDE_2.0.0/STM32CubeIDE/plugins/com.st.stm32cube.ide.mcu.externaltools.gnu-tools-for-stm32.13.3.rel1.win32_1.0.100.202509120712/tools/bin/../lib/gcc/arm-none-eabi/13.3.1/../../../../arm-none-eabi/lib/thumb/v8-m.main+dp/hard\libc.a
LOAD C:/ST/STM32CubeIDE_2.0.0/STM32CubeIDE/plugins/com.st.stm32cube.ide.mcu.externaltools.gnu-tools-for-stm32.13.3.rel1.win32_1.0.100.202509120712/tools/bin/../lib/gcc/arm-none-eabi/13.3.1/../../../../arm-none-eabi/lib/thumb/v8-m.main+dp/hard\libm.a
LOAD C:/ST/STM32CubeIDE_2.0.0/STM32CubeIDE/plugins/com.st.stm32cube.ide.mcu.externaltools.gnu-tools-for-stm32.13.3.rel1.win32_1.0.100.202509120712/tools/bin/../lib/gcc/arm-none-eabi/13.3.1/thumb/v8-m.main+dp/hard\libgcc.a

.debug_info     0x00000000     0xaf5a
 .debug_info    0x00000000     0x2e2d ./Drivers/BSP/stm32n6xx_nucleo.o
 .debug_info    0x00002e2d     0x2937 ./Drivers/STM32N6xx_HAL_Driver/stm32n6xx_hal.o
 .debug_info    0x00005764     0x17ce ./Drivers/STM32N6xx_HAL_Driver/stm32n6xx_hal_cortex.o
 .debug_info    0x00006f32      0xbcd ./Drivers/STM32N6xx_HAL_Driver/stm32n6xx_hal_gpio.o
 .debug_info    0x00007aff      0xe5b ./Drivers/STM32N6xx_HAL_Driver/stm32n6xx_hal_pwr_ex.o
 .debug_info    0x0000895a      0x8df ./Src/main.o
 .debug_info    0x00009239       0xae ./Src/stm32n6xx_hal_msp.o
 .debug_info    0x000092e7      0x142 ./Src/stm32n6xx_it.o
 .debug_info    0x00009429     0x1b01 ./Src/system_stm32n6xx_s.o
 .debug_info    0x0000af2a       0x30 ./Startup/startup_stm32n657xx.o

.debug_abbrev   0x00000000     0x14f8
 .debug_abbrev  0x00000000      0x40c ./Drivers/BSP/stm32n6xx_nucleo.o
 .debug_abbrev  0x0000040c      0x2c2 ./Drivers/STM32N6xx_HAL_Driver/stm32n6xx_hal.o
 .debug_abbrev  0x000006ce      0x3a8 ./Drivers/STM32N6xx_HAL_Driver/stm32n6xx_hal_cortex.o
 .debug_abbrev  0x00000a76      0x289 ./Drivers/STM32N6xx_HAL_Driver/stm32n6xx_hal_gpio.o
 .debug_abbrev  0x00000cff      0x280 ./Drivers/STM32N6xx_HAL_Driver/stm32n6xx_hal_pwr_ex.o
 .debug_abbrev  0x00000f7f      0x2f5 ./Src/main.o
 .debug_abbrev  0x00001274       0x5f ./Src/stm32n6xx_hal_msp.o
 .debug_abbrev  0x000012d3       0x7c ./Src/stm32n6xx_it.o
 .debug_abbrev  0x0000134f      0x185 ./Src/system_stm32n6xx_s.o
 .debug_abbrev  0x000014d4       0x24 ./Startup/startup_stm32n657xx.o

.debug_loclists
                0x00000000     0x220e
 .debug_loclists
                0x00000000      0x3be ./Drivers/BSP/stm32n6xx_nucleo.o
 .debug_loclists
                0x000003be      0xa70 ./Drivers/STM32N6xx_HAL_Driver/stm32n6xx_hal.o
 .debug_loclists
                0x00000e2e      0x664 ./Drivers/STM32N6xx_HAL_Driver/stm32n6xx_hal_cortex.o
 .debug_loclists
                0x00001492      0x573 ./Drivers/STM32N6xx_HAL_Driver/stm32n6xx_hal_gpio.o
 .debug_loclists
                0x00001a05      0x3ec ./Drivers/STM32N6xx_HAL_Driver/stm32n6xx_hal_pwr_ex.o
 .debug_loclists
                0x00001df1       0x77 ./Src/main.o
 .debug_loclists
                0x00001e68      0x3a6 ./Src/system_stm32n6xx_s.o

.debug_aranges  0x00000000      0x9f0
 .debug_aranges
                0x00000000       0xc0 ./Drivers/BSP/stm32n6xx_nucleo.o
 .debug_aranges
                0x000000c0      0x3d0 ./Drivers/STM32N6xx_HAL_Driver/stm32n6xx_hal.o
 .debug_aranges
                0x00000490      0x140 ./Drivers/STM32N6xx_HAL_Driver/stm32n6xx_hal_cortex.o
 .debug_aranges
                0x000005d0       0xa8 ./Drivers/STM32N6xx_HAL_Driver/stm32n6xx_hal_gpio.o
 .debug_aranges
                0x00000678      0x260 ./Drivers/STM32N6xx_HAL_Driver/stm32n6xx_hal_pwr_ex.o
 .debug_aranges
                0x000008d8       0x30 ./Src/main.o
 .debug_aranges
                0x00000908       0x20 ./Src/stm32n6xx_hal_msp.o
 .debug_aranges
                0x00000928       0x68 ./Src/stm32n6xx_it.o
 .debug_aranges
                0x00000990       0x38 ./Src/system_stm32n6xx_s.o
 .debug_aranges
                0x000009c8       0x28 ./Startup/startup_stm32n657xx.o

.debug_rnglists
                0x00000000      0x799
 .debug_rnglists
                0x00000000       0x8d ./Drivers/BSP/stm32n6xx_nucleo.o
 .debug_rnglists
                0x0000008d      0x2da ./Drivers/STM32N6xx_HAL_Driver/stm32n6xx_hal.o
 .debug_rnglists
                0x00000367       0xeb ./Drivers/STM32N6xx_HAL_Driver/stm32n6xx_hal_cortex.o
 .debug_rnglists
                0x00000452       0x93 ./Drivers/STM32N6xx_HAL_Driver/stm32n6xx_hal_gpio.o
 .debug_rnglists
                0x000004e5      0x1f9 ./Drivers/STM32N6xx_HAL_Driver/stm32n6xx_hal_pwr_ex.o
 .debug_rnglists
                0x000006de       0x20 ./Src/main.o
 .debug_rnglists
                0x000006fe       0x13 ./Src/stm32n6xx_hal_msp.o
 .debug_rnglists
                0x00000711       0x49 ./Src/stm32n6xx_it.o
 .debug_rnglists
                0x0000075a       0x26 ./Src/system_stm32n6xx_s.o
 .debug_rnglists
                0x00000780       0x19 ./Startup/startup_stm32n657xx.o

.debug_line     0x00000000     0x5951
 .debug_line    0x00000000      0x9fe ./Drivers/BSP/stm32n6xx_nucleo.o
 .debug_line    0x000009fe     0x14e3 ./Drivers/STM32N6xx_HAL_Driver/stm32n6xx_hal.o
 .debug_line    0x00001ee1      0xbc6 ./Drivers/STM32N6xx_HAL_Driver/stm32n6xx_hal_cortex.o
 .debug_line    0x00002aa7      0xd34 ./Drivers/STM32N6xx_HAL_Driver/stm32n6xx_hal_gpio.o
 .debug_line    0x000037db      0xfd0 ./Drivers/STM32N6xx_HAL_Driver/stm32n6xx_hal_pwr_ex.o
 .debug_line    0x000047ab      0x6ac ./Src/main.o
 .debug_line    0x00004e57      0x115 ./Src/stm32n6xx_hal_msp.o
 .debug_line    0x00004f6c      0x1db ./Src/stm32n6xx_it.o
 .debug_line    0x00005147      0x78c ./Src/system_stm32n6xx_s.o
 .debug_line    0x000058d3       0x7e ./Startup/startup_stm32n657xx.o

.debug_str      0x00000000     0x4dfd
 .debug_str     0x00000000     0x4dfd ./Drivers/BSP/stm32n6xx_nucleo.o
                               0x2528 (size before relaxing)
 .debug_str     0x00004dfd        0x0 ./Drivers/STM32N6xx_HAL_Driver/stm32n6xx_hal.o
                               0x29e5 (size before relaxing)
 .debug_str     0x00004dfd        0x0 ./Drivers/STM32N6xx_HAL_Driver/stm32n6xx_hal_cortex.o
                               0x14d5 (size before relaxing)
 .debug_str     0x00004dfd        0x0 ./Drivers/STM32N6xx_HAL_Driver/stm32n6xx_hal_gpio.o
                                0x71e (size before relaxing)
 .debug_str     0x00004dfd        0x0 ./Drivers/STM32N6xx_HAL_Driver/stm32n6xx_hal_pwr_ex.o
                                0xe11 (size before relaxing)
 .debug_str     0x00004dfd        0x0 ./Src/main.o
                                0x682 (size before relaxing)
 .debug_str     0x00004dfd        0x0 ./Src/stm32n6xx_hal_msp.o
                                0x2ad (size before relaxing)
 .debug_str     0x00004dfd        0x0 ./Src/stm32n6xx_it.o
                                0x335 (size before relaxing)
 .debug_str     0x00004dfd        0x0 ./Src/system_stm32n6xx_s.o
                               0x10a0 (size before relaxing)
 .debug_str     0x00004dfd        0x0 ./Startup/startup_stm32n657xx.o
                                 0xc4 (size before relaxing)

.comment        0x00000000       0x43
 .comment       0x00000000       0x43 ./Drivers/BSP/stm32n6xx_nucleo.o
                                 0x44 (size before relaxing)
 .comment       0x00000043        0x0 ./Drivers/STM32N6xx_HAL_Driver/stm32n6xx_hal.o
                                 0x44 (size before relaxing)
 .comment       0x00000043        0x0 ./Drivers/STM32N6xx_HAL_Driver/stm32n6xx_hal_cortex.o
                                 0x44 (size before relaxing)
 .comment       0x00000043        0x0 ./Drivers/STM32N6xx_HAL_Driver/stm32n6xx_hal_gpio.o
                                 0x44 (size before relaxing)
 .comment       0x00000043        0x0 ./Drivers/STM32N6xx_HAL_Driver/stm32n6xx_hal_pwr_ex.o
                                 0x44 (size before relaxing)
 .comment       0x00000043        0x0 ./Src/main.o
                                 0x44 (size before relaxing)
 .comment       0x00000043        0x0 ./Src/stm32n6xx_hal_msp.o
                                 0x44 (size before relaxing)
 .comment       0x00000043        0x0 ./Src/stm32n6xx_it.o
                                 0x44 (size before relaxing)
 .comment       0x00000043        0x0 ./Src/system_stm32n6xx_s.o
                                 0x44 (size before relaxing)

.debug_frame    0x00000000     0x1524
 .debug_frame   0x00000000      0x23c ./Drivers/BSP/stm32n6xx_nucleo.o
 .debug_frame   0x0000023c      0x7bc ./Drivers/STM32N6xx_HAL_Driver/stm32n6xx_hal.o
 .debug_frame   0x000009f8      0x2c4 ./Drivers/STM32N6xx_HAL_Driver/stm32n6xx_hal_cortex.o
 .debug_frame   0x00000cbc      0x1b0 ./Drivers/STM32N6xx_HAL_Driver/stm32n6xx_hal_gpio.o
 .debug_frame   0x00000e6c      0x4cc ./Drivers/STM32N6xx_HAL_Driver/stm32n6xx_hal_pwr_ex.o
 .debug_frame   0x00001338       0x58 ./Src/main.o
 .debug_frame   0x00001390       0x28 ./Src/stm32n6xx_hal_msp.o
 .debug_frame   0x000013b8       0xb8 ./Src/stm32n6xx_it.o
 .debug_frame   0x00001470       0x88 ./Src/system_stm32n6xx_s.o
 .debug_frame   0x000014f8       0x2c C:/ST/STM32CubeIDE_2.0.0/STM32CubeIDE/plugins/com.st.stm32cube.ide.mcu.externaltools.gnu-tools-for-stm32.13.3.rel1.win32_1.0.100.202509120712/tools/bin/../lib/gcc/arm-none-eabi/13.3.1/../../../../arm-none-eabi/lib/thumb/v8-m.main+dp/hard\libc_nano.a(libc_a-init.o)

.debug_line_str
                0x00000000       0xa8
 .debug_line_str
                0x00000000       0xa8 ./Startup/startup_stm32n657xx.o
