C:/Users/Thepr/Blindsight-Claritone-Senior-Design/Object Detection/STM32N6/Middlewares/screenl/Src/scrl_usb.c:304:13:usb_frame_release_cb	0	static
C:/Users/Thepr/Blindsight-Claritone-Senior-Design/Object Detection/STM32N6/Middlewares/screenl/Src/scrl_usb.c:240:6:SCRC_Composition_Done_Callback	56	static
C:/Users/Thepr/Blindsight-Claritone-Senior-Design/Object Detection/STM32N6/Middlewares/screenl/Src/scrl_usb.c:452:5:SCRL_Init	208	static
C:/Users/Thepr/Blindsight-Claritone-Senior-Design/Object Detection/STM32N6/Middlewares/screenl/Src/scrl_usb.c:484:5:SCRL_SetAddress_NoReload	0	static
C:/Users/Thepr/Blindsight-Claritone-Senior-Design/Object Detection/STM32N6/Middlewares/screenl/Src/scrl_usb.c:493:5:SCRL_ReloadLayer	0	static
C:/Users/Thepr/Blindsight-Claritone-Senior-Design/Object Detection/STM32N6/Middlewares/screenl/Src/scrl_usb.c:502:5:SRCL_Update	8	static
C:/Users/Thepr/Blindsight-Claritone-Senior-Design/Object Detection/STM32N6/Middlewares/screenl/Src/scrl_usb.c:518:6:HAL_PCD_MspInit	32	static
C:/Users/Thepr/Blindsight-Claritone-Senior-Design/Object Detection/STM32N6/Middlewares/screenl/Src/scrl_usb.c:553:6:USB1_OTG_HS_IRQHandler	0	static
