C:/Users/zebes/Blindsight_Projects/STM32Cube_FW_N6_V1.3.0/Projects/NUCLEO-N657X0-Q/Templates/Template_FSBL_XIP/ExtMemLoader/Src/system_stm32n6xx_fsbl.c:175:6:SystemInit	8	static
C:/Users/zebes/Blindsight_Projects/STM32Cube_FW_N6_V1.3.0/Projects/NUCLEO-N657X0-Q/Templates/Template_FSBL_XIP/ExtMemLoader/Src/system_stm32n6xx_fsbl.c:330:6:SystemCoreClockUpdate	12	static
C:/Users/zebes/Blindsight_Projects/STM32Cube_FW_N6_V1.3.0/Projects/NUCLEO-N657X0-Q/Templates/Template_FSBL_XIP/ExtMemLoader/Src/system_stm32n6xx_fsbl.c:483:24:SECURE_SystemCoreClockUpdate	8	static
