C:/Users/Thepr/Blindsight-Claritone-Senior-Design/Object Detection/STM32N6/Application/CLARITONE-CUSTOM-PCB/Src/app_camerapipeline.c:122:6:CameraPipeline_Init	112	static,ignoring_inline_asm
C:/Users/Thepr/Blindsight-Claritone-Senior-Design/Object Detection/STM32N6/Application/CLARITONE-CUSTOM-PCB/Src/app_camerapipeline.c:156:6:CameraPipeline_DeInit	8	static
C:/Users/Thepr/Blindsight-Claritone-Senior-Design/Object Detection/STM32N6/Application/CLARITONE-CUSTOM-PCB/Src/app_camerapipeline.c:162:6:CameraPipeline_NNPipe_Start	8	static
C:/Users/Thepr/Blindsight-Claritone-Senior-Design/Object Detection/STM32N6/Application/CLARITONE-CUSTOM-PCB/Src/app_camerapipeline.c:168:6:CameraPipeline_IspUpdate	8	static
C:/Users/Thepr/Blindsight-Claritone-Senior-Design/Object Detection/STM32N6/Application/CLARITONE-CUSTOM-PCB/Src/app_camerapipeline.c:174:5:CMW_CAMERA_PIPE_FrameEventCallback	0	static
C:/Users/Thepr/Blindsight-Claritone-Senior-Design/Object Detection/STM32N6/Application/CLARITONE-CUSTOM-PCB/Src/app_camerapipeline.c:184:6:CMW_CAMERA_PIPE_ErrorCallback	8	static,ignoring_inline_asm
