C:/Users/Thepr/Blindsight-Claritone-Senior-Design/Object Detection/STM32N6/Application/CLARITONE-CUSTOM-PCB/Src/app_camerapipeline.c:123:6:CameraPipeline_Init	112	static,ignoring_inline_asm
C:/Users/Thepr/Blindsight-Claritone-Senior-Design/Object Detection/STM32N6/Application/CLARITONE-CUSTOM-PCB/Src/app_camerapipeline.c:157:6:CameraPipeline_DeInit	8	static
C:/Users/Thepr/Blindsight-Claritone-Senior-Design/Object Detection/STM32N6/Application/CLARITONE-CUSTOM-PCB/Src/app_camerapipeline.c:163:6:CameraPipeline_NNPipe_Start	8	static
C:/Users/Thepr/Blindsight-Claritone-Senior-Design/Object Detection/STM32N6/Application/CLARITONE-CUSTOM-PCB/Src/app_camerapipeline.c:169:6:CameraPipeline_IspUpdate	8	static
C:/Users/Thepr/Blindsight-Claritone-Senior-Design/Object Detection/STM32N6/Application/CLARITONE-CUSTOM-PCB/Src/app_camerapipeline.c:175:5:CMW_CAMERA_PIPE_FrameEventCallback	8	static
C:/Users/Thepr/Blindsight-Claritone-Senior-Design/Object Detection/STM32N6/Application/CLARITONE-CUSTOM-PCB/Src/app_camerapipeline.c:192:6:CMW_CAMERA_PIPE_ErrorCallback	8	static,ignoring_inline_asm
