../../../../STM32Cube_FW_N6/Drivers/STM32N6xx_HAL_Driver/Inc/stm32n6xx_ll_bus.h:679:22:LL_MEM_EnableClock	1
../../../../STM32Cube_FW_N6/Drivers/STM32N6xx_HAL_Driver/Inc/stm32n6xx_ll_bus.h:785:22:LL_MEM_EnableClockLowPower	1
C:/Users/Thepr/Blindsight-Claritone-Senior-Design/Object Detection/STM32N6/Application/CLARITONE-CUSTOM-PCB/Src/main.c:566:13:Claritone_BootLog	2
C:/Users/Thepr/Blindsight-Claritone-Senior-Design/Object Detection/STM32N6/Application/CLARITONE-CUSTOM-PCB/Src/main.c:341:19:MX_DCMIPP_ClockConfig	2
C:/Users/Thepr/Blindsight-Claritone-Senior-Design/Object Detection/STM32N6/Application/CLARITONE-CUSTOM-PCB/Src/main.c:493:5:_write	2
C:\ST\STM32CubeIDE_2.1.1\STM32CubeIDE\plugins\com.st.stm32cube.ide.mcu.externaltools.gnu-tools-for-stm32.14.3.rel1.win32_1.0.100.202602081740\tools\bin/../lib/gcc/arm-none-eabi/14.3.1/../../../../arm-none-eabi/include/assert.h:41:6:__assert_func	6
C:/Users/Thepr/Blindsight-Claritone-Senior-Design/Object Detection/STM32N6/Application/CLARITONE-CUSTOM-PCB/Src/main.c:112:5:main	28
C:/Users/Thepr/Blindsight-Claritone-Senior-Design/Object Detection/STM32N6/Application/CLARITONE-CUSTOM-PCB/Src/main.c:688:6:IAC_IRQHandler	1
C:/Users/Thepr/Blindsight-Claritone-Senior-Design/Object Detection/STM32N6/Application/CLARITONE-CUSTOM-PCB/Src/main.c:695:6:npu_cache_enable_clocks_and_reset	1
C:/Users/Thepr/Blindsight-Claritone-Senior-Design/Object Detection/STM32N6/Application/CLARITONE-CUSTOM-PCB/Src/main.c:703:6:npu_cache_disable_clocks_and_reset	1
C:/Users/Thepr/Blindsight-Claritone-Senior-Design/Object Detection/STM32N6/Application/CLARITONE-CUSTOM-PCB/Src/main.c:711:6:assert_failed	1
