C:/Users/Thepr/Blindsight-Claritone-Senior-Design/Object Detection/STM32N6/Application/CLARITONE-CUSTOM-PCB/Src/stm32n6xx_it.c:29:13:Claritone_FaultLog	232	static
C:/Users/Thepr/Blindsight-Claritone-Senior-Design/Object Detection/STM32N6/Application/CLARITONE-CUSTOM-PCB/Src/stm32n6xx_it.c:55:6:NMI_Handler	0	static
C:/Users/Thepr/Blindsight-Claritone-Senior-Design/Object Detection/STM32N6/Application/CLARITONE-CUSTOM-PCB/Src/stm32n6xx_it.c:64:6:HardFault_Handler	8	static
C:/Users/Thepr/Blindsight-Claritone-Senior-Design/Object Detection/STM32N6/Application/CLARITONE-CUSTOM-PCB/Src/stm32n6xx_it.c:78:6:MemManage_Handler	8	static
C:/Users/Thepr/Blindsight-Claritone-Senior-Design/Object Detection/STM32N6/Application/CLARITONE-CUSTOM-PCB/Src/stm32n6xx_it.c:92:6:BusFault_Handler	8	static
C:/Users/Thepr/Blindsight-Claritone-Senior-Design/Object Detection/STM32N6/Application/CLARITONE-CUSTOM-PCB/Src/stm32n6xx_it.c:106:6:UsageFault_Handler	8	static
C:/Users/Thepr/Blindsight-Claritone-Senior-Design/Object Detection/STM32N6/Application/CLARITONE-CUSTOM-PCB/Src/stm32n6xx_it.c:120:6:SecureFault_Handler	8	static
C:/Users/Thepr/Blindsight-Claritone-Senior-Design/Object Detection/STM32N6/Application/CLARITONE-CUSTOM-PCB/Src/stm32n6xx_it.c:134:6:SVC_Handler	0	static
C:/Users/Thepr/Blindsight-Claritone-Senior-Design/Object Detection/STM32N6/Application/CLARITONE-CUSTOM-PCB/Src/stm32n6xx_it.c:143:6:DebugMon_Handler	0	static
C:/Users/Thepr/Blindsight-Claritone-Senior-Design/Object Detection/STM32N6/Application/CLARITONE-CUSTOM-PCB/Src/stm32n6xx_it.c:155:6:PendSV_Handler	0	static
C:/Users/Thepr/Blindsight-Claritone-Senior-Design/Object Detection/STM32N6/Application/CLARITONE-CUSTOM-PCB/Src/stm32n6xx_it.c:167:6:SysTick_Handler	0	static
C:/Users/Thepr/Blindsight-Claritone-Senior-Design/Object Detection/STM32N6/Application/CLARITONE-CUSTOM-PCB/Src/stm32n6xx_it.c:178:6:CSI_IRQHandler	8	static
C:/Users/Thepr/Blindsight-Claritone-Senior-Design/Object Detection/STM32N6/Application/CLARITONE-CUSTOM-PCB/Src/stm32n6xx_it.c:184:6:DCMIPP_IRQHandler	8	static
