C:/Users/Thepr/Blindsight-Claritone-Senior-Design/Object Detection/STM32N6/Middlewares/stm32-mw-camera/sensors/cmw_vd55g1.c:64:12:CMW_VD55G1_Read32	24	static
C:/Users/Thepr/Blindsight-Claritone-Senior-Design/Object Detection/STM32N6/Middlewares/stm32-mw-camera/sensors/cmw_vd55g1.c:93:13:VD55G1_ShutdownPin	0	static
C:/Users/Thepr/Blindsight-Claritone-Senior-Design/Object Detection/STM32N6/Middlewares/stm32-mw-camera/sensors/cmw_vd55g1.c:100:12:VD55G1_Read8	4	static
C:/Users/Thepr/Blindsight-Claritone-Senior-Design/Object Detection/STM32N6/Middlewares/stm32-mw-camera/sensors/cmw_vd55g1.c:107:12:VD55G1_Read16	24	static
C:/Users/Thepr/Blindsight-Claritone-Senior-Design/Object Detection/STM32N6/Middlewares/stm32-mw-camera/sensors/cmw_vd55g1.c:114:12:VD55G1_Read32	0	static
C:/Users/Thepr/Blindsight-Claritone-Senior-Design/Object Detection/STM32N6/Middlewares/stm32-mw-camera/sensors/cmw_vd55g1.c:121:12:VD55G1_Write8	16	static
C:/Users/Thepr/Blindsight-Claritone-Senior-Design/Object Detection/STM32N6/Middlewares/stm32-mw-camera/sensors/cmw_vd55g1.c:128:12:VD55G1_Write16	16	static
C:/Users/Thepr/Blindsight-Claritone-Senior-Design/Object Detection/STM32N6/Middlewares/stm32-mw-camera/sensors/cmw_vd55g1.c:135:12:VD55G1_Write32	16	static
C:/Users/Thepr/Blindsight-Claritone-Senior-Design/Object Detection/STM32N6/Middlewares/stm32-mw-camera/sensors/cmw_vd55g1.c:142:12:VD55G1_WriteArray	32	static
C:/Users/Thepr/Blindsight-Claritone-Senior-Design/Object Detection/STM32N6/Middlewares/stm32-mw-camera/sensors/cmw_vd55g1.c:162:13:VD55G1_Delay	0	static
C:/Users/Thepr/Blindsight-Claritone-Senior-Design/Object Detection/STM32N6/Middlewares/stm32-mw-camera/sensors/cmw_vd55g1.c:432:9:CMW_VD55G1_SetGain	24	static
C:/Users/Thepr/Blindsight-Claritone-Senior-Design/Object Detection/STM32N6/Middlewares/stm32-mw-camera/sensors/cmw_vd55g1.c:485:9:CMW_VD55G1_SetExposure	0	static
C:/Users/Thepr/Blindsight-Claritone-Senior-Design/Object Detection/STM32N6/Middlewares/stm32-mw-camera/sensors/cmw_vd55g1.c:490:9:CMW_VD55G1_SetExposureMode	8	static
C:/Users/Thepr/Blindsight-Claritone-Senior-Design/Object Detection/STM32N6/Middlewares/stm32-mw-camera/sensors/cmw_vd55g1.c:186:16:CMW_VD55G1_GetSensorInfo	24	static
C:/Users/Thepr/Blindsight-Claritone-Senior-Design/Object Detection/STM32N6/Middlewares/stm32-mw-camera/sensors/cmw_vd55g1.c:408:16:CMW_VD55G1_MirrorFlipConfig	0	static
C:/Users/Thepr/Blindsight-Claritone-Senior-Design/Object Detection/STM32N6/Middlewares/stm32-mw-camera/sensors/cmw_vd55g1.c:376:16:CMW_VD55G1_Stop	8	static
C:/Users/Thepr/Blindsight-Claritone-Senior-Design/Object Detection/STM32N6/Middlewares/stm32-mw-camera/sensors/cmw_vd55g1.c:365:16:CMW_VD55G1_Start	8	static
C:/Users/Thepr/Blindsight-Claritone-Senior-Design/Object Detection/STM32N6/Middlewares/stm32-mw-camera/sensors/cmw_vd55g1.c:388:16:CMW_VD55G1_DeInit	16	static
C:/Users/Thepr/Blindsight-Claritone-Senior-Design/Object Detection/STM32N6/Middlewares/stm32-mw-camera/sensors/cmw_vd55g1.c:281:16:CMW_VD55G1_Init	88	static
C:/Users/Thepr/Blindsight-Claritone-Senior-Design/Object Detection/STM32N6/Middlewares/stm32-mw-camera/sensors/cmw_vd55g1.c:169:13:VD55G1_Log	8	static
C:/Users/Thepr/Blindsight-Claritone-Senior-Design/Object Detection/STM32N6/Middlewares/stm32-mw-camera/sensors/cmw_vd55g1.c:358:6:CMW_VD55G1_SetDefaultSensorValues	8	static
C:/Users/Thepr/Blindsight-Claritone-Senior-Design/Object Detection/STM32N6/Middlewares/stm32-mw-camera/sensors/cmw_vd55g1.c:553:5:CMW_VD55G1_Probe	24	static
