../Core/Src/i2c_bb.c:22:20:SCL_LOW	8	static
../Core/Src/i2c_bb.c:23:20:SCL_HIGH	8	static
../Core/Src/i2c_bb.c:24:20:SDA_LOW	8	static
../Core/Src/i2c_bb.c:25:20:SDA_HIGH	8	static
../Core/Src/i2c_bb.c:27:23:SDA_READ	8	static
../Core/Src/i2c_bb.c:36:13:dwt_delay_us	24	static
../Core/Src/i2c_bb.c:42:13:dwt_init	4	static
../Core/Src/i2c_bb.c:50:20:half_bit_delay	8	static
../Core/Src/i2c_bb.c:56:6:i2c_bb_init	8	static
../Core/Src/i2c_bb.c:65:6:i2c_bb_start	8	static
../Core/Src/i2c_bb.c:79:6:i2c_bb_stop	8	static
../Core/Src/i2c_bb.c:92:6:i2c_bb_write_byte	24	static
../Core/Src/i2c_bb.c:121:9:i2c_bb_read_byte	24	static
