C:/Users/Thepr/Blindsight-Claritone-Senior-Design/Object Detection/STM32N6/Middlewares/stm32-vision-models-postprocessing/lib_vision_models_pp/Src/od_pp_yolov4.c:30:9:yolov4_nms_comparator	8	static
C:/Users/Thepr/Blindsight-Claritone-Senior-Design/Object Detection/STM32N6/Middlewares/stm32-vision-models-postprocessing/lib_vision_models_pp/Src/od_pp_yolov4.c:64:9:yolov4_nms_comparator_is8	8	static
C:/Users/Thepr/Blindsight-Claritone-Senior-Design/Object Detection/STM32N6/Middlewares/stm32-vision-models-postprocessing/lib_vision_models_pp/Src/od_pp_yolov4.c:99:9:yolov4_pp_nmsFiltering_centroid	48	static
C:/Users/Thepr/Blindsight-Claritone-Senior-Design/Object Detection/STM32N6/Middlewares/stm32-vision-models-postprocessing/lib_vision_models_pp/Src/od_pp_yolov4.c:165:9:yolov4_pp_nmsFiltering_centroid_is8	56	static
C:/Users/Thepr/Blindsight-Claritone-Senior-Design/Object Detection/STM32N6/Middlewares/stm32-vision-models-postprocessing/lib_vision_models_pp/Src/od_pp_yolov4.c:230:9:yolov4_pp_scoreFiltering_centroid	20	static
C:/Users/Thepr/Blindsight-Claritone-Senior-Design/Object Detection/STM32N6/Middlewares/stm32-vision-models-postprocessing/lib_vision_models_pp/Src/od_pp_yolov4.c:254:9:yolov4_pp_scoreFiltering_centroid_is8	28	static
C:/Users/Thepr/Blindsight-Claritone-Senior-Design/Object Detection/STM32N6/Middlewares/stm32-vision-models-postprocessing/lib_vision_models_pp/Src/od_pp_yolov4.c:284:9:yolov4_pp_getNNBoxes_centroid	112	static
C:/Users/Thepr/Blindsight-Claritone-Senior-Design/Object Detection/STM32N6/Middlewares/stm32-vision-models-postprocessing/lib_vision_models_pp/Src/od_pp_yolov4.c:333:9:yolov4_pp_getNNBoxes_centroid_int8	136	static
C:/Users/Thepr/Blindsight-Claritone-Senior-Design/Object Detection/STM32N6/Middlewares/stm32-vision-models-postprocessing/lib_vision_models_pp/Src/od_pp_yolov4.c:428:9:yolov4_pp_getNNBoxes_centroid_is8os8	128	static
C:/Users/Thepr/Blindsight-Claritone-Senior-Design/Object Detection/STM32N6/Middlewares/stm32-vision-models-postprocessing/lib_vision_models_pp/Src/od_pp_yolov4.c:483:9:od_yolov4_pp_reset	0	static
C:/Users/Thepr/Blindsight-Claritone-Senior-Design/Object Detection/STM32N6/Middlewares/stm32-vision-models-postprocessing/lib_vision_models_pp/Src/od_pp_yolov4.c:492:9:od_yolov4_pp_process	16	static
C:/Users/Thepr/Blindsight-Claritone-Senior-Design/Object Detection/STM32N6/Middlewares/stm32-vision-models-postprocessing/lib_vision_models_pp/Src/od_pp_yolov4.c:517:9:od_yolov4_pp_process_int8	16	static
