C:/Users/Thepr/Blindsight-Claritone-Senior-Design/Object Detection/STM32N6/Middlewares/screenl/Src/scrl_common.c:289:16:CMN_GetXSize	0	static
C:/Users/Thepr/Blindsight-Claritone-Senior-Design/Object Detection/STM32N6/Middlewares/screenl/Src/scrl_common.c:298:16:CMN_GetYSize	0	static
C:/Users/Thepr/Blindsight-Claritone-Senior-Design/Object Detection/STM32N6/Middlewares/screenl/Src/scrl_common.c:318:16:CMN_GetFormat	8	static
C:/Users/Thepr/Blindsight-Claritone-Senior-Design/Object Detection/STM32N6/Middlewares/screenl/Src/scrl_common.c:274:16:CMN_GetPixel	8	static
C:/Users/Thepr/Blindsight-Claritone-Senior-Design/Object Detection/STM32N6/Middlewares/screenl/Src/scrl_common.c:233:16:CMN_DrawBitmap	8	static
C:/Users/Thepr/Blindsight-Claritone-Senior-Design/Object Detection/STM32N6/Middlewares/screenl/Src/scrl_common.c:180:16:SPI_FillRectBpp3	24	static
C:/Users/Thepr/Blindsight-Claritone-Senior-Design/Object Detection/STM32N6/Middlewares/screenl/Src/scrl_common.c:220:16:SPI_SetPixelBpp3	16	static
C:/Users/Thepr/Blindsight-Claritone-Senior-Design/Object Detection/STM32N6/Middlewares/screenl/Src/scrl_common.c:215:16:SPI_DrawVLineBpp3	16	static
C:/Users/Thepr/Blindsight-Claritone-Senior-Design/Object Detection/STM32N6/Middlewares/screenl/Src/scrl_common.c:210:16:SPI_DrawHLineBpp3	16	static
C:/Users/Thepr/Blindsight-Claritone-Senior-Design/Object Detection/STM32N6/Middlewares/screenl/Src/scrl_common.c:155:16:SPI_FillRGBRectBpp3	24	static
C:/Users/Thepr/Blindsight-Claritone-Senior-Design/Object Detection/STM32N6/Middlewares/screenl/Src/scrl_common.c:46:16:SPI_FillRGBRectBpp2	24	static
C:/Users/Thepr/Blindsight-Claritone-Senior-Design/Object Detection/STM32N6/Middlewares/screenl/Src/scrl_common.c:423:13:SCRC_dma2d_error_cb	8	static
C:/Users/Thepr/Blindsight-Claritone-Senior-Design/Object Detection/STM32N6/Middlewares/screenl/Src/scrl_common.c:376:17:cvt_dma2d_pixel_format_input	8	static
C:/Users/Thepr/Blindsight-Claritone-Senior-Design/Object Detection/STM32N6/Middlewares/screenl/Src/scrl_common.c:307:16:CMN_SetLayer	8	static
C:/Users/Thepr/Blindsight-Claritone-Senior-Design/Object Detection/STM32N6/Middlewares/screenl/Src/scrl_common.c:281:16:CMN_SetPixel	8	static
C:/Users/Thepr/Blindsight-Claritone-Senior-Design/Object Detection/STM32N6/Middlewares/screenl/Src/scrl_common.c:265:16:CMN_FillRect	16	static
C:/Users/Thepr/Blindsight-Claritone-Senior-Design/Object Detection/STM32N6/Middlewares/screenl/Src/scrl_common.c:257:16:CMN_DrawVLine	16	static
C:/Users/Thepr/Blindsight-Claritone-Senior-Design/Object Detection/STM32N6/Middlewares/screenl/Src/scrl_common.c:249:16:CMN_DrawHLine	16	static
C:/Users/Thepr/Blindsight-Claritone-Senior-Design/Object Detection/STM32N6/Middlewares/screenl/Src/scrl_common.c:240:16:CMN_FillRGBRect	16	static
C:/Users/Thepr/Blindsight-Claritone-Senior-Design/Object Detection/STM32N6/Middlewares/screenl/Src/scrl_common.c:131:16:SPI_SetPixelBpp2	8	static
C:/Users/Thepr/Blindsight-Claritone-Senior-Design/Object Detection/STM32N6/Middlewares/screenl/Src/scrl_common.c:108:16:SPI_FillRectBpp2	16	static
C:/Users/Thepr/Blindsight-Claritone-Senior-Design/Object Detection/STM32N6/Middlewares/screenl/Src/scrl_common.c:88:16:SPI_DrawVLineBpp2	16	static
C:/Users/Thepr/Blindsight-Claritone-Senior-Design/Object Detection/STM32N6/Middlewares/screenl/Src/scrl_common.c:70:16:SPI_DrawHLineBpp2	16	static
C:/Users/Thepr/Blindsight-Claritone-Senior-Design/Object Detection/STM32N6/Middlewares/screenl/Src/scrl_common.c:341:12:get_bpp	8	static
C:/Users/Thepr/Blindsight-Claritone-Senior-Design/Object Detection/STM32N6/Middlewares/screenl/Src/scrl_common.c:410:13:SCRC_dma2d_cb	16	static
C:/Users/Thepr/Blindsight-Claritone-Senior-Design/Object Detection/STM32N6/Middlewares/screenl/Src/scrl_common.c:428:5:SCRC_Init	40	static
C:/Users/Thepr/Blindsight-Claritone-Senior-Design/Object Detection/STM32N6/Middlewares/screenl/Src/scrl_common.c:458:6:SCRC_Composition_Start	48	static,ignoring_inline_asm
C:/Users/Thepr/Blindsight-Claritone-Senior-Design/Object Detection/STM32N6/Middlewares/screenl/Src/scrl_common.c:518:6:DMA2D_IRQHandler	0	static
