C:/Users/Thepr/Blindsight-Claritone-Senior-Design/Object Detection/STM32N6/Middlewares/screenl/uvcl/Src/usbx/uvcl_usbx.c:236:13:UVCL_instance_activate	0	static
C:/Users/Thepr/Blindsight-Claritone-Senior-Design/Object Detection/STM32N6/Middlewares/screenl/uvcl/Src/usbx/uvcl_usbx.c:243:13:UVCL_instance_deactivate	0	static
C:/Users/Thepr/Blindsight-Claritone-Senior-Design/Object Detection/STM32N6/Middlewares/screenl/uvcl/Src/usbx/uvcl_usbx.c:176:12:UVCL_usbd_start_streaming	8	static
C:/Users/Thepr/Blindsight-Claritone-Senior-Design/Object Detection/STM32N6/Middlewares/screenl/uvcl/Src/usbx/uvcl_usbx.c:168:12:UVCL_usbd_stop_streaming	8	static
C:/Users/Thepr/Blindsight-Claritone-Senior-Design/Object Detection/STM32N6/Middlewares/screenl/uvcl/Src/usbx/uvcl_usbx.c:196:12:UVCL_usbx_receive_data	8	static
C:/Users/Thepr/Blindsight-Claritone-Senior-Design/Object Detection/STM32N6/Middlewares/screenl/uvcl/Src/usbx/uvcl_usbx.c:68:13:UVCL_SendPacket	24	static
C:/Users/Thepr/Blindsight-Claritone-Senior-Design/Object Detection/STM32N6/Middlewares/screenl/uvcl/Src/usbx/uvcl_usbx.c:184:12:UVCL_usbx_send_data	16	static
C:/Users/Thepr/Blindsight-Claritone-Senior-Design/Object Detection/STM32N6/Middlewares/screenl/uvcl/Src/usbx/uvcl_usbx.c:49:12:is_hs	8	static
C:/Users/Thepr/Blindsight-Claritone-Senior-Design/Object Detection/STM32N6/Middlewares/screenl/uvcl/Src/usbx/uvcl_usbx.c:83:13:UVCL_DataIn	16	static
C:/Users/Thepr/Blindsight-Claritone-Senior-Design/Object Detection/STM32N6/Middlewares/screenl/uvcl/Src/usbx/uvcl_usbx.c:231:13:UVCL_stream_payload_done	0	static
C:/Users/Thepr/Blindsight-Claritone-Senior-Design/Object Detection/STM32N6/Middlewares/screenl/uvcl/Src/usbx/uvcl_usbx.c:208:13:UVCL_stream_request	48	static
C:/Users/Thepr/Blindsight-Claritone-Senior-Design/Object Detection/STM32N6/Middlewares/screenl/uvcl/Src/usbx/uvcl_usbx.c:248:12:UVCL_usbx_extract_string.constprop	20	static
C:/Users/Thepr/Blindsight-Claritone-Senior-Design/Object Detection/STM32N6/Middlewares/screenl/uvcl/Src/usbx/uvcl_usbx.c:153:13:UVCL_stream_change	56	static
C:/Users/Thepr/Blindsight-Claritone-Senior-Design/Object Detection/STM32N6/Middlewares/screenl/uvcl/Src/usbx/uvcl_usbx.c:332:5:UVCL_usbx_init	432	static
C:/Users/Thepr/Blindsight-Claritone-Senior-Design/Object Detection/STM32N6/Middlewares/screenl/uvcl/Src/usbx/uvcl_usbx.c:423:12:_ux_utility_interrupt_disable	0	static,ignoring_inline_asm
C:/Users/Thepr/Blindsight-Claritone-Senior-Design/Object Detection/STM32N6/Middlewares/screenl/uvcl/Src/usbx/uvcl_usbx.c:432:6:_ux_utility_interrupt_restore	0	static,ignoring_inline_asm
C:/Users/Thepr/Blindsight-Claritone-Senior-Design/Object Detection/STM32N6/Middlewares/screenl/uvcl/Src/usbx/uvcl_usbx.c:439:6:UVCL_stm32_usbx_IRQHandler	8	static
