C:/Users/Thepr/Blindsight-Claritone-Senior-Design/Object Detection/STM32N6/STM32Cube_FW_N6/Drivers/CMSIS/Device/ST/STM32N6xx/Source/Templates/system_stm32n6xx_s.c:176:6:SystemInit	8	static
C:/Users/Thepr/Blindsight-Claritone-Senior-Design/Object Detection/STM32N6/STM32Cube_FW_N6/Drivers/CMSIS/Device/ST/STM32N6xx/Source/Templates/system_stm32n6xx_s.c:260:6:SystemCoreClockUpdate	20	static
C:/Users/Thepr/Blindsight-Claritone-Senior-Design/Object Detection/STM32N6/STM32Cube_FW_N6/Drivers/CMSIS/Device/ST/STM32N6xx/Source/Templates/system_stm32n6xx_s.c:413:24:SECURE_SystemCoreClockUpdate	8	static
