C:/Users/Thepr/Blindsight-Claritone-Senior-Design/Object Detection/STM32N6/Middlewares/stm32-vision-models-postprocessing/lib_vision_models_pp/Src/od_pp_ssd.c:17:9:ssd_nms_comparator	0	static
C:/Users/Thepr/Blindsight-Claritone-Senior-Design/Object Detection/STM32N6/Middlewares/stm32-vision-models-postprocessing/lib_vision_models_pp/Src/od_pp_ssd.c:91:13:SSD_quick_sort_core.constprop	64	static
C:/Users/Thepr/Blindsight-Claritone-Senior-Design/Object Detection/STM32N6/Middlewares/stm32-vision-models-postprocessing/lib_vision_models_pp/Src/od_pp_ssd.c:138:9:ssd_pp_getNNBoxes_in_place	80	static
C:/Users/Thepr/Blindsight-Claritone-Senior-Design/Object Detection/STM32N6/Middlewares/stm32-vision-models-postprocessing/lib_vision_models_pp/Src/od_pp_ssd.c:211:9:ssd_pp_getNNBoxes_scratchBuffer	64	static
C:/Users/Thepr/Blindsight-Claritone-Senior-Design/Object Detection/STM32N6/Middlewares/stm32-vision-models-postprocessing/lib_vision_models_pp/Src/od_pp_ssd.c:277:9:ssd_pp_getNNBoxes_int8_scratchBuffer	88	static
C:/Users/Thepr/Blindsight-Claritone-Senior-Design/Object Detection/STM32N6/Middlewares/stm32-vision-models-postprocessing/lib_vision_models_pp/Src/od_pp_ssd.c:363:9:ssd_pp_nms_filtering	48	static
C:/Users/Thepr/Blindsight-Claritone-Senior-Design/Object Detection/STM32N6/Middlewares/stm32-vision-models-postprocessing/lib_vision_models_pp/Src/od_pp_ssd.c:417:9:ssd_pp_nms_filtering_scratchBuffer	56	static
C:/Users/Thepr/Blindsight-Claritone-Senior-Design/Object Detection/STM32N6/Middlewares/stm32-vision-models-postprocessing/lib_vision_models_pp/Src/od_pp_ssd.c:487:9:ssd_pp_score_filtering	40	static
C:/Users/Thepr/Blindsight-Claritone-Senior-Design/Object Detection/STM32N6/Middlewares/stm32-vision-models-postprocessing/lib_vision_models_pp/Src/od_pp_ssd.c:524:9:ssd_pp_score_filtering_scratchBuffer	20	static
C:/Users/Thepr/Blindsight-Claritone-Senior-Design/Object Detection/STM32N6/Middlewares/stm32-vision-models-postprocessing/lib_vision_models_pp/Src/od_pp_ssd.c:548:9:od_ssd_pp_reset	0	static
C:/Users/Thepr/Blindsight-Claritone-Senior-Design/Object Detection/STM32N6/Middlewares/stm32-vision-models-postprocessing/lib_vision_models_pp/Src/od_pp_ssd.c:557:9:od_ssd_pp_process	24	static
C:/Users/Thepr/Blindsight-Claritone-Senior-Design/Object Detection/STM32N6/Middlewares/stm32-vision-models-postprocessing/lib_vision_models_pp/Src/od_pp_ssd.c:622:9:od_ssd_pp_process_int8	16	static
