C:/Users/Thepr/Blindsight-Claritone-Senior-Design/Object Detection/STM32N6/Middlewares/stm32-vision-models-postprocessing/lib_vision_models_pp/Src/od_pp_blazeface.c:19:16:fd_nms_comparator	8	static
C:/Users/Thepr/Blindsight-Claritone-Senior-Design/Object Detection/STM32N6/Middlewares/stm32-vision-models-postprocessing/lib_vision_models_pp/Src/od_pp_blazeface.c:245:16:fd_pp_level_decode_and_store_is8.isra	64	static
C:/Users/Thepr/Blindsight-Claritone-Senior-Design/Object Detection/STM32N6/Middlewares/stm32-vision-models-postprocessing/lib_vision_models_pp/Src/od_pp_blazeface.c:53:9:fd_pp_nmsFiltering_centroid	48	static
C:/Users/Thepr/Blindsight-Claritone-Senior-Design/Object Detection/STM32N6/Middlewares/stm32-vision-models-postprocessing/lib_vision_models_pp/Src/od_pp_blazeface.c:115:9:fd_pp_scoreFiltering_centroid	20	static
C:/Users/Thepr/Blindsight-Claritone-Senior-Design/Object Detection/STM32N6/Middlewares/stm32-vision-models-postprocessing/lib_vision_models_pp/Src/od_pp_blazeface.c:139:9:fd_pp_level_decode_and_store	56	static
C:/Users/Thepr/Blindsight-Claritone-Senior-Design/Object Detection/STM32N6/Middlewares/stm32-vision-models-postprocessing/lib_vision_models_pp/Src/od_pp_blazeface.c:184:9:fd_pp_level_decode_and_store_iu8	72	static
C:/Users/Thepr/Blindsight-Claritone-Senior-Design/Object Detection/STM32N6/Middlewares/stm32-vision-models-postprocessing/lib_vision_models_pp/Src/od_pp_blazeface.c:307:9:fd_pp_getNNBoxes_centroid	32	static
C:/Users/Thepr/Blindsight-Claritone-Senior-Design/Object Detection/STM32N6/Middlewares/stm32-vision-models-postprocessing/lib_vision_models_pp/Src/od_pp_blazeface.c:349:9:fd_pp_getNNBoxes_centroid_iu8	40	static
C:/Users/Thepr/Blindsight-Claritone-Senior-Design/Object Detection/STM32N6/Middlewares/stm32-vision-models-postprocessing/lib_vision_models_pp/Src/od_pp_blazeface.c:455:9:od_blazeface_pp_reset	0	static
C:/Users/Thepr/Blindsight-Claritone-Senior-Design/Object Detection/STM32N6/Middlewares/stm32-vision-models-postprocessing/lib_vision_models_pp/Src/od_pp_blazeface.c:464:9:od_blazeface_pp_process	16	static
C:/Users/Thepr/Blindsight-Claritone-Senior-Design/Object Detection/STM32N6/Middlewares/stm32-vision-models-postprocessing/lib_vision_models_pp/Src/od_pp_blazeface.c:490:9:od_blazeface_pp_process_uint8	16	static
C:/Users/Thepr/Blindsight-Claritone-Senior-Design/Object Detection/STM32N6/Middlewares/stm32-vision-models-postprocessing/lib_vision_models_pp/Src/od_pp_blazeface.c:516:9:od_blazeface_pp_process_int8	40	static
