C:/Users/Thepr/Blindsight-Claritone-Senior-Design/Object Detection/STM32N6/Middlewares/stm32-mw-camera/cmw_camera.c:146:13:CMW_CAMERA_DebugLog	0	static
C:/Users/Thepr/Blindsight-Claritone-Senior-Design/Object Detection/STM32N6/Middlewares/stm32-mw-camera/cmw_camera.c:151:13:CMW_CAMERA_DebugLogRet	0	static
C:/Users/Thepr/Blindsight-Claritone-Senior-Design/Object Detection/STM32N6/Middlewares/stm32-mw-camera/cmw_camera.c:1092:13:CMW_CAMERA_EnablePin	0	static
C:/Users/Thepr/Blindsight-Claritone-Senior-Design/Object Detection/STM32N6/Middlewares/stm32-mw-camera/cmw_camera.c:1087:13:CMW_CAMERA_ShutdownPin	0	static
C:/Users/Thepr/Blindsight-Claritone-Senior-Design/Object Detection/STM32N6/Middlewares/stm32-mw-camera/cmw_camera.c:1021:13:CMW_CAMERA_EnableGPIOs	48	static
C:/Users/Thepr/Blindsight-Claritone-Senior-Design/Object Detection/STM32N6/Middlewares/stm32-mw-camera/cmw_camera.c:1146:16:CMW_CAMERA_VD55G1_Init	48	static
C:/Users/Thepr/Blindsight-Claritone-Senior-Design/Object Detection/STM32N6/Middlewares/stm32-mw-camera/cmw_camera.c:161:23:CMW_CAMERA_GetDCMIPPHandle	0	static
C:/Users/Thepr/Blindsight-Claritone-Senior-Design/Object Detection/STM32N6/Middlewares/stm32-mw-camera/cmw_camera.c:166:9:CMW_CAMERA_SetPipeConfig	136	static
C:/Users/Thepr/Blindsight-Claritone-Senior-Design/Object Detection/STM32N6/Middlewares/stm32-mw-camera/cmw_camera.c:226:9:CMW_CAMERA_SetWBRefMode	8	static
C:/Users/Thepr/Blindsight-Claritone-Senior-Design/Object Detection/STM32N6/Middlewares/stm32-mw-camera/cmw_camera.c:246:9:CMW_CAMERA_ListWBRefModes	8	static
C:/Users/Thepr/Blindsight-Claritone-Senior-Design/Object Detection/STM32N6/Middlewares/stm32-mw-camera/cmw_camera.c:450:9:CMW_CAMERA_SetMirrorFlip	8	static
C:/Users/Thepr/Blindsight-Claritone-Senior-Design/Object Detection/STM32N6/Middlewares/stm32-mw-camera/cmw_camera.c:476:9:CMW_CAMERA_GetMirrorFlip	0	static
C:/Users/Thepr/Blindsight-Claritone-Senior-Design/Object Detection/STM32N6/Middlewares/stm32-mw-camera/cmw_camera.c:489:9:CMW_CAMERA_Start	16	static
C:/Users/Thepr/Blindsight-Claritone-Senior-Design/Object Detection/STM32N6/Middlewares/stm32-mw-camera/cmw_camera.c:527:9:CMW_CAMERA_DoubleBufferStart	16	static
C:/Users/Thepr/Blindsight-Claritone-Senior-Design/Object Detection/STM32N6/Middlewares/stm32-mw-camera/cmw_camera.c:566:26:MX_DCMIPP_ClockConfig	0	static
C:/Users/Thepr/Blindsight-Claritone-Senior-Design/Object Detection/STM32N6/Middlewares/stm32-mw-camera/cmw_camera.c:176:9:CMW_CAMERA_GetSensorName	40	static
C:/Users/Thepr/Blindsight-Claritone-Senior-Design/Object Detection/STM32N6/Middlewares/stm32-mw-camera/cmw_camera.c:577:9:CMW_CAMERA_DeInit	48	static
C:/Users/Thepr/Blindsight-Claritone-Senior-Design/Object Detection/STM32N6/Middlewares/stm32-mw-camera/cmw_camera.c:634:9:CMW_CAMERA_Suspend	8	static
C:/Users/Thepr/Blindsight-Claritone-Senior-Design/Object Detection/STM32N6/Middlewares/stm32-mw-camera/cmw_camera.c:659:9:CMW_CAMERA_Resume	8	static
C:/Users/Thepr/Blindsight-Claritone-Senior-Design/Object Detection/STM32N6/Middlewares/stm32-mw-camera/cmw_camera.c:686:9:CMW_CAMERA_EnableRestartState	8	static
C:/Users/Thepr/Blindsight-Claritone-Senior-Design/Object Detection/STM32N6/Middlewares/stm32-mw-camera/cmw_camera.c:701:9:CMW_CAMERA_DisableRestartState	8	static
C:/Users/Thepr/Blindsight-Claritone-Senior-Design/Object Detection/STM32N6/Middlewares/stm32-mw-camera/cmw_camera.c:717:5:CMW_CAMERA_SetGain	8	static
C:/Users/Thepr/Blindsight-Claritone-Senior-Design/Object Detection/STM32N6/Middlewares/stm32-mw-camera/cmw_camera.c:740:5:CMW_CAMERA_GetGain	0	static
C:/Users/Thepr/Blindsight-Claritone-Senior-Design/Object Detection/STM32N6/Middlewares/stm32-mw-camera/cmw_camera.c:751:5:CMW_CAMERA_SetExposure	8	static
C:/Users/Thepr/Blindsight-Claritone-Senior-Design/Object Detection/STM32N6/Middlewares/stm32-mw-camera/cmw_camera.c:775:5:CMW_CAMERA_GetExposure	0	static
C:/Users/Thepr/Blindsight-Claritone-Senior-Design/Object Detection/STM32N6/Middlewares/stm32-mw-camera/cmw_camera.c:786:9:CMW_CAMERA_SetExposureMode	8	static
C:/Users/Thepr/Blindsight-Claritone-Senior-Design/Object Detection/STM32N6/Middlewares/stm32-mw-camera/cmw_camera.c:810:9:CMW_CAMERA_GetExposureMode	0	static
C:/Users/Thepr/Blindsight-Claritone-Senior-Design/Object Detection/STM32N6/Middlewares/stm32-mw-camera/cmw_camera.c:821:9:CMW_CAMERA_SetTestPattern	8	static
C:/Users/Thepr/Blindsight-Claritone-Senior-Design/Object Detection/STM32N6/Middlewares/stm32-mw-camera/cmw_camera.c:845:9:CMW_CAMERA_GetTestPattern	0	static
C:/Users/Thepr/Blindsight-Claritone-Senior-Design/Object Detection/STM32N6/Middlewares/stm32-mw-camera/cmw_camera.c:858:9:CMW_CAMERA_GetSensorInfo	8	static
C:/Users/Thepr/Blindsight-Claritone-Senior-Design/Object Detection/STM32N6/Middlewares/stm32-mw-camera/cmw_camera.c:350:9:CMW_CAMERA_Init	104	static
C:/Users/Thepr/Blindsight-Claritone-Senior-Design/Object Detection/STM32N6/Middlewares/stm32-mw-camera/cmw_camera.c:879:9:CMW_CAMERA_Run	0	static
C:/Users/Thepr/Blindsight-Claritone-Senior-Design/Object Detection/STM32N6/Middlewares/stm32-mw-camera/cmw_camera.c:893:12:CMW_CAMERA_PIPE_VsyncEventCallback	0	static
C:/Users/Thepr/Blindsight-Claritone-Senior-Design/Object Detection/STM32N6/Middlewares/stm32-mw-camera/cmw_camera.c:905:12:CMW_CAMERA_PIPE_FrameEventCallback	0	static
C:/Users/Thepr/Blindsight-Claritone-Senior-Design/Object Detection/STM32N6/Middlewares/stm32-mw-camera/cmw_camera.c:917:13:CMW_CAMERA_PIPE_ErrorCallback	8	static
C:/Users/Thepr/Blindsight-Claritone-Senior-Design/Object Detection/STM32N6/Middlewares/stm32-mw-camera/cmw_camera.c:928:6:HAL_DCMIPP_PIPE_VsyncEventCallback	8	static
C:/Users/Thepr/Blindsight-Claritone-Senior-Design/Object Detection/STM32N6/Middlewares/stm32-mw-camera/cmw_camera.c:944:6:HAL_DCMIPP_PIPE_FrameEventCallback	8	static
C:/Users/Thepr/Blindsight-Claritone-Senior-Design/Object Detection/STM32N6/Middlewares/stm32-mw-camera/cmw_camera.c:959:6:HAL_DCMIPP_MspInit	32	static
C:/Users/Thepr/Blindsight-Claritone-Senior-Design/Object Detection/STM32N6/Middlewares/stm32-mw-camera/cmw_camera.c:994:6:HAL_DCMIPP_MspDeInit	16	static
C:/Users/Thepr/Blindsight-Claritone-Senior-Design/Object Detection/STM32N6/Middlewares/stm32-mw-camera/cmw_camera.c:2247:9:CMW_CAMERA_SetDefaultSensorValues	8	static
C:/Users/Thepr/Blindsight-Claritone-Senior-Design/Object Detection/STM32N6/Middlewares/stm32-mw-camera/cmw_camera.c:2304:6:HAL_DCMIPP_PIPE_ErrorCallback	8	static
