../../Drivers/STM32N6xx_HAL_Driver/Inc/stm32n6xx_ll_bus.h:1165:22:LL_AHB3_GRP1_EnableClock	24	static
../../Drivers/STM32N6xx_HAL_Driver/Inc/stm32n6xx_ll_bus.h:1407:22:LL_AHB4_GRP1_EnableClock	24	static
../Core/Src/main.c:63:13:i2c_bb_timing_diagnostic	232	static
../Core/Src/main.c:167:5:main	16	static
../Core/Src/main.c:232:15:SystemIsolation_Config	16	static
../Core/Src/main.c:274:13:MX_UART4_Init	8	static
../Core/Src/main.c:322:13:MX_GPIO_Init	32	static
../Core/Src/main.c:378:6:Error_Handler	4	static,ignoring_inline_asm
