../../../../../../../Drivers/STM32N6xx_HAL_Driver/Inc/stm32n6xx_ll_bus.h:1407:22:LL_AHB4_GRP1_EnableClock	24	static
C:/Users/zebes/Blindsight_Projects/STM32Cube_FW_N6_V1.3.0/Projects/NUCLEO-N657X0-Q/Templates/Template_FSBL_XIP/FSBL/Src/main.c:71:5:main	24	static,ignoring_inline_asm
C:/Users/zebes/Blindsight_Projects/STM32Cube_FW_N6_V1.3.0/Projects/NUCLEO-N657X0-Q/Templates/Template_FSBL_XIP/FSBL/Src/main.c:162:6:SystemClock_Config	224	static
C:/Users/zebes/Blindsight_Projects/STM32Cube_FW_N6_V1.3.0/Projects/NUCLEO-N657X0-Q/Templates/Template_FSBL_XIP/FSBL/Src/main.c:264:13:MX_XSPI2_Init	24	static
C:/Users/zebes/Blindsight_Projects/STM32Cube_FW_N6_V1.3.0/Projects/NUCLEO-N657X0-Q/Templates/Template_FSBL_XIP/FSBL/Src/main.c:315:13:MX_GPIO_Init	8	static
C:/Users/zebes/Blindsight_Projects/STM32Cube_FW_N6_V1.3.0/Projects/NUCLEO-N657X0-Q/Templates/Template_FSBL_XIP/FSBL/Src/main.c:403:6:Error_Handler	4	static,ignoring_inline_asm
